Component: ARM Compiler 5.06 update 7 (build 960) Tool: armlink [4d3601]

==============================================================================

Section Cross References

    startup_stm32f411xe.o(STACK) refers (Special) to heapauxi.o(.text) for __use_two_region_memory
    startup_stm32f411xe.o(HEAP) refers (Special) to heapauxi.o(.text) for __use_two_region_memory
    startup_stm32f411xe.o(RESET) refers (Special) to heapauxi.o(.text) for __use_two_region_memory
    startup_stm32f411xe.o(RESET) refers to startup_stm32f411xe.o(STACK) for __initial_sp
    startup_stm32f411xe.o(RESET) refers to startup_stm32f411xe.o(.text) for Reset_Handler
    startup_stm32f411xe.o(RESET) refers to stm32f4xx_it.o(i.NMI_Handler) for NMI_Handler
    startup_stm32f411xe.o(RESET) refers to stm32f4xx_it.o(i.HardFault_Handler) for HardFault_Handler
    startup_stm32f411xe.o(RESET) refers to stm32f4xx_it.o(i.MemManage_Handler) for MemManage_Handler
    startup_stm32f411xe.o(RESET) refers to stm32f4xx_it.o(i.BusFault_Handler) for BusFault_Handler
    startup_stm32f411xe.o(RESET) refers to stm32f4xx_it.o(i.UsageFault_Handler) for UsageFault_Handler
    startup_stm32f411xe.o(RESET) refers to port.o(.emb_text) for SVC_Handler
    startup_stm32f411xe.o(RESET) refers to stm32f4xx_it.o(i.DebugMon_Handler) for DebugMon_Handler
    startup_stm32f411xe.o(RESET) refers to cmsis_os2.o(i.SysTick_Handler) for SysTick_Handler
    startup_stm32f411xe.o(RESET) refers to stm32f4xx_it.o(i.TIM1_BRK_TIM9_IRQHandler) for TIM1_BRK_TIM9_IRQHandler
    startup_stm32f411xe.o(RESET) refers to stm32f4xx_it.o(i.TIM1_TRG_COM_TIM11_IRQHandler) for TIM1_TRG_COM_TIM11_IRQHandler
    startup_stm32f411xe.o(RESET) refers to stm32f4xx_it.o(i.USART2_IRQHandler) for USART2_IRQHandler
    startup_stm32f411xe.o(.text) refers (Special) to heapauxi.o(.text) for __use_two_region_memory
    startup_stm32f411xe.o(.text) refers to system_stm32f4xx.o(i.SystemInit) for SystemInit
    startup_stm32f411xe.o(.text) refers to __main.o(!!!main) for __main
    startup_stm32f411xe.o(.text) refers to startup_stm32f411xe.o(HEAP) for Heap_Mem
    startup_stm32f411xe.o(.text) refers to startup_stm32f411xe.o(STACK) for Stack_Mem
    key.o(i.Key_Init) refers to key.o(.bss) for .bss
    key.o(i.Key_normalscan) refers to stm32f4xx_hal_gpio.o(i.HAL_GPIO_ReadPin) for HAL_GPIO_ReadPin
    key.o(i.Key_normalscan) refers to key.o(.bss) for .bss
    key.o(i.Key_pressscan) refers to stm32f4xx_hal_gpio.o(i.HAL_GPIO_ReadPin) for HAL_GPIO_ReadPin
    key.o(i.Key_pressscan) refers to key.o(.bss) for .bss
    key.o(i.Key_specialscan) refers to stm32f4xx_hal_gpio.o(i.HAL_GPIO_ReadPin) for HAL_GPIO_ReadPin
    key.o(i.Key_specialscan) refers to key.o(.bss) for .bss
    main.o(i.Delay_break) refers to cmsis_os2.o(i.osDelay) for osDelay
    main.o(i.Delay_break) refers to main.o(.data) for .data
    main.o(i.HAL_TIM_PeriodElapsedCallback) refers to stm32f4xx_hal.o(i.HAL_IncTick) for HAL_IncTick
    main.o(i.HAL_TIM_PeriodElapsedCallback) refers to stm32f4xx_hal_tim.o(i.HAL_TIM_Base_Stop_IT) for HAL_TIM_Base_Stop_IT
    main.o(i.HAL_TIM_PeriodElapsedCallback) refers to cmsis_os2.o(i.osSemaphoreRelease) for osSemaphoreRelease
    main.o(i.HAL_TIM_PeriodElapsedCallback) refers to main.o(.data) for .data
    main.o(i.HAL_TIM_PeriodElapsedCallback) refers to tim.o(.bss) for htim9
    main.o(i.HAL_TIM_PeriodElapsedCallback) refers to freertos.o(.data) for UsartHandle
    main.o(i.HAL_UART_RxCpltCallback) refers to stm32f4xx_hal_tim.o(i.HAL_TIM_Base_Start_IT) for HAL_TIM_Base_Start_IT
    main.o(i.HAL_UART_RxCpltCallback) refers to stm32f4xx_hal_uart.o(i.HAL_UART_Receive_IT) for HAL_UART_Receive_IT
    main.o(i.HAL_UART_RxCpltCallback) refers to tim.o(.bss) for htim9
    main.o(i.HAL_UART_RxCpltCallback) refers to main.o(.data) for .data
    main.o(i.HAL_UART_RxCpltCallback) refers to main.o(.bss) for .bss
    main.o(i.HAL_UART_RxCpltCallback) refers to usart.o(.bss) for huart2
    main.o(i.KeyScanTask) refers to _printf_percent.o(.ARM.Collect$$_printf_percent$$00000000) for _printf_percent
    main.o(i.KeyScanTask) refers to _printf_d.o(.ARM.Collect$$_printf_percent$$00000009) for _printf_d
    main.o(i.KeyScanTask) refers to _printf_dec.o(.text) for _printf_int_dec
    main.o(i.KeyScanTask) refers to cmsis_os2.o(i.osDelay) for osDelay
    main.o(i.KeyScanTask) refers to key.o(i.Key_pressscan) for Key_pressscan
    main.o(i.KeyScanTask) refers to stm32f4xx_hal_gpio.o(i.HAL_GPIO_WritePin) for HAL_GPIO_WritePin
    main.o(i.KeyScanTask) refers to noretval__2printf.o(.text) for __2printf
    main.o(i.KeyScanTask) refers to main.o(.data) for .data
    main.o(i.Morse_to_str) refers to main.o(i.Judge) for Judge
    main.o(i.Morse_to_str) refers to rt_memclr.o(.text) for __aeabi_memclr
    main.o(i.SignalTask) refers to cmsis_os2.o(i.osSemaphoreAcquire) for osSemaphoreAcquire
    main.o(i.SignalTask) refers to stm32f4xx_hal_gpio.o(i.HAL_GPIO_WritePin) for HAL_GPIO_WritePin
[...]
    prvCopyDataToQueue                       0x08002bd7   Thumb Code   108  queue.o(i.prvCopyDataToQueue)
    i.prvDeleteTCB                           0x08002c42   Section        0  tasks.o(i.prvDeleteTCB)
    prvDeleteTCB                             0x08002c43   Thumb Code    52  tasks.o(i.prvDeleteTCB)
    i.prvHeapInit                            0x08002c78   Section        0  heap_4.o(i.prvHeapInit)
    prvHeapInit                              0x08002c79   Thumb Code    66  heap_4.o(i.prvHeapInit)
    i.prvIdleTask                            0x08002cc4   Section        0  tasks.o(i.prvIdleTask)
    prvIdleTask                              0x08002cc5   Thumb Code    82  tasks.o(i.prvIdleTask)
    i.prvInitialiseNewQueue                  0x08002d24   Section        0  queue.o(i.prvInitialiseNewQueue)
    prvInitialiseNewQueue                    0x08002d25   Thumb Code    34  queue.o(i.prvInitialiseNewQueue)
    i.prvInitialiseNewTask                   0x08002d48   Section        0  tasks.o(i.prvInitialiseNewTask)
    prvInitialiseNewTask                     0x08002d49   Thumb Code   176  tasks.o(i.prvInitialiseNewTask)
    i.prvInsertBlockIntoFreeList             0x08002df8   Section        0  heap_4.o(i.prvInsertBlockIntoFreeList)
    prvInsertBlockIntoFreeList               0x08002df9   Thumb Code    72  heap_4.o(i.prvInsertBlockIntoFreeList)
    i.prvInsertTimerInActiveList             0x08002e44   Section        0  timers.o(i.prvInsertTimerInActiveList)
    prvInsertTimerInActiveList               0x08002e45   Thumb Code    52  timers.o(i.prvInsertTimerInActiveList)
    i.prvIsQueueEmpty                        0x08002e7c   Section        0  queue.o(i.prvIsQueueEmpty)
    prvIsQueueEmpty                          0x08002e7d   Thumb Code    28  queue.o(i.prvIsQueueEmpty)
    i.prvProcessReceivedCommands             0x08002e98   Section        0  timers.o(i.prvProcessReceivedCommands)
    prvProcessReceivedCommands               0x08002e99   Thumb Code   248  timers.o(i.prvProcessReceivedCommands)
    i.prvProcessTimerOrBlockTask             0x08002f94   Section        0  timers.o(i.prvProcessTimerOrBlockTask)
    prvProcessTimerOrBlockTask               0x08002f95   Thumb Code   182  timers.o(i.prvProcessTimerOrBlockTask)
    i.prvResetNextTaskUnblockTime            0x08003054   Section        0  tasks.o(i.prvResetNextTaskUnblockTime)
    prvResetNextTaskUnblockTime              0x08003055   Thumb Code    26  tasks.o(i.prvResetNextTaskUnblockTime)
    i.prvSampleTimeNow                       0x08003074   Section        0  timers.o(i.prvSampleTimeNow)
    prvSampleTimeNow                         0x08003075   Thumb Code    36  timers.o(i.prvSampleTimeNow)
    i.prvSwitchTimerLists                    0x0800309c   Section        0  timers.o(i.prvSwitchTimerLists)
    prvSwitchTimerLists                      0x0800309d   Thumb Code   104  timers.o(i.prvSwitchTimerLists)
    i.prvTaskExitError                       0x08003108   Section        0  port.o(i.prvTaskExitError)
    prvTaskExitError                         0x08003109   Thumb Code    36  port.o(i.prvTaskExitError)
    i.prvTimerTask                           0x08003130   Section        0  timers.o(i.prvTimerTask)
    prvTimerTask                             0x08003131   Thumb Code    32  timers.o(i.prvTimerTask)
    i.prvUnlockQueue                         0x08003154   Section        0  queue.o(i.prvUnlockQueue)
    prvUnlockQueue                           0x08003155   Thumb Code   106  queue.o(i.prvUnlockQueue)
    i.pvPortMalloc                           0x080031c0   Section        0  heap_4.o(i.pvPortMalloc)
    i.pvTaskIncrementMutexHeldCount          0x0800329c   Section        0  tasks.o(i.pvTaskIncrementMutexHeldCount)
    i.pxPortInitialiseStack                  0x080032b4   Section        0  port.o(i.pxPortInitialiseStack)
    i.uxListRemove                           0x080032e0   Section        0  list.o(i.uxListRemove)
    i.vApplicationGetIdleTaskMemory          0x08003308   Section        0  cmsis_os2.o(i.vApplicationGetIdleTaskMemory)
    i.vApplicationGetTimerTaskMemory         0x0800331c   Section        0  cmsis_os2.o(i.vApplicationGetTimerTaskMemory)
    i.vListInitialise                        0x08003334   Section        0  list.o(i.vListInitialise)
    i.vListInitialiseItem                    0x0800334a   Section        0  list.o(i.vListInitialiseItem)
    i.vListInsert                            0x08003350   Section        0  list.o(i.vListInsert)
    i.vListInsertEnd                         0x08003380   Section        0  list.o(i.vListInsertEnd)
    i.vPortEnterCritical                     0x08003398   Section        0  port.o(i.vPortEnterCritical)
    i.vPortExitCritical                      0x080033d8   Section        0  port.o(i.vPortExitCritical)
    i.vPortFree                              0x08003400   Section        0  heap_4.o(i.vPortFree)
    i.vPortSetupTimerInterrupt               0x08003464   Section        0  port.o(i.vPortSetupTimerInterrupt)
    i.vPortValidateInterruptPriority         0x08003488   Section        0  port.o(i.vPortValidateInterruptPriority)
    i.vQueueAddToRegistry                    0x080034dc   Section        0  queue.o(i.vQueueAddToRegistry)
    i.vQueueDelete                           0x08003504   Section        0  queue.o(i.vQueueDelete)
    i.vQueueUnregisterQueue                  0x08003534   Section        0  queue.o(i.vQueueUnregisterQueue)
    i.vQueueWaitForMessageRestricted         0x0800355c   Section        0  queue.o(i.vQueueWaitForMessageRestricted)
    i.vTaskDelay                             0x080035a0   Section        0  tasks.o(i.vTaskDelay)
    i.vTaskInternalSetTimeOutState           0x080035ec   Section        0  tasks.o(i.vTaskInternalSetTimeOutState)
    i.vTaskMissedYield                       0x080035fc   Section        0  tasks.o(i.vTaskMissedYield)
    i.vTaskPlaceOnEventList                  0x08003608   Section        0  tasks.o(i.vTaskPlaceOnEventList)
    i.vTaskPlaceOnEventListRestricted        0x08003638   Section        0  tasks.o(i.vTaskPlaceOnEventListRestricted)
    i.vTaskPriorityDisinheritAfterTimeout    0x08003670   Section        0  tasks.o(i.vTaskPriorityDisinheritAfterTimeout)
    i.vTaskStartScheduler                    0x08003700   Section        0  tasks.o(i.vTaskStartScheduler)
    i.vTaskSuspendAll                        0x08003788   Section        0  tasks.o(i.vTaskSuspendAll)
    i.vTaskSwitchContext                     0x08003798   Section        0  tasks.o(i.vTaskSwitchContext)
    i.xPortStartScheduler                    0x080037fc   Section        0  port.o(i.xPortStartScheduler)
    i.xPortSysTickHandler                    0x080038f0   Section        0  port.o(i.xPortSysTickHandler)
    i.xQueueCreateCountingSemaphore          0x0800391c   Section        0  queue.o(i.xQueueCreateCountingSemaphore)
    i.xQueueCreateCountingSemaphoreStatic    0x08003956   Section        0  queue.o(i.xQueueCreateCountingSemaphoreStatic)
    i.xQueueGenericCreate                    0x08003996   Section        0  queue.o(i.xQueueGenericCreate)
    i.xQueueGenericCreateStatic              0x080039d8   Section        0  queue.o(i.xQueueGenericCreateStatic)
    i.xQueueGenericReset                     0x08003a40   Section        0  queue.o(i.xQueueGenericReset)
    i.xQueueGenericSend                      0x08003ac8   Section        0  queue.o(i.xQueueGenericSend)
    i.xQueueGenericSendFromISR               0x08003c28   Section        0  queue.o(i.xQueueGenericSendFromISR)
    i.xQueueGiveFromISR                      0x08003ce6   Section        0  queue.o(i.xQueueGiveFromISR)
    i.xQueueReceive                          0x08003d84   Section        0  queue.o(i.xQueueReceive)
    i.xQueueReceiveFromISR                   0x08003ebc   Section        0  queue.o(i.xQueueReceiveFromISR)
    i.xQueueSemaphoreTake                    0x08003f58   Section        0  queue.o(i.xQueueSemaphoreTake)
    i.xTaskCheckForTimeOut                   0x080040d0   Section        0  tasks.o(i.xTaskCheckForTimeOut)
    i.xTaskCreate                            0x08004144   Section        0  tasks.o(i.xTaskCreate)
    i.xTaskCreateStatic                      0x0800419e   Section        0  tasks.o(i.xTaskCreateStatic)
    i.xTaskGetSchedulerState                 0x080041f4   Section        0  tasks.o(i.xTaskGetSchedulerState)
    i.xTaskGetTickCount                      0x08004210   Section        0  tasks.o(i.xTaskGetTickCount)
    i.xTaskIncrementTick                     0x0800421c   Section        0  tasks.o(i.xTaskIncrementTick)
    i.xTaskPriorityDisinherit                0x080042e4   Section        0  tasks.o(i.xTaskPriorityDisinherit)
    i.xTaskPriorityInherit                   0x08004364   Section        0  tasks.o(i.xTaskPriorityInherit)
    i.xTaskRemoveFromEventList               0x080043dc   Section        0  tasks.o(i.xTaskRemoveFromEventList)
    i.xTaskResumeAll                         0x0800444c   Section        0  tasks.o(i.xTaskResumeAll)
    i.xTimerCreateTimerTask                  0x08004510   Section        0  timers.o(i.xTimerCreateTimerTask)
    i.xTimerGenericCommand                   0x08004570   Section        0  timers.o(i.xTimerGenericCommand)
    x$fpl$fpinit                             0x080045d8   Section       10  fpinit.o(x$fpl$fpinit)
    $v0                                      0x080045d8   Number         0  fpinit.o(x$fpl$fpinit)
    .constdata                               0x080045e4   Section      108  main.o(.constdata)
    .constdata                               0x08004650   Section      104  freertos.o(.constdata)
    .constdata                               0x080046b8   Section       16  system_stm32f4xx.o(.constdata)
    .constdata                               0x080046c8   Section        8  system_stm32f4xx.o(.constdata)
    .conststring                             0x080046d0   Section       39  main.o(.conststring)
    .conststring                             0x080046f8   Section       42  freertos.o(.conststring)
    .data                                    0x20000000   Section       32  main.o(.data)
    .data                                    0x20000020   Section       16  freertos.o(.data)
    .data                                    0x20000030   Section        4  usart.o(.data)
    .data                                    0x20000034   Section       12  stm32f4xx_hal.o(.data)
    .data                                    0x20000040   Section        4  system_stm32f4xx.o(.data)
    .data                                    0x20000044   Section       60  tasks.o(.data)
    uxDeletedTasksWaitingCleanUp             0x20000048   Data           4  tasks.o(.data)
    uxCurrentNumberOfTasks                   0x2000004c   Data           4  tasks.o(.data)
    xTickCount                               0x20000050   Data           4  tasks.o(.data)
    uxTopReadyPriority                       0x20000054   Data           4  tasks.o(.data)
    xSchedulerRunning                        0x20000058   Data           4  tasks.o(.data)
    xPendedTicks                             0x2000005c   Data           4  tasks.o(.data)
    xYieldPending                            0x20000060   Data           4  tasks.o(.data)
    xNumOfOverflows                          0x20000064   Data           4  tasks.o(.data)
    uxTaskNumber                             0x20000068   Data           4  tasks.o(.data)
    xNextTaskUnblockTime                     0x2000006c   Data           4  tasks.o(.data)
    xIdleTaskHandle                          0x20000070   Data           4  tasks.o(.data)
    uxSchedulerSuspended                     0x20000074   Data           4  tasks.o(.data)
    pxDelayedTaskList                        0x20000078   Data           4  tasks.o(.data)
    pxOverflowDelayedTaskList                0x2000007c   Data           4  tasks.o(.data)
    .data                                    0x20000080   Section       20  timers.o(.data)
    xTimerQueue                              0x20000080   Data           4  timers.o(.data)
    xTimerTaskHandle                         0x20000084   Data           4  timers.o(.data)
    xLastTime                                0x20000088   Data           4  timers.o(.data)
    pxCurrentTimerList                       0x2000008c   Data           4  timers.o(.data)
    pxOverflowTimerList                      0x20000090   Data           4  timers.o(.data)
    .data                                    0x20000094   Section        4  cmsis_os2.o(.data)
    KernelState                              0x20000094   Data           4  cmsis_os2.o(.data)
    .data                                    0x20000098   Section       32  heap_4.o(.data)
    pxEnd                                    0x20000098   Data           4  heap_4.o(.data)
    xFreeBytesRemaining                      0x2000009c   Data           4  heap_4.o(.data)
    xMinimumEverFreeBytesRemaining           0x200000a0   Data           4  heap_4.o(.data)
    xNumberOfSuccessfulAllocations           0x200000a4   Data           4  heap_4.o(.data)
    xNumberOfSuccessfulFrees                 0x200000a8   Data           4  heap_4.o(.data)
    xBlockAllocatedBit                       0x200000ac   Data           4  heap_4.o(.data)
    xStart                                   0x200000b0   Data           8  heap_4.o(.data)
    .data                                    0x200000b8   Section       12  port.o(.data)
    ucMaxSysCallPriority                     0x200000b8   Data           1  port.o(.data)
    uxCriticalNesting                        0x200000bc   Data           4  port.o(.data)
    ulMaxPRIGROUPValue                       0x200000c0   Data           4  port.o(.data)
    .bss                                     0x200000c4   Section      128  key.o(.bss)
    Keys                                     0x200000c4   Data         128  key.o(.bss)
    .bss                                     0x20000144   Section     2298  main.o(.bss)
    .bss                                     0x20000a40   Section       72  tim.o(.bss)
    .bss                                     0x20000a88   Section       72  usart.o(.bss)
    .bss                                     0x20000ad0   Section       72  stm32f4xx_hal_timebase_tim.o(.bss)
    .bss                                     0x20000b18   Section       64  queue.o(.bss)
    .bss                                     0x20000b58   Section     1220  tasks.o(.bss)
    pxReadyTasksLists                        0x20000b58   Data        1120  tasks.o(.bss)
    xDelayedTaskList1                        0x20000fb8   Data          20  tasks.o(.bss)
    xDelayedTaskList2                        0x20000fcc   Data          20  tasks.o(.bss)
    xPendingReadyList                        0x20000fe0   Data          20  tasks.o(.bss)
    xTasksWaitingTermination                 0x20000ff4   Data          20  tasks.o(.bss)
    xSuspendedTaskList                       0x20001008   Data          20  tasks.o(.bss)
    .bss                                     0x2000101c   Section      280  timers.o(.bss)
    xStaticTimerQueue                        0x2000101c   Data          80  timers.o(.bss)
    ucStaticTimerQueueStorage                0x2000106c   Data         160  timers.o(.bss)
    xActiveTimerList1                        0x2000110c   Data          20  timers.o(.bss)
    xActiveTimerList2                        0x20001120   Data          20  timers.o(.bss)
    .bss                                     0x20001134   Section     1720  cmsis_os2.o(.bss)
    Idle_TCB                                 0x20001134   Data          92  cmsis_os2.o(.bss)
    Idle_Stack                               0x20001190   Data         512  cmsis_os2.o(.bss)
    Timer_TCB                                0x20001390   Data          92  cmsis_os2.o(.bss)
    Timer_Stack                              0x200013ec   Data        1024  cmsis_os2.o(.bss)
    .bss                                     0x200017ec   Section    15360  heap_4.o(.bss)
    ucHeap                                   0x200017ec   Data       15360  heap_4.o(.bss)
    .bss                                     0x200053ec   Section       96  libspace.o(.bss)
    HEAP                                     0x20005450   Section      512  startup_stm32f411xe.o(HEAP)
    Heap_Mem                                 0x20005450   Data         512  startup_stm32f411xe.o(HEAP)
    STACK                                    0x20005650   Section     1024  startup_stm32f411xe.o(STACK)
    Stack_Mem                                0x20005650   Data        1024  startup_stm32f411xe.o(STACK)
    __initial_sp                             0x20005a50   Data           0  startup_stm32f411xe.o(STACK)

    Global Symbols

    Symbol Name                              Value     Ov Type        Size  Object(Section)

    BuildAttributes$$THM_ISAv4$E$P$D$K$B$S$7EM$VFPi3$EXTD16$VFPS$VFMA$PE$A:L22UL41UL21$X:L11$S22US41US21$IEEE1$IW$USESV6$~STKCKD$USESV7$~SHL$OSPACE$ROPI$EBA8$UX$STANDARDLIB$REQ8$PRES8$EABIv2 0x00000000   Number         0  anon$$obj.o ABSOLUTE
    __ARM_use_no_argv                        0x00000000   Number         0  main.o ABSOLUTE
    __ARM_exceptions_init                     - Undefined Weak Reference
    __alloca_initialize                       - Undefined Weak Reference
    __arm_fini_                               - Undefined Weak Reference
    __arm_preinit_                            - Undefined Weak Reference
    __cpp_initialize__aeabi_                  - Undefined Weak Reference
    __cxa_finalize                            - Undefined Weak Reference
    __rt_locale                               - Undefined Weak Reference
    __sigvec_lookup                           - Undefined Weak Reference
    _atexit_init                              - Undefined Weak Reference
    _call_atexit_fns                          - Undefined Weak Reference
    _clock_init                               - Undefined Weak Reference
    _fp_trap_init                             - Undefined Weak Reference
    _fp_trap_shutdown                         - Undefined Weak Reference
    _get_lc_collate                           - Undefined Weak Reference
    _get_lc_ctype                             - Undefined Weak Reference
    _get_lc_monetary                          - Undefined Weak Reference
    _get_lc_numeric                           - Undefined Weak Reference
    _get_lc_time                              - Undefined Weak Reference
    _getenv_init                              - Undefined Weak Reference
    _handle_redirection                       - Undefined Weak Reference
    _init_alloc                               - Undefined Weak Reference
    _init_user_alloc                          - Undefined Weak Reference
    _initio                                   - Undefined Weak Reference
    _mutex_acquire                            - Undefined Weak Reference
    _mutex_release                            - Undefined Weak Reference
    _printf_mbtowc                            - Undefined Weak Reference
    _printf_post_padding                      - Undefined Weak Reference
    _printf_pre_padding                       - Undefined Weak Reference
    _printf_truncate_signed                   - Undefined Weak Reference
    _printf_truncate_unsigned                 - Undefined Weak Reference
    _rand_init                                - Undefined Weak Reference
    _signal_finish                            - Undefined Weak Reference
    _signal_init                              - Undefined Weak Reference
    _terminate_alloc                          - Undefined Weak Reference
    _terminate_user_alloc                     - Undefined Weak Reference
    _terminateio                              - Undefined Weak Reference
    __Vectors_Size                           0x00000198   Number         0  startup_stm32f411xe.o ABSOLUTE
    __Vectors                                0x08000000   Data           4  startup_stm32f411xe.o(RESET)
    __Vectors_End                            0x08000198   Data           0  startup_stm32f411xe.o(RESET)
    __main                                   0x08000199   Thumb Code     8  __main.o(!!!main)
    __scatterload                            0x080001a1   Thumb Code     0  __scatter.o(!!!scatter)
    __scatterload_rt2                        0x080001a1   Thumb Code    44  __scatter.o(!!!scatter)
    __scatterload_rt2_thumb_only             0x080001a1   Thumb Code     0  __scatter.o(!!!scatter)
    __scatterload_null                       0x080001af   Thumb Code     0  __scatter.o(!!!scatter)
    __scatterload_copy                       0x080001d5   Thumb Code    26  __scatter_copy.o(!!handler_copy)
    __scatterload_zeroinit                   0x080001f1   Thumb Code    28  __scatter_zi.o(!!handler_zi)
    _printf_d                                0x0800020d   Thumb Code     0  _printf_d.o(.ARM.Collect$$_printf_percent$$00000009)
    _printf_percent                          0x0800020d   Thumb Code     0  _printf_percent.o(.ARM.Collect$$_printf_percent$$00000000)
    _printf_c                                0x08000213   Thumb Code     0  _printf_c.o(.ARM.Collect$$_printf_percent$$00000013)
    _printf_s                                0x08000219   Thumb Code     0  _printf_s.o(.ARM.Collect$$_printf_percent$$00000014)
    _printf_percent_end                      0x0800021f   Thumb Code     0  _printf_percent_end.o(.ARM.Collect$$_printf_percent$$00000017)
    __rt_lib_init                            0x08000223   Thumb Code     0  libinit.o(.ARM.Collect$$libinit$$00000000)
    __rt_lib_init_fp_1                       0x08000225   Thumb Code     0  libinit2.o(.ARM.Collect$$libinit$$00000001)
    __rt_lib_init_alloca_1                   0x08000229   Thumb Code     0  libinit2.o(.ARM.Collect$$libinit$$0000002E)
    __rt_lib_init_argv_1                     0x08000229   Thumb Code     0  libinit2.o(.ARM.Collect$$libinit$$0000002C)
    __rt_lib_init_atexit_1                   0x08000229   Thumb Code     0  libinit2.o(.ARM.Collect$$libinit$$0000001B)
    __rt_lib_init_clock_1                    0x08000229   Thumb Code     0  libinit2.o(.ARM.Collect$$libinit$$00000021)
    __rt_lib_init_cpp_1                      0x08000229   Thumb Code     0  libinit2.o(.ARM.Collect$$libinit$$00000032)
    __rt_lib_init_exceptions_1               0x08000229   Thumb Code     0  libinit2.o(.ARM.Collect$$libinit$$00000030)
    __rt_lib_init_fp_trap_1                  0x08000229   Thumb Code     0  libinit2.o(.ARM.Collect$$libinit$$0000001F)
    __rt_lib_init_getenv_1                   0x08000229   Thumb Code     0  libinit2.o(.ARM.Collect$$libinit$$00000023)
    __rt_lib_init_heap_1                     0x08000229   Thumb Code     0  libinit2.o(.ARM.Collect$$libinit$$0000000A)
    __rt_lib_init_lc_collate_1               0x08000229   Thumb Code     0  libinit2.o(.ARM.Collect$$libinit$$00000011)
    __rt_lib_init_lc_ctype_1                 0x08000229   Thumb Code     0  libinit2.o(.ARM.Collect$$libinit$$00000013)
    __rt_lib_init_lc_monetary_1              0x08000229   Thumb Code     0  libinit2.o(.ARM.Collect$$libinit$$00000015)
    __rt_lib_init_lc_numeric_1               0x08000229   Thumb Code     0  libinit2.o(.ARM.Collect$$libinit$$00000017)
    __rt_lib_init_lc_time_1                  0x08000229   Thumb Code     0  libinit2.o(.ARM.Collect$$libinit$$00000019)
    __rt_lib_init_preinit_1                  0x08000229   Thumb Code     0  libinit2.o(.ARM.Collect$$libinit$$00000004)
    __rt_lib_init_rand_1                     0x08000229   Thumb Code     0  libinit2.o(.ARM.Collect$$libinit$$0000000E)
    __rt_lib_init_return                     0x08000229   Thumb Code     0  libinit2.o(.ARM.Collect$$libinit$$00000033)
    __rt_lib_init_signal_1                   0x08000229   Thumb Code     0  libinit2.o(.ARM.Collect$$libinit$$0000001D)
    __rt_lib_init_stdio_1                    0x08000229   Thumb Code     0  libinit2.o(.ARM.Collect$$libinit$$00000025)
    __rt_lib_init_user_alloc_1               0x08000229   Thumb Code     0  libinit2.o(.ARM.Collect$$libinit$$0000000C)
    __rt_lib_shutdown                        0x0800022b   Thumb Code     0  libshutdown.o(.ARM.Collect$$libshutdown$$00000000)
    __rt_lib_shutdown_cpp_1                  0x0800022d   Thumb Code     0  libshutdown2.o(.ARM.Collect$$libshutdown$$00000004)
    __rt_lib_shutdown_fini_1                 0x0800022d   Thumb Code     0  libshutdown2.o(.ARM.Collect$$libshutdown$$00000002)
    __rt_lib_shutdown_fp_trap_1              0x0800022d   Thumb Code     0  libshutdown2.o(.ARM.Collect$$libshutdown$$00000009)
    __rt_lib_shutdown_heap_1                 0x0800022d   Thumb Code     0  libshutdown2.o(.ARM.Collect$$libshutdown$$00000011)
    __rt_lib_shutdown_return                 0x0800022d   Thumb Code     0  libshutdown2.o(.ARM.Collect$$libshutdown$$00000012)
    __rt_lib_shutdown_signal_1               0x0800022d   Thumb Code     0  libshutdown2.o(.ARM.Collect$$libshutdown$$0000000C)
    __rt_lib_shutdown_stdio_1                0x0800022d   Thumb Code     0  libshutdown2.o(.ARM.Collect$$libshutdown$$00000006)
    __rt_lib_shutdown_user_alloc_1           0x0800022d   Thumb Code     0  libshutdown2.o(.ARM.Collect$$libshutdown$$0000000E)
    __rt_entry                               0x0800022f   Thumb Code     0  __rtentry.o(.ARM.Collect$$rtentry$$00000000)
    __rt_entry_presh_1                       0x0800022f   Thumb Code     0  __rtentry2.o(.ARM.Collect$$rtentry$$00000002)
    __rt_entry_sh                            0x0800022f   Thumb Code     0  __rtentry4.o(.ARM.Collect$$rtentry$$00000004)
    __rt_entry_li                            0x08000235   Thumb Code     0  __rtentry2.o(.ARM.Collect$$rtentry$$0000000A)
    __rt_entry_postsh_1                      0x08000235   Thumb Code     0  __rtentry2.o(.ARM.Collect$$rtentry$$00000009)
    __rt_entry_main                          0x08000239   Thumb Code     0  __rtentry2.o(.ARM.Collect$$rtentry$$0000000D)
    __rt_entry_postli_1                      0x08000239   Thumb Code     0  __rtentry2.o(.ARM.Collect$$rtentry$$0000000C)
    __rt_exit                                0x08000241   Thumb Code     0  rtexit.o(.ARM.Collect$$rtexit$$00000000)
    __rt_exit_ls                             0x08000243   Thumb Code     0  rtexit2.o(.ARM.Collect$$rtexit$$00000003)
    __rt_exit_prels_1                        0x08000243   Thumb Code     0  rtexit2.o(.ARM.Collect$$rtexit$$00000002)
    __rt_exit_exit                           0x08000247   Thumb Code     0  rtexit2.o(.ARM.Collect$$rtexit$$00000004)
    SVC_Handler                              0x0800024d   Thumb Code    28  port.o(.emb_text)
    __asm___6_port_c_39a90d8d__prvStartFirstTask 0x0800026d   Thumb Code    36  port.o(.emb_text)
    __asm___6_port_c_39a90d8d__prvEnableVFP  0x08000295   Thumb Code    16  port.o(.emb_text)
    PendSV_Handler                           0x080002a9   Thumb Code    88  port.o(.emb_text)
    vPortGetIPSR                             0x08000305   Thumb Code     6  port.o(.emb_text)
    Reset_Handler                            0x0800030d   Thumb Code     8  startup_stm32f411xe.o(.text)
    ADC_IRQHandler                           0x08000327   Thumb Code     0  startup_stm32f411xe.o(.text)
    DMA1_Stream0_IRQHandler                  0x08000327   Thumb Code     0  startup_stm32f411xe.o(.text)
    DMA1_Stream1_IRQHandler                  0x08000327   Thumb Code     0  startup_stm32f411xe.o(.text)
    DMA1_Stream2_IRQHandler                  0x08000327   Thumb Code     0  startup_stm32f411xe.o(.text)
    DMA1_Stream3_IRQHandler                  0x08000327   Thumb Code     0  startup_stm32f411xe.o(.text)
    DMA1_Stream4_IRQHandler                  0x08000327   Thumb Code     0  startup_stm32f411xe.o(.text)
    DMA1_Stream5_IRQHandler                  0x08000327   Thumb Code     0  startup_stm32f411xe.o(.text)
    DMA1_Stream6_IRQHandler                  0x08000327   Thumb Code     0  startup_stm32f411xe.o(.text)
    DMA1_Stream7_IRQHandler                  0x08000327   Thumb Code     0  startup_stm32f411xe.o(.text)
    DMA2_Stream0_IRQHandler                  0x08000327   Thumb Code     0  startup_stm32f411xe.o(.text)
    DMA2_Stream1_IRQHandler                  0x08000327   Thumb Code     0  startup_stm32f411xe.o(.text)
    DMA2_Stream2_IRQHandler                  0x08000327   Thumb Code     0  startup_stm32f411xe.o(.text)
    DMA2_Stream3_IRQHandler                  0x08000327   Thumb Code     0  startup_stm32f411xe.o(.text)
    DMA2_Stream4_IRQHandler                  0x08000327   Thumb Code     0  startup_stm32f411xe.o(.text)
    DMA2_Stream5_IRQHandler                  0x08000327   Thumb Code     0  startup_stm32f411xe.o(.text)
    DMA2_Stream6_IRQHandler                  0x08000327   Thumb Code     0  startup_stm32f411xe.o(.text)
    DMA2_Stream7_IRQHandler                  0x08000327   Thumb Code     0  startup_stm32f411xe.o(.text)
    EXTI0_IRQHandler                         0x08000327   Thumb Code     0  startup_stm32f411xe.o(.text)
    EXTI15_10_IRQHandler                     0x08000327   Thumb Code     0  startup_stm32f411xe.o(.text)
    EXTI1_IRQHandler                         0x08000327   Thumb Code     0  startup_stm32f411xe.o(.text)
    EXTI2_IRQHandler                         0x08000327   Thumb Code     0  startup_stm32f411xe.o(.text)
    EXTI3_IRQHandler                         0x08000327   Thumb Code     0  startup_stm32f411xe.o(.text)
    EXTI4_IRQHandler                         0x08000327   Thumb Code     0  startup_stm32f411xe.o(.text)
    EXTI9_5_IRQHandler                       0x08000327   Thumb Code     0  startup_stm32f411xe.o(.text)
    FLASH_IRQHandler                         0x08000327   Thumb Code     0  startup_stm32f411xe.o(.text)
    FPU_IRQHandler                           0x08000327   Thumb Code     0  startup_stm32f411xe.o(.text)
    I2C1_ER_IRQHandler                       0x08000327   Thumb Code     0  startup_stm32f411xe.o(.text)
    I2C1_EV_IRQHandler                       0x08000327   Thumb Code     0  startup_stm32f411xe.o(.text)
    I2C2_ER_IRQHandler                       0x08000327   Thumb Code     0  startup_stm32f411xe.o(.text)
    I2C2_EV_IRQHandler                       0x08000327   Thumb Code     0  startup_stm32f411xe.o(.text)
    I2C3_ER_IRQHandler                       0x08000327   Thumb Code     0  startup_stm32f411xe.o(.text)
    I2C3_EV_IRQHandler                       0x08000327   Thumb Code     0  startup_stm32f411xe.o(.text)
    OTG_FS_IRQHandler                        0x08000327   Thumb Code     0  startup_stm32f411xe.o(.text)
    OTG_FS_WKUP_IRQHandler                   0x08000327   Thumb Code     0  startup_stm32f411xe.o(.text)
    PVD_IRQHandler                           0x08000327   Thumb Code     0  startup_stm32f411xe.o(.text)
    RCC_IRQHandler                           0x08000327   Thumb Code     0  startup_stm32f411xe.o(.text)
    RTC_Alarm_IRQHandler                     0x08000327   Thumb Code     0  startup_stm32f411xe.o(.text)
    RTC_WKUP_IRQHandler                      0x08000327   Thumb Code     0  startup_stm32f411xe.o(.text)
    SDIO_IRQHandler                          0x08000327   Thumb Code     0  startup_stm32f411xe.o(.text)
    SPI1_IRQHandler                          0x08000327   Thumb Code     0  startup_stm32f411xe.o(.text)
    SPI2_IRQHandler                          0x08000327   Thumb Code     0  startup_stm32f411xe.o(.text)
    SPI3_IRQHandler                          0x08000327   Thumb Code     0  startup_stm32f411xe.o(.text)
    SPI4_IRQHandler                          0x08000327   Thumb Code     0  startup_stm32f411xe.o(.text)
    SPI5_IRQHandler                          0x08000327   Thumb Code     0  startup_stm32f411xe.o(.text)
    TAMP_STAMP_IRQHandler                    0x08000327   Thumb Code     0  startup_stm32f411xe.o(.text)
    TIM1_CC_IRQHandler                       0x08000327   Thumb Code     0  startup_stm32f411xe.o(.text)
    TIM1_UP_TIM10_IRQHandler                 0x08000327   Thumb Code     0  startup_stm32f411xe.o(.text)
    TIM2_IRQHandler                          0x08000327   Thumb Code     0  startup_stm32f411xe.o(.text)
    TIM3_IRQHandler                          0x08000327   Thumb Code     0  startup_stm32f411xe.o(.text)
    TIM4_IRQHandler                          0x08000327   Thumb Code     0  startup_stm32f411xe.o(.text)
    TIM5_IRQHandler                          0x08000327   Thumb Code     0  startup_stm32f411xe.o(.text)
    USART1_IRQHandler                        0x08000327   Thumb Code     0  startup_stm32f411xe.o(.text)
    USART6_IRQHandler                        0x08000327   Thumb Code     0  startup_stm32f411xe.o(.text)
    WWDG_IRQHandler                          0x08000327   Thumb Code     0  startup_stm32f411xe.o(.text)
    __user_initial_stackheap                 0x08000329   Thumb Code     0  startup_stm32f411xe.o(.text)
    __use_no_semihosting                     0x0800034d   Thumb Code     2  use_no_semi_2.o(.text)
    __aeabi_uldivmod                         0x0800034f   Thumb Code     0  lludivv7m.o(.text)
    _ll_udiv                                 0x0800034f   Thumb Code   238  lludivv7m.o(.text)
    __2printf                                0x0800043d   Thumb Code    20  noretval__2printf.o(.text)
    __printf                                 0x08000455   Thumb Code   104  __printf.o(.text)
    _printf_str                              0x080004bd   Thumb Code    82  _printf_str.o(.text)
    _printf_int_dec                          0x08000511   Thumb Code   104  _printf_dec.o(.text)
    __aeabi_memcpy                           0x08000589   Thumb Code     0  rt_memcpy_v6.o(.text)
    __rt_memcpy                              0x08000589   Thumb Code   138  rt_memcpy_v6.o(.text)
    _memcpy_lastbytes                        0x080005ef   Thumb Code     0  rt_memcpy_v6.o(.text)
    __aeabi_memset                           0x08000613   Thumb Code    16  aeabi_memset.o(.text)
    __aeabi_memclr                           0x08000623   Thumb Code     0  rt_memclr.o(.text)
    __rt_memclr                              0x08000623   Thumb Code    68  rt_memclr.o(.text)
    _memset                                  0x08000627   Thumb Code     0  rt_memclr.o(.text)
    __aeabi_memclr4                          0x08000667   Thumb Code     0  rt_memclr_w.o(.text)
    __aeabi_memclr8                          0x08000667   Thumb Code     0  rt_memclr_w.o(.text)
    __rt_memclr_w                            0x08000667   Thumb Code    78  rt_memclr_w.o(.text)
    _memset_w                                0x0800066b   Thumb Code     0  rt_memclr_w.o(.text)
    __use_two_region_memory                  0x080006b5   Thumb Code     2  heapauxi.o(.text)
    __rt_heap_escrow$2region                 0x080006b7   Thumb Code     2  heapauxi.o(.text)
    __rt_heap_expand$2region                 0x080006b9   Thumb Code     2  heapauxi.o(.text)
    __I$use$semihosting                      0x080006bb   Thumb Code     0  use_no_semi.o(.text)
    __use_no_semihosting_swi                 0x080006bb   Thumb Code     2  use_no_semi.o(.text)
    _printf_int_common                       0x080006bd   Thumb Code   178  _printf_intcommon.o(.text)
    _printf_cs_common                        0x0800076f   Thumb Code    20  _printf_char.o(.text)
    _printf_char                             0x08000783   Thumb Code    16  _printf_char.o(.text)
    _printf_string                           0x08000793   Thumb Code     8  _printf_char.o(.text)
    _printf_char_file                        0x0800079d   Thumb Code    32  _printf_char_file.o(.text)
    __aeabi_memcpy4                          0x080007c1   Thumb Code     0  rt_memcpy_w.o(.text)
    __aeabi_memcpy8                          0x080007c1   Thumb Code     0  rt_memcpy_w.o(.text)
    __rt_memcpy_w                            0x080007c1   Thumb Code   100  rt_memcpy_w.o(.text)
    _memcpy_lastbytes_aligned                0x08000809   Thumb Code     0  rt_memcpy_w.o(.text)
    _printf_char_common                      0x0800082f   Thumb Code    32  _printf_char_common.o(.text)
    ferror                                   0x08000855   Thumb Code     8  ferror.o(.text)
    __user_setup_stackheap                   0x0800085d   Thumb Code    74  sys_stackheap_outer.o(.text)
    exit                                     0x080008a7   Thumb Code    18  exit.o(.text)
    __user_libspace                          0x080008b9   Thumb Code     8  libspace.o(.text)
    __user_perproc_libspace                  0x080008b9   Thumb Code     0  libspace.o(.text)
    __user_perthread_libspace                0x080008b9   Thumb Code     0  libspace.o(.text)
    BusFault_Handler                         0x080008c1   Thumb Code     2  stm32f4xx_it.o(i.BusFault_Handler)
    DebugMon_Handler                         0x080008c3   Thumb Code     2  stm32f4xx_it.o(i.DebugMon_Handler)
    Delay_break                              0x080008c5   Thumb Code    42  main.o(i.Delay_break)
    Error_Handler                            0x080008f5   Thumb Code     4  main.o(i.Error_Handler)
    HAL_DMA_Abort                            0x080008f9   Thumb Code   146  stm32f4xx_hal_dma.o(i.HAL_DMA_Abort)
    HAL_DMA_Abort_IT                         0x0800098b   Thumb Code    36  stm32f4xx_hal_dma.o(i.HAL_DMA_Abort_IT)
    HAL_GPIO_Init                            0x080009b1   Thumb Code   446  stm32f4xx_hal_gpio.o(i.HAL_GPIO_Init)
    HAL_GPIO_ReadPin                         0x08000b91   Thumb Code    10  stm32f4xx_hal_gpio.o(i.HAL_GPIO_ReadPin)
    HAL_GPIO_WritePin                        0x08000b9b   Thumb Code    10  stm32f4xx_hal_gpio.o(i.HAL_GPIO_WritePin)
    HAL_GetTick                              0x08000ba5   Thumb Code     6  stm32f4xx_hal.o(i.HAL_GetTick)
    HAL_IncTick                              0x08000bb1   Thumb Code    12  stm32f4xx_hal.o(i.HAL_IncTick)
    HAL_Init                                 0x08000bc1   Thumb Code    48  stm32f4xx_hal.o(i.HAL_Init)
    HAL_InitTick                             0x08000bf5   Thumb Code   118  stm32f4xx_hal_timebase_tim.o(i.HAL_InitTick)
    HAL_MspInit                              0x08000c81   Thumb Code    52  stm32f4xx_hal_msp.o(i.HAL_MspInit)
    HAL_NVIC_EnableIRQ                       0x08000cb9   Thumb Code    26  stm32f4xx_hal_cortex.o(i.HAL_NVIC_EnableIRQ)
    HAL_NVIC_SetPriority                     0x08000cd5   Thumb Code    60  stm32f4xx_hal_cortex.o(i.HAL_NVIC_SetPriority)
    HAL_NVIC_SetPriorityGrouping             0x08000d15   Thumb Code    26  stm32f4xx_hal_cortex.o(i.HAL_NVIC_SetPriorityGrouping)
    HAL_RCC_ClockConfig                      0x08000d39   Thumb Code   288  stm32f4xx_hal_rcc.o(i.HAL_RCC_ClockConfig)
    HAL_RCC_GetClockConfig                   0x08000e6d   Thumb Code    54  stm32f4xx_hal_rcc.o(i.HAL_RCC_GetClockConfig)
    HAL_RCC_GetPCLK1Freq                     0x08000ead   Thumb Code    20  stm32f4xx_hal_rcc.o(i.HAL_RCC_GetPCLK1Freq)
    HAL_RCC_GetPCLK2Freq                     0x08000ecd   Thumb Code    20  stm32f4xx_hal_rcc.o(i.HAL_RCC_GetPCLK2Freq)
    HAL_RCC_GetSysClockFreq                  0x08000eed   Thumb Code    88  stm32f4xx_hal_rcc.o(i.HAL_RCC_GetSysClockFreq)
    HAL_RCC_OscConfig                        0x08000f4d   Thumb Code   856  stm32f4xx_hal_rcc.o(i.HAL_RCC_OscConfig)
    HAL_TIMEx_BreakCallback                  0x080012b9   Thumb Code     2  stm32f4xx_hal_tim_ex.o(i.HAL_TIMEx_BreakCallback)
    HAL_TIMEx_CommutCallback                 0x080012bb   Thumb Code     2  stm32f4xx_hal_tim_ex.o(i.HAL_TIMEx_CommutCallback)
    HAL_TIM_Base_Init                        0x080012bd   Thumb Code    90  stm32f4xx_hal_tim.o(i.HAL_TIM_Base_Init)
    HAL_TIM_Base_MspInit                     0x08001319   Thumb Code    50  tim.o(i.HAL_TIM_Base_MspInit)
    HAL_TIM_Base_Start_IT                    0x08001355   Thumb Code    88  stm32f4xx_hal_tim.o(i.HAL_TIM_Base_Start_IT)
    HAL_TIM_Base_Stop_IT                     0x080013c1   Thumb Code    48  stm32f4xx_hal_tim.o(i.HAL_TIM_Base_Stop_IT)
    HAL_TIM_ConfigClockSource                0x080013f1   Thumb Code   220  stm32f4xx_hal_tim.o(i.HAL_TIM_ConfigClockSource)
    HAL_TIM_IC_CaptureCallback               0x080014cd   Thumb Code     2  stm32f4xx_hal_tim.o(i.HAL_TIM_IC_CaptureCallback)
    HAL_TIM_IRQHandler                       0x080014cf   Thumb Code   304  stm32f4xx_hal_tim.o(i.HAL_TIM_IRQHandler)
    HAL_TIM_OC_DelayElapsedCallback          0x080015ff   Thumb Code     2  stm32f4xx_hal_tim.o(i.HAL_TIM_OC_DelayElapsedCallback)
    HAL_TIM_PWM_PulseFinishedCallback        0x08001601   Thumb Code     2  stm32f4xx_hal_tim.o(i.HAL_TIM_PWM_PulseFinishedCallback)
    HAL_TIM_PeriodElapsedCallback            0x08001605   Thumb Code    50  main.o(i.HAL_TIM_PeriodElapsedCallback)
    HAL_TIM_TriggerCallback                  0x0800164d   Thumb Code     2  stm32f4xx_hal_tim.o(i.HAL_TIM_TriggerCallback)
    HAL_UARTEx_RxEventCallback               0x0800164f   Thumb Code     2  stm32f4xx_hal_uart.o(i.HAL_UARTEx_RxEventCallback)
    HAL_UART_ErrorCallback                   0x08001651   Thumb Code     2  stm32f4xx_hal_uart.o(i.HAL_UART_ErrorCallback)
    HAL_UART_IRQHandler                      0x08001655   Thumb Code   618  stm32f4xx_hal_uart.o(i.HAL_UART_IRQHandler)
    HAL_UART_Init                            0x080018c5   Thumb Code   100  stm32f4xx_hal_uart.o(i.HAL_UART_Init)
    HAL_UART_MspInit                         0x08001929   Thumb Code   108  usart.o(i.HAL_UART_MspInit)
    HAL_UART_Receive_IT                      0x080019a1   Thumb Code    28  stm32f4xx_hal_uart.o(i.HAL_UART_Receive_IT)
    HAL_UART_RxCpltCallback                  0x080019bd   Thumb Code    72  main.o(i.HAL_UART_RxCpltCallback)
    HAL_UART_TxCpltCallback                  0x08001a19   Thumb Code     2  stm32f4xx_hal_uart.o(i.HAL_UART_TxCpltCallback)
    HardFault_Handler                        0x08001a1b   Thumb Code     2  stm32f4xx_it.o(i.HardFault_Handler)
    Judge                                    0x08001a1d   Thumb Code    28  main.o(i.Judge)
    KeyScanTask                              0x08001a39   Thumb Code   170  main.o(i.KeyScanTask)
    Key_Init                                 0x08001b29   Thumb Code    30  key.o(i.Key_Init)
    Key_pressscan                            0x08001b4d   Thumb Code   128  key.o(i.Key_pressscan)
    MX_FREERTOS_Init                         0x08001bd1   Thumb Code    60  freertos.o(i.MX_FREERTOS_Init)
    MX_GPIO_Init                             0x08001c1d   Thumb Code   136  gpio.o(i.MX_GPIO_Init)
    MX_TIM9_Init                             0x08001cb1   Thumb Code    68  tim.o(i.MX_TIM9_Init)
    MX_USART2_UART_Init                      0x08001cfd   Thumb Code    48  usart.o(i.MX_USART2_UART_Init)
    MemManage_Handler                        0x08001d35   Thumb Code     2  stm32f4xx_it.o(i.MemManage_Handler)
    Morse_to_str                             0x08001d39   Thumb Code   452  main.o(i.Morse_to_str)
    NMI_Handler                              0x08001f95   Thumb Code     2  stm32f4xx_it.o(i.NMI_Handler)
    SignalTask                               0x08001f99   Thumb Code   154  main.o(i.SignalTask)
    StartDefaultTask                         0x08002041   Thumb Code    18  freertos.o(i.StartDefaultTask)
    StartReceiveDataTask                     0x0800205d   Thumb Code    82  freertos.o(i.StartReceiveDataTask)
    SysTick_Handler                          0x080020c9   Thumb Code    26  cmsis_os2.o(i.SysTick_Handler)
    SystemClock_Config                       0x080020e5   Thumb Code   136  main.o(i.SystemClock_Config)
    SystemInit                               0x08002175   Thumb Code    12  system_stm32f4xx.o(i.SystemInit)
    TIM1_BRK_TIM9_IRQHandler                 0x08002185   Thumb Code     6  stm32f4xx_it.o(i.TIM1_BRK_TIM9_IRQHandler)
    TIM1_TRG_COM_TIM11_IRQHandler            0x08002191   Thumb Code     6  stm32f4xx_it.o(i.TIM1_TRG_COM_TIM11_IRQHandler)
    TIM_Base_SetConfig                       0x0800219d   Thumb Code   136  stm32f4xx_hal_tim.o(i.TIM_Base_SetConfig)
    TIM_ETR_SetConfig                        0x08002241   Thumb Code    20  stm32f4xx_hal_tim.o(i.TIM_ETR_SetConfig)
    TimeDetectTask                           0x080022ad   Thumb Code   422  main.o(i.TimeDetectTask)
    UART_Start_Receive_IT                    0x080026e9   Thumb Code    54  stm32f4xx_hal_uart.o(i.UART_Start_Receive_IT)
    USART2_IRQHandler                        0x08002721   Thumb Code     6  stm32f4xx_it.o(i.USART2_IRQHandler)
    UsageFault_Handler                       0x0800272d   Thumb Code     2  stm32f4xx_it.o(i.UsageFault_Handler)
    _sys_exit                                0x0800274f   Thumb Code     2  usart.o(i._sys_exit)
    fputc                                    0x08002751   Thumb Code    18  usart.o(i.fputc)
    main                                     0x08002769   Thumb Code    90  main.o(i.main)
    osDelay                                  0x080027dd   Thumb Code    26  cmsis_os2.o(i.osDelay)
    osKernelInitialize                       0x080027f9   Thumb Code    32  cmsis_os2.o(i.osKernelInitialize)
    osKernelStart                            0x0800281d   Thumb Code    48  cmsis_os2.o(i.osKernelStart)
    osSemaphoreAcquire                       0x08002855   Thumb Code    88  cmsis_os2.o(i.osSemaphoreAcquire)
    osSemaphoreNew                           0x080028b1   Thumb Code   152  cmsis_os2.o(i.osSemaphoreNew)
    osSemaphoreRelease                       0x08002949   Thumb Code    82  cmsis_os2.o(i.osSemaphoreRelease)
    osThreadNew                              0x080029a1   Thumb Code   138  cmsis_os2.o(i.osThreadNew)
    pvPortMalloc                             0x080031c1   Thumb Code   216  heap_4.o(i.pvPortMalloc)
    pvTaskIncrementMutexHeldCount            0x0800329d   Thumb Code    18  tasks.o(i.pvTaskIncrementMutexHeldCount)
    pxPortInitialiseStack                    0x080032b5   Thumb Code    40  port.o(i.pxPortInitialiseStack)
    uxListRemove                             0x080032e1   Thumb Code    38  list.o(i.uxListRemove)
    vApplicationGetIdleTaskMemory            0x08003309   Thumb Code    16  cmsis_os2.o(i.vApplicationGetIdleTaskMemory)
    vApplicationGetTimerTaskMemory           0x0800331d   Thumb Code    18  cmsis_os2.o(i.vApplicationGetTimerTaskMemory)
    vListInitialise                          0x08003335   Thumb Code    22  list.o(i.vListInitialise)
    vListInitialiseItem                      0x0800334b   Thumb Code     6  list.o(i.vListInitialiseItem)
    vListInsert                              0x08003351   Thumb Code    48  list.o(i.vListInsert)
    vListInsertEnd                           0x08003381   Thumb Code    24  list.o(i.vListInsertEnd)
    vPortEnterCritical                       0x08003399   Thumb Code    54  port.o(i.vPortEnterCritical)
    vPortExitCritical                        0x080033d9   Thumb Code    34  port.o(i.vPortExitCritical)
    vPortFree                                0x08003401   Thumb Code    94  heap_4.o(i.vPortFree)
    vPortSetupTimerInterrupt                 0x08003465   Thumb Code    32  port.o(i.vPortSetupTimerInterrupt)
    vPortValidateInterruptPriority           0x08003489   Thumb Code    74  port.o(i.vPortValidateInterruptPriority)
    vQueueAddToRegistry                      0x080034dd   Thumb Code    34  queue.o(i.vQueueAddToRegistry)
    vQueueDelete                             0x08003505   Thumb Code    46  queue.o(i.vQueueDelete)
    vQueueUnregisterQueue                    0x08003535   Thumb Code    36  queue.o(i.vQueueUnregisterQueue)
    vQueueWaitForMessageRestricted           0x0800355d   Thumb Code    68  queue.o(i.vQueueWaitForMessageRestricted)
    vTaskDelay                               0x080035a1   Thumb Code    66  tasks.o(i.vTaskDelay)
    vTaskInternalSetTimeOutState             0x080035ed   Thumb Code    12  tasks.o(i.vTaskInternalSetTimeOutState)
    vTaskMissedYield                         0x080035fd   Thumb Code     8  tasks.o(i.vTaskMissedYield)
    vTaskPlaceOnEventList                    0x08003609   Thumb Code    44  tasks.o(i.vTaskPlaceOnEventList)
    vTaskPlaceOnEventListRestricted          0x08003639   Thumb Code    52  tasks.o(i.vTaskPlaceOnEventListRestricted)
    vTaskPriorityDisinheritAfterTimeout      0x08003671   Thumb Code   134  tasks.o(i.vTaskPriorityDisinheritAfterTimeout)
    vTaskStartScheduler                      0x08003701   Thumb Code   118  tasks.o(i.vTaskStartScheduler)
    vTaskSuspendAll                          0x08003789   Thumb Code    10  tasks.o(i.vTaskSuspendAll)
    vTaskSwitchContext                       0x08003799   Thumb Code    90  tasks.o(i.vTaskSwitchContext)
    xPortStartScheduler                      0x080037fd   Thumb Code   222  port.o(i.xPortStartScheduler)
    xPortSysTickHandler                      0x080038f1   Thumb Code    38  port.o(i.xPortSysTickHandler)
    xQueueCreateCountingSemaphore            0x0800391d   Thumb Code    58  queue.o(i.xQueueCreateCountingSemaphore)
    xQueueCreateCountingSemaphoreStatic      0x08003957   Thumb Code    64  queue.o(i.xQueueCreateCountingSemaphoreStatic)
    xQueueGenericCreate                      0x08003997   Thumb Code    66  queue.o(i.xQueueGenericCreate)
    xQueueGenericCreateStatic                0x080039d9   Thumb Code   102  queue.o(i.xQueueGenericCreateStatic)
    xQueueGenericReset                       0x08003a41   Thumb Code   132  queue.o(i.xQueueGenericReset)
    xQueueGenericSend                        0x08003ac9   Thumb Code   346  queue.o(i.xQueueGenericSend)
    xQueueGenericSendFromISR                 0x08003c29   Thumb Code   190  queue.o(i.xQueueGenericSendFromISR)
    xQueueGiveFromISR                        0x08003ce7   Thumb Code   156  queue.o(i.xQueueGiveFromISR)
    xQueueReceive                            0x08003d85   Thumb Code   308  queue.o(i.xQueueReceive)
    xQueueReceiveFromISR                     0x08003ebd   Thumb Code   154  queue.o(i.xQueueReceiveFromISR)
    xQueueSemaphoreTake                      0x08003f59   Thumb Code   372  queue.o(i.xQueueSemaphoreTake)
    xTaskCheckForTimeOut                     0x080040d1   Thumb Code   112  tasks.o(i.xTaskCheckForTimeOut)
    xTaskCreate                              0x08004145   Thumb Code    90  tasks.o(i.xTaskCreate)
    xTaskCreateStatic                        0x0800419f   Thumb Code    86  tasks.o(i.xTaskCreateStatic)
    xTaskGetSchedulerState                   0x080041f5   Thumb Code    22  tasks.o(i.xTaskGetSchedulerState)
    xTaskGetTickCount                        0x08004211   Thumb Code     6  tasks.o(i.xTaskGetTickCount)
    xTaskIncrementTick                       0x0800421d   Thumb Code   192  tasks.o(i.xTaskIncrementTick)
    xTaskPriorityDisinherit                  0x080042e5   Thumb Code   118  tasks.o(i.xTaskPriorityDisinherit)
    xTaskPriorityInherit                     0x08004365   Thumb Code   112  tasks.o(i.xTaskPriorityInherit)
    xTaskRemoveFromEventList                 0x080043dd   Thumb Code    98  tasks.o(i.xTaskRemoveFromEventList)
    xTaskResumeAll                           0x0800444d   Thumb Code   182  tasks.o(i.xTaskResumeAll)
    xTimerCreateTimerTask                    0x08004511   Thumb Code    78  timers.o(i.xTimerCreateTimerTask)
    xTimerGenericCommand                     0x08004571   Thumb Code    98  timers.o(i.xTimerGenericCommand)
    _fp_init                                 0x080045d9   Thumb Code    10  fpinit.o(x$fpl$fpinit)
    __fplib_config_fpu_vfp                   0x080045e1   Thumb Code     0  fpinit.o(x$fpl$fpinit)
    __fplib_config_pureend_doubles           0x080045e1   Thumb Code     0  fpinit.o(x$fpl$fpinit)
    SignalTask_attributes                    0x080045e4   Data          36  main.o(.constdata)
    TimeDetectTask_attributes                0x08004608   Data          36  main.o(.constdata)
    KeyScanTask_attributes                   0x0800462c   Data          36  main.o(.constdata)
    defaultTask_attributes                   0x08004650   Data          36  freertos.o(.constdata)
    ReceiveDataTask_attributes               0x08004674   Data          36  freertos.o(.constdata)
    Usart_attributes                         0x08004698   Data          16  freertos.o(.constdata)
    Signal_attributes                        0x080046a8   Data          16  freertos.o(.constdata)
    AHBPrescTable                            0x080046b8   Data          16  system_stm32f4xx.o(.constdata)
    APBPrescTable                            0x080046c8   Data           8  system_stm32f4xx.o(.constdata)
    Region$$Table$$Base                      0x08004724   Number         0  anon$$obj.o(Region$$Table)
    Region$$Table$$Limit                     0x08004744   Number         0  anon$$obj.o(Region$$Table)
    RxFlag                                   0x20000000   Data           1  main.o(.data)
    RxTemp                                   0x20000001   Data           1  main.o(.data)
    PutState                                 0x20000002   Data           1  main.o(.data)
    LedState                                 0x20000003   Data           1  main.o(.data)
    Key_flag                                 0x20000004   Data           1  main.o(.data)
    Start_ezinput                            0x20000005   Data           1  main.o(.data)
    Start_input                              0x20000006   Data           1  main.o(.data)
    Morse_len                                0x20000007   Data           1  main.o(.data)
    Str_len                                  0x20000008   Data           1  main.o(.data)
    Space_num                                0x20000009   Data           1  main.o(.data)
    RxCounter                                0x2000000a   Data           2  main.o(.data)
    Bright_time                              0x2000000c   Data           4  main.o(.data)
    Dark_time                                0x20000010   Data           4  main.o(.data)
    SignalTaskHandle                         0x20000014   Data           4  main.o(.data)
    TimeDetectTaskHandle                     0x20000018   Data           4  main.o(.data)
    KeyScanTaskHandle                        0x2000001c   Data           4  main.o(.data)
    defaultTaskHandle                        0x20000020   Data           4  freertos.o(.data)
    ReceiveDataTaskHandle                    0x20000024   Data           4  freertos.o(.data)
    UsartHandle                              0x20000028   Data           4  freertos.o(.data)
    SignalHandle                             0x2000002c   Data           4  freertos.o(.data)
    __stdout                                 0x20000030   Data           4  usart.o(.data)
    uwTickFreq                               0x20000034   Data           1  stm32f4xx_hal.o(.data)
    uwTickPrio                               0x20000038   Data           4  stm32f4xx_hal.o(.data)
    uwTick                                   0x2000003c   Data           4  stm32f4xx_hal.o(.data)
    SystemCoreClock                          0x20000040   Data           4  system_stm32f4xx.o(.data)
    pxCurrentTCB                             0x20000044   Data           4  tasks.o(.data)
    RxBuffer                                 0x20000144   Data        2048  main.o(.bss)
    Morse                                    0x20000944   Data          50  main.o(.bss)
    Str                                      0x20000976   Data         200  main.o(.bss)
    htim9                                    0x20000a40   Data          72  tim.o(.bss)
    huart2                                   0x20000a88   Data          72  usart.o(.bss)
    htim11                                   0x20000ad0   Data          72  stm32f4xx_hal_timebase_tim.o(.bss)
    xQueueRegistry                           0x20000b18   Data          64  queue.o(.bss)
    __libspace_start                         0x200053ec   Data          96  libspace.o(.bss)
    __temporary_stack_top$libspace           0x2000544c   Data           0  libspace.o(.bss)



==============================================================================

Memory Map of the image

  Image Entry point : 0x08000199

  Load Region LR_IROM1 (Base: 0x08000000, Size: 0x00004808, Max: 0x00080000, ABSOLUTE)

    Execution Region ER_IROM1 (Exec base: 0x08000000, Load base: 0x08000000, Size: 0x00004744, Max: 0x00080000, ABSOLUTE)

    Exec Addr    Load Addr    Size         Type   Attr      Idx    E Section Name        Object

    0x08000000   0x08000000   0x00000198   Data   RO            3    RESET               startup_stm32f411xe.o
    0x08000198   0x08000198   0x00000008   Code   RO         5026  * !!!main             c_w.l(__main.o)
    0x080001a0   0x080001a0   0x00000034   Code   RO         5210    !!!scatter          c_w.l(__scatter.o)
    0x080001d4   0x080001d4   0x0000001a   Code   RO         5212    !!handler_copy      c_w.l(__scatter_copy.o)
    0x080001ee   0x080001ee   0x00000002   PAD
    0x080001f0   0x080001f0   0x0000001c   Code   RO         5214    !!handler_zi        c_w.l(__scatter_zi.o)
    0x0800020c   0x0800020c   0x00000000   Code   RO         5013    .ARM.Collect$$_printf_percent$$00000000  c_w.l(_printf_percent.o)
    0x0800020c   0x0800020c   0x00000006   Code   RO         5012    .ARM.Collect$$_printf_percent$$00000009  c_w.l(_printf_d.o)
    0x08000212   0x08000212   0x00000006   Code   RO         5010    .ARM.Collect$$_printf_percent$$00000013  c_w.l(_printf_c.o)
    0x08000218   0x08000218   0x00000006   Code   RO         5011    .ARM.Collect$$_printf_percent$$00000014  c_w.l(_printf_s.o)
    0x0800021e   0x0800021e   0x00000004   Code   RO         5041    .ARM.Collect$$_printf_percent$$00000017  c_w.l(_printf_percent_end.o)
    0x08000222   0x08000222   0x00000002   Code   RO         5082    .ARM.Collect$$libinit$$00000000  c_w.l(libinit.o)
    0x08000224   0x08000224   0x00000004   Code   RO         5094    .ARM.Collect$$libinit$$00000001  c_w.l(libinit2.o)
    0x08000228   0x08000228   0x00000000   Code   RO         5097    .ARM.Collect$$libinit$$00000004  c_w.l(libinit2.o)
    0x08000228   0x08000228   0x00000000   Code   RO         5100    .ARM.Collect$$libinit$$0000000A  c_w.l(libinit2.o)
    0x08000228   0x08000228   0x00000000   Code   RO         5102    .ARM.Collect$$libinit$$0000000C  c_w.l(libinit2.o)
    0x08000228   0x08000228   0x00000000   Code   RO         5104    .ARM.Collect$$libinit$$0000000E  c_w.l(libinit2.o)
    0x08000228   0x08000228   0x00000000   Code   RO         5107    .ARM.Collect$$libinit$$00000011  c_w.l(libinit2.o)
    0x08000228   0x08000228   0x00000000   Code   RO         5109    .ARM.Collect$$libinit$$00000013  c_w.l(libinit2.o)
    0x08000228   0x08000228   0x00000000   Code   RO         5111    .ARM.Collect$$libinit$$00000015  c_w.l(libinit2.o)
    0x08000228   0x08000228   0x00000000   Code   RO         5113    .ARM.Collect$$libinit$$00000017  c_w.l(libinit2.o)
    0x08000228   0x08000228   0x00000000   Code   RO         5115    .ARM.Collect$$libinit$$00000019  c_w.l(libinit2.o)
    0x08000228   0x08000228   0x00000000   Code   RO         5117    .ARM.Collect$$libinit$$0000001B  c_w.l(libinit2.o)
    0x08000228   0x08000228   0x00000000   Code   RO         5119    .ARM.Collect$$libinit$$0000001D  c_w.l(libinit2.o)
    0x08000228   0x08000228   0x00000000   Code   RO         5121    .ARM.Collect$$libinit$$0000001F  c_w.l(libinit2.o)
    0x08000228   0x08000228   0x00000000   Code   RO         5123    .ARM.Collect$$libinit$$00000021  c_w.l(libinit2.o)
    0x08000228   0x08000228   0x00000000   Code   RO         5125    .ARM.Collect$$libinit$$00000023  c_w.l(libinit2.o)
    0x08000228   0x08000228   0x00000000   Code   RO         5127    .ARM.Collect$$libinit$$00000025  c_w.l(libinit2.o)
    0x08000228   0x08000228   0x00000000   Code   RO         5131    .ARM.Collect$$libinit$$0000002C  c_w.l(libinit2.o)
    0x08000228   0x08000228   0x00000000   Code   RO         5133    .ARM.Collect$$libinit$$0000002E  c_w.l(libinit2.o)
    0x08000228   0x08000228   0x00000000   Code   RO         5135    .ARM.Collect$$libinit$$00000030  c_w.l(libinit2.o)
    0x08000228   0x08000228   0x00000000   Code   RO         5137    .ARM.Collect$$libinit$$00000032  c_w.l(libinit2.o)
    0x08000228   0x08000228   0x00000002   Code   RO         5138    .ARM.Collect$$libinit$$00000033  c_w.l(libinit2.o)
    0x0800022a   0x0800022a   0x00000002   Code   RO         5164    .ARM.Collect$$libshutdown$$00000000  c_w.l(libshutdown.o)
    0x0800022c   0x0800022c   0x00000000   Code   RO         5191    .ARM.Collect$$libshutdown$$00000002  c_w.l(libshutdown2.o)
    0x0800022c   0x0800022c   0x00000000   Code   RO         5193    .ARM.Collect$$libshutdown$$00000004  c_w.l(libshutdown2.o)
    0x0800022c   0x0800022c   0x00000000   Code   RO         5195    .ARM.Collect$$libshutdown$$00000006  c_w.l(libshutdown2.o)
    0x0800022c   0x0800022c   0x00000000   Code   RO         5198    .ARM.Collect$$libshutdown$$00000009  c_w.l(libshutdown2.o)
    0x0800022c   0x0800022c   0x00000000   Code   RO         5201    .ARM.Collect$$libshutdown$$0000000C  c_w.l(libshutdown2.o)
    0x0800022c   0x0800022c   0x00000000   Code   RO         5203    .ARM.Collect$$libshutdown$$0000000E  c_w.l(libshutdown2.o)
    0x0800022c   0x0800022c   0x00000000   Code   RO         5206    .ARM.Collect$$libshutdown$$00000011  c_w.l(libshutdown2.o)
    0x0800022c   0x0800022c   0x00000002   Code   RO         5207    .ARM.Collect$$libshutdown$$00000012  c_w.l(libshutdown2.o)
    0x0800022e   0x0800022e   0x00000000   Code   RO         5030    .ARM.Collect$$rtentry$$00000000  c_w.l(__rtentry.o)
    0x0800022e   0x0800022e   0x00000000   Code   RO         5045    .ARM.Collect$$rtentry$$00000002  c_w.l(__rtentry2.o)
    0x0800022e   0x0800022e   0x00000006   Code   RO         5057    .ARM.Collect$$rtentry$$00000004  c_w.l(__rtentry4.o)
    0x08000234   0x08000234   0x00000000   Code   RO         5047    .ARM.Collect$$rtentry$$00000009  c_w.l(__rtentry2.o)
    0x08000234   0x08000234   0x00000004   Code   RO         5048    .ARM.Collect$$rtentry$$0000000A  c_w.l(__rtentry2.o)
    0x08000238   0x08000238   0x00000000   Code   RO         5050    .ARM.Collect$$rtentry$$0000000C  c_w.l(__rtentry2.o)
    0x08000238   0x08000238   0x00000008   Code   RO         5051    .ARM.Collect$$rtentry$$0000000D  c_w.l(__rtentry2.o)
    0x08000240   0x08000240   0x00000002   Code   RO         5086    .ARM.Collect$$rtexit$$00000000  c_w.l(rtexit.o)
    0x08000242   0x08000242   0x00000000   Code   RO         5140    .ARM.Collect$$rtexit$$00000002  c_w.l(rtexit2.o)
    0x08000242   0x08000242   0x00000004   Code   RO         5141    .ARM.Collect$$rtexit$$00000003  c_w.l(rtexit2.o)
    0x08000246   0x08000246   0x00000006   Code   RO         5142    .ARM.Collect$$rtexit$$00000004  c_w.l(rtexit2.o)
    0x0800024c   0x0800024c   0x000000be   Code   RO         4897    .emb_text           port.o
    0x0800030a   0x0800030a   0x00000002   PAD
    0x0800030c   0x0800030c   0x00000040   Code   RO            4    .text               startup_stm32f411xe.o
    0x0800034c   0x0800034c   0x00000002   Code   RO         4976    .text               c_w.l(use_no_semi_2.o)
    0x0800034e   0x0800034e   0x000000ee   Code   RO         4978    .text               c_w.l(lludivv7m.o)
    0x0800043c   0x0800043c   0x00000018   Code   RO         4982    .text               c_w.l(noretval__2printf.o)
    0x08000454   0x08000454   0x00000068   Code   RO         4984    .text               c_w.l(__printf.o)
    0x080004bc   0x080004bc   0x00000052   Code   RO         4986    .text               c_w.l(_printf_str.o)
    0x0800050e   0x0800050e   0x00000002   PAD
    0x08000510   0x08000510   0x00000078   Code   RO         4988    .text               c_w.l(_printf_dec.o)
    0x08000588   0x08000588   0x0000008a   Code   RO         5014    .text               c_w.l(rt_memcpy_v6.o)
    0x08000612   0x08000612   0x00000010   Code   RO         5018    .text               c_w.l(aeabi_memset.o)
    0x08000622   0x08000622   0x00000044   Code   RO         5020    .text               c_w.l(rt_memclr.o)
    0x08000666   0x08000666   0x0000004e   Code   RO         5022    .text               c_w.l(rt_memclr_w.o)
    0x080006b4   0x080006b4   0x00000006   Code   RO         5024    .text               c_w.l(heapauxi.o)
    0x080006ba   0x080006ba   0x00000002   Code   RO         5028    .text               c_w.l(use_no_semi.o)
    0x080006bc   0x080006bc   0x000000b2   Code   RO         5035    .text               c_w.l(_printf_intcommon.o)
    0x0800076e   0x0800076e   0x0000002c   Code   RO         5037    .text               c_w.l(_printf_char.o)
    0x0800079a   0x0800079a   0x00000002   PAD
    0x0800079c   0x0800079c   0x00000024   Code   RO         5039    .text               c_w.l(_printf_char_file.o)
    0x080007c0   0x080007c0   0x00000064   Code   RO         5042    .text               c_w.l(rt_memcpy_w.o)
    0x08000824   0x08000824   0x00000030   Code   RO         5061    .text               c_w.l(_printf_char_common.o)
    0x08000854   0x08000854   0x00000008   Code   RO         5063    .text               c_w.l(ferror.o)
    0x0800085c   0x0800085c   0x0000004a   Code   RO         5067    .text               c_w.l(sys_stackheap_outer.o)
    0x080008a6   0x080008a6   0x00000012   Code   RO         5071    .text               c_w.l(exit.o)
    0x080008b8   0x080008b8   0x00000008   Code   RO         5083    .text               c_w.l(libspace.o)
    0x080008c0   0x080008c0   0x00000002   Code   RO          490    i.BusFault_Handler  stm32f4xx_it.o
    0x080008c2   0x080008c2   0x00000002   Code   RO          491    i.DebugMon_Handler  stm32f4xx_it.o
    0x080008c4   0x080008c4   0x00000030   Code   RO          154    i.Delay_break       main.o
    0x080008f4   0x080008f4   0x00000004   Code   RO          155    i.Error_Handler     main.o
    0x080008f8   0x080008f8   0x00000092   Code   RO         1145    i.HAL_DMA_Abort     stm32f4xx_hal_dma.o
    0x0800098a   0x0800098a   0x00000024   Code   RO         1146    i.HAL_DMA_Abort_IT  stm32f4xx_hal_dma.o
    0x080009ae   0x080009ae   0x00000002   PAD
    0x080009b0   0x080009b0   0x000001e0   Code   RO         1038    i.HAL_GPIO_Init     stm32f4xx_hal_gpio.o
    0x08000b90   0x08000b90   0x0000000a   Code   RO         1040    i.HAL_GPIO_ReadPin  stm32f4xx_hal_gpio.o
    0x08000b9a   0x08000b9a   0x0000000a   Code   RO         1042    i.HAL_GPIO_WritePin  stm32f4xx_hal_gpio.o
    0x08000ba4   0x08000ba4   0x0000000c   Code   RO         1600    i.HAL_GetTick       stm32f4xx_hal.o
    0x08000bb0   0x08000bb0   0x00000010   Code   RO         1606    i.HAL_IncTick       stm32f4xx_hal.o
    0x08000bc0   0x08000bc0   0x00000034   Code   RO         1607    i.HAL_Init          stm32f4xx_hal.o
    0x08000bf4   0x08000bf4   0x0000008c   Code   RO          590    i.HAL_InitTick      stm32f4xx_hal_timebase_tim.o
    0x08000c80   0x08000c80   0x00000038   Code   RO          566    i.HAL_MspInit       stm32f4xx_hal_msp.o
    0x08000cb8   0x08000cb8   0x0000001a   Code   RO         1452    i.HAL_NVIC_EnableIRQ  stm32f4xx_hal_cortex.o
    0x08000cd2   0x08000cd2   0x00000002   PAD
    0x08000cd4   0x08000cd4   0x00000040   Code   RO         1458    i.HAL_NVIC_SetPriority  stm32f4xx_hal_cortex.o
    0x08000d14   0x08000d14   0x00000024   Code   RO         1459    i.HAL_NVIC_SetPriorityGrouping  stm32f4xx_hal_cortex.o
    0x08000d38   0x08000d38   0x00000134   Code   RO          630    i.HAL_RCC_ClockConfig  stm32f4xx_hal_rcc.o
    0x08000e6c   0x08000e6c   0x00000040   Code   RO          634    i.HAL_RCC_GetClockConfig  stm32f4xx_hal_rcc.o
    0x08000eac   0x08000eac   0x00000020   Code   RO          637    i.HAL_RCC_GetPCLK1Freq  stm32f4xx_hal_rcc.o
    0x08000ecc   0x08000ecc   0x00000020   Code   RO          638    i.HAL_RCC_GetPCLK2Freq  stm32f4xx_hal_rcc.o
    0x08000eec   0x08000eec   0x00000060   Code   RO          639    i.HAL_RCC_GetSysClockFreq  stm32f4xx_hal_rcc.o
    0x08000f4c   0x08000f4c   0x0000036c   Code   RO          642    i.HAL_RCC_OscConfig  stm32f4xx_hal_rcc.o
    0x080012b8   0x080012b8   0x00000002   Code   RO         2551    i.HAL_TIMEx_BreakCallback  stm32f4xx_hal_tim_ex.o
    0x080012ba   0x080012ba   0x00000002   Code   RO         2552    i.HAL_TIMEx_CommutCallback  stm32f4xx_hal_tim_ex.o
    0x080012bc   0x080012bc   0x0000005a   Code   RO         1847    i.HAL_TIM_Base_Init  stm32f4xx_hal_tim.o
    0x08001316   0x08001316   0x00000002   PAD
    0x08001318   0x08001318   0x0000003c   Code   RO          389    i.HAL_TIM_Base_MspInit  tim.o
    0x08001354   0x08001354   0x0000006c   Code   RO         1852    i.HAL_TIM_Base_Start_IT  stm32f4xx_hal_tim.o
    0x080013c0   0x080013c0   0x00000030   Code   RO         1855    i.HAL_TIM_Base_Stop_IT  stm32f4xx_hal_tim.o
    0x080013f0   0x080013f0   0x000000dc   Code   RO         1856    i.HAL_TIM_ConfigClockSource  stm32f4xx_hal_tim.o
    0x080014cc   0x080014cc   0x00000002   Code   RO         1881    i.HAL_TIM_IC_CaptureCallback  stm32f4xx_hal_tim.o
    0x080014ce   0x080014ce   0x00000130   Code   RO         1895    i.HAL_TIM_IRQHandler  stm32f4xx_hal_tim.o
    0x080015fe   0x080015fe   0x00000002   Code   RO         1898    i.HAL_TIM_OC_DelayElapsedCallback  stm32f4xx_hal_tim.o
    0x08001600   0x08001600   0x00000002   Code   RO         1925    i.HAL_TIM_PWM_PulseFinishedCallback  stm32f4xx_hal_tim.o
    0x08001602   0x08001602   0x00000002   PAD
    0x08001604   0x08001604   0x00000048   Code   RO          156    i.HAL_TIM_PeriodElapsedCallback  main.o
    0x0800164c   0x0800164c   0x00000002   Code   RO         1938    i.HAL_TIM_TriggerCallback  stm32f4xx_hal_tim.o
    0x0800164e   0x0800164e   0x00000002   Code   RO         2830    i.HAL_UARTEx_RxEventCallback  stm32f4xx_hal_uart.o
    0x08001650   0x08001650   0x00000002   Code   RO         2844    i.HAL_UART_ErrorCallback  stm32f4xx_hal_uart.o
    0x08001652   0x08001652   0x00000002   PAD
    0x08001654   0x08001654   0x00000270   Code   RO         2847    i.HAL_UART_IRQHandler  stm32f4xx_hal_uart.o
    0x080018c4   0x080018c4   0x00000064   Code   RO         2848    i.HAL_UART_Init     stm32f4xx_hal_uart.o
    0x08001928   0x08001928   0x00000078   Code   RO          431    i.HAL_UART_MspInit  usart.o
    0x080019a0   0x080019a0   0x0000001c   Code   RO         2853    i.HAL_UART_Receive_IT  stm32f4xx_hal_uart.o
    0x080019bc   0x080019bc   0x0000005c   Code   RO          157    i.HAL_UART_RxCpltCallback  main.o
    0x08001a18   0x08001a18   0x00000002   Code   RO         2859    i.HAL_UART_TxCpltCallback  stm32f4xx_hal_uart.o
    0x08001a1a   0x08001a1a   0x00000002   Code   RO          492    i.HardFault_Handler  stm32f4xx_it.o
    0x08001a1c   0x08001a1c   0x0000001c   Code   RO          158    i.Judge             main.o
    0x08001a38   0x08001a38   0x000000f0   Code   RO          159    i.KeyScanTask       main.o
    0x08001b28   0x08001b28   0x00000024   Code   RO           13    i.Key_Init          key.o
    0x08001b4c   0x08001b4c   0x00000084   Code   RO           15    i.Key_pressscan     key.o
    0x08001bd0   0x08001bd0   0x0000004c   Code   RO          335    i.MX_FREERTOS_Init  freertos.o
    0x08001c1c   0x08001c1c   0x00000094   Code   RO          311    i.MX_GPIO_Init      gpio.o
    0x08001cb0   0x08001cb0   0x0000004c   Code   RO          390    i.MX_TIM9_Init      tim.o
    0x08001cfc   0x08001cfc   0x00000038   Code   RO          432    i.MX_USART2_UART_Init  usart.o
    0x08001d34   0x08001d34   0x00000002   Code   RO          493    i.MemManage_Handler  stm32f4xx_it.o
    0x08001d36   0x08001d36   0x00000002   PAD
    0x08001d38   0x08001d38   0x0000025c   Code   RO          160    i.Morse_to_str      main.o
    0x08001f94   0x08001f94   0x00000002   Code   RO          494    i.NMI_Handler       stm32f4xx_it.o
    0x08001f96   0x08001f96   0x00000002   PAD
    0x08001f98   0x08001f98   0x000000a8   Code   RO          161    i.SignalTask        main.o
    0x08002040   0x08002040   0x0000001c   Code   RO          336    i.StartDefaultTask  freertos.o
    0x0800205c   0x0800205c   0x0000006c   Code   RO          337    i.StartReceiveDataTask  freertos.o
    0x080020c8   0x080020c8   0x0000001a   Code   RO         4329    i.SysTick_Handler   cmsis_os2.o
    0x080020e2   0x080020e2   0x00000002   PAD
    0x080020e4   0x080020e4   0x00000090   Code   RO          163    i.SystemClock_Config  main.o
    0x08002174   0x08002174   0x00000010   Code   RO         3182    i.SystemInit        system_stm32f4xx.o
    0x08002184   0x08002184   0x0000000c   Code   RO          495    i.TIM1_BRK_TIM9_IRQHandler  stm32f4xx_it.o
    0x08002190   0x08002190   0x0000000c   Code   RO          496    i.TIM1_TRG_COM_TIM11_IRQHandler  stm32f4xx_it.o
    0x0800219c   0x0800219c   0x000000a4   Code   RO         1940    i.TIM_Base_SetConfig  stm32f4xx_hal_tim.o
    0x08002240   0x08002240   0x00000014   Code   RO         1951    i.TIM_ETR_SetConfig  stm32f4xx_hal_tim.o
    0x08002254   0x08002254   0x00000010   Code   RO         1952    i.TIM_ITRx_SetConfig  stm32f4xx_hal_tim.o
    0x08002264   0x08002264   0x00000022   Code   RO         1958    i.TIM_TI1_ConfigInputStage  stm32f4xx_hal_tim.o
    0x08002286   0x08002286   0x00000024   Code   RO         1960    i.TIM_TI2_ConfigInputStage  stm32f4xx_hal_tim.o
    0x080022aa   0x080022aa   0x00000002   PAD
    0x080022ac   0x080022ac   0x00000210   Code   RO          164    i.TimeDetectTask    main.o
    0x080024bc   0x080024bc   0x00000010   Code   RO         2861    i.UART_DMAAbortOnError  stm32f4xx_hal_uart.o
    0x080024cc   0x080024cc   0x0000004e   Code   RO         2871    i.UART_EndRxTransfer  stm32f4xx_hal_uart.o
    0x0800251a   0x0800251a   0x000000c2   Code   RO         2873    i.UART_Receive_IT   stm32f4xx_hal_uart.o
    0x080025dc   0x080025dc   0x0000010c   Code   RO         2874    i.UART_SetConfig    stm32f4xx_hal_uart.o
    0x080026e8   0x080026e8   0x00000036   Code   RO         2876    i.UART_Start_Receive_IT  stm32f4xx_hal_uart.o
    0x0800271e   0x0800271e   0x00000002   PAD
    0x08002720   0x08002720   0x0000000c   Code   RO          497    i.USART2_IRQHandler  stm32f4xx_it.o
    0x0800272c   0x0800272c   0x00000002   Code   RO          498    i.UsageFault_Handler  stm32f4xx_it.o
    0x0800272e   0x0800272e   0x00000020   Code   RO         1465    i.__NVIC_SetPriority  stm32f4xx_hal_cortex.o
    0x0800274e   0x0800274e   0x00000002   Code   RO          433    i._sys_exit         usart.o
    0x08002750   0x08002750   0x00000018   Code   RO          434    i.fputc             usart.o
    0x08002768   0x08002768   0x00000074   Code   RO          166    i.main              main.o
    0x080027dc   0x080027dc   0x0000001a   Code   RO         4331    i.osDelay           cmsis_os2.o
    0x080027f6   0x080027f6   0x00000002   PAD
    0x080027f8   0x080027f8   0x00000024   Code   RO         4345    i.osKernelInitialize  cmsis_os2.o
    0x0800281c   0x0800281c   0x00000038   Code   RO         4348    i.osKernelStart     cmsis_os2.o
    0x08002854   0x08002854   0x0000005c   Code   RO         4373    i.osSemaphoreAcquire  cmsis_os2.o
    0x080028b0   0x080028b0   0x00000098   Code   RO         4376    i.osSemaphoreNew    cmsis_os2.o
    0x08002948   0x08002948   0x00000058   Code   RO         4377    i.osSemaphoreRelease  cmsis_os2.o
    0x080029a0   0x080029a0   0x0000008a   Code   RO         4390    i.osThreadNew       cmsis_os2.o
    0x08002a2a   0x08002a2a   0x00000002   PAD
    0x08002a2c   0x08002a2c   0x0000005c   Code   RO         3790    i.prvAddCurrentTaskToDelayedList  tasks.o
    0x08002a88   0x08002a88   0x000000d0   Code   RO         3791    i.prvAddNewTaskToReadyList  tasks.o
    0x08002b58   0x08002b58   0x00000058   Code   RO         4155    i.prvCheckForValidListAndQueue  timers.o
    0x08002bb0   0x08002bb0   0x00000026   Code   RO         3387    i.prvCopyDataFromQueue  queue.o
    0x08002bd6   0x08002bd6   0x0000006c   Code   RO         3388    i.prvCopyDataToQueue  queue.o
    0x08002c42   0x08002c42   0x00000034   Code   RO         3792    i.prvDeleteTCB      tasks.o
    0x08002c76   0x08002c76   0x00000002   PAD
    0x08002c78   0x08002c78   0x0000004c   Code   RO         4842    i.prvHeapInit       heap_4.o
    0x08002cc4   0x08002cc4   0x00000060   Code   RO         3793    i.prvIdleTask       tasks.o
    0x08002d24   0x08002d24   0x00000022   Code   RO         3390    i.prvInitialiseNewQueue  queue.o
    0x08002d46   0x08002d46   0x00000002   PAD
    0x08002d48   0x08002d48   0x000000b0   Code   RO         3794    i.prvInitialiseNewTask  tasks.o
    0x08002df8   0x08002df8   0x0000004c   Code   RO         4843    i.prvInsertBlockIntoFreeList  heap_4.o
    0x08002e44   0x08002e44   0x00000038   Code   RO         4157    i.prvInsertTimerInActiveList  timers.o
    0x08002e7c   0x08002e7c   0x0000001c   Code   RO         3391    i.prvIsQueueEmpty   queue.o
    0x08002e98   0x08002e98   0x000000fc   Code   RO         4158    i.prvProcessReceivedCommands  timers.o
    0x08002f94   0x08002f94   0x000000c0   Code   RO         4159    i.prvProcessTimerOrBlockTask  timers.o
    0x08003054   0x08003054   0x00000020   Code   RO         3796    i.prvResetNextTaskUnblockTime  tasks.o
    0x08003074   0x08003074   0x00000028   Code   RO         4160    i.prvSampleTimeNow  timers.o
    0x0800309c   0x0800309c   0x0000006c   Code   RO         4161    i.prvSwitchTimerLists  timers.o
    0x08003108   0x08003108   0x00000028   Code   RO         4898    i.prvTaskExitError  port.o
    0x08003130   0x08003130   0x00000024   Code   RO         4162    i.prvTimerTask      timers.o
    0x08003154   0x08003154   0x0000006a   Code   RO         3392    i.prvUnlockQueue    queue.o
    0x080031be   0x080031be   0x00000002   PAD
    0x080031c0   0x080031c0   0x000000dc   Code   RO         4844    i.pvPortMalloc      heap_4.o
    0x0800329c   0x0800329c   0x00000018   Code   RO         3799    i.pvTaskIncrementMutexHeldCount  tasks.o
    0x080032b4   0x080032b4   0x0000002c   Code   RO         4899    i.pxPortInitialiseStack  port.o
    0x080032e0   0x080032e0   0x00000026   Code   RO         3347    i.uxListRemove      list.o
    0x08003306   0x08003306   0x00000002   PAD
    0x08003308   0x08003308   0x00000014   Code   RO         4402    i.vApplicationGetIdleTaskMemory  cmsis_os2.o
    0x0800331c   0x0800331c   0x00000018   Code   RO         4403    i.vApplicationGetTimerTaskMemory  cmsis_os2.o
    0x08003334   0x08003334   0x00000016   Code   RO         3348    i.vListInitialise   list.o
    0x0800334a   0x0800334a   0x00000006   Code   RO         3349    i.vListInitialiseItem  list.o
    0x08003350   0x08003350   0x00000030   Code   RO         3350    i.vListInsert       list.o
    0x08003380   0x08003380   0x00000018   Code   RO         3351    i.vListInsertEnd    list.o
    0x08003398   0x08003398   0x00000040   Code   RO         4901    i.vPortEnterCritical  port.o
    0x080033d8   0x080033d8   0x00000028   Code   RO         4902    i.vPortExitCritical  port.o
    0x08003400   0x08003400   0x00000064   Code   RO         4845    i.vPortFree         heap_4.o
    0x08003464   0x08003464   0x00000024   Code   RO         4903    i.vPortSetupTimerInterrupt  port.o
    0x08003488   0x08003488   0x00000054   Code   RO         4904    i.vPortValidateInterruptPriority  port.o
    0x080034dc   0x080034dc   0x00000028   Code   RO         3398    i.vQueueAddToRegistry  queue.o
    0x08003504   0x08003504   0x0000002e   Code   RO         3399    i.vQueueDelete      queue.o
    0x08003532   0x08003532   0x00000002   PAD
    0x08003534   0x08003534   0x00000028   Code   RO         3401    i.vQueueUnregisterQueue  queue.o
    0x0800355c   0x0800355c   0x00000044   Code   RO         3402    i.vQueueWaitForMessageRestricted  queue.o
    0x080035a0   0x080035a0   0x0000004c   Code   RO         3809    i.vTaskDelay        tasks.o
    0x080035ec   0x080035ec   0x00000010   Code   RO         3814    i.vTaskInternalSetTimeOutState  tasks.o
    0x080035fc   0x080035fc   0x0000000c   Code   RO         3815    i.vTaskMissedYield  tasks.o
    0x08003608   0x08003608   0x00000030   Code   RO         3817    i.vTaskPlaceOnEventList  tasks.o
    0x08003638   0x08003638   0x00000038   Code   RO         3818    i.vTaskPlaceOnEventListRestricted  tasks.o
    0x08003670   0x08003670   0x00000090   Code   RO         3820    i.vTaskPriorityDisinheritAfterTimeout  tasks.o
    0x08003700   0x08003700   0x00000088   Code   RO         3826    i.vTaskStartScheduler  tasks.o
    0x08003788   0x08003788   0x00000010   Code   RO         3828    i.vTaskSuspendAll   tasks.o
    0x08003798   0x08003798   0x00000064   Code   RO         3829    i.vTaskSwitchContext  tasks.o
    0x080037fc   0x080037fc   0x000000f4   Code   RO         4905    i.xPortStartScheduler  port.o
    0x080038f0   0x080038f0   0x0000002c   Code   RO         4906    i.xPortSysTickHandler  port.o
    0x0800391c   0x0800391c   0x0000003a   Code   RO         3403    i.xQueueCreateCountingSemaphore  queue.o
    0x08003956   0x08003956   0x00000040   Code   RO         3404    i.xQueueCreateCountingSemaphoreStatic  queue.o
    0x08003996   0x08003996   0x00000042   Code   RO         3407    i.xQueueGenericCreate  queue.o
    0x080039d8   0x080039d8   0x00000066   Code   RO         3408    i.xQueueGenericCreateStatic  queue.o
    0x08003a3e   0x08003a3e   0x00000002   PAD
    0x08003a40   0x08003a40   0x00000088   Code   RO         3409    i.xQueueGenericReset  queue.o
    0x08003ac8   0x08003ac8   0x00000160   Code   RO         3410    i.xQueueGenericSend  queue.o
    0x08003c28   0x08003c28   0x000000be   Code   RO         3411    i.xQueueGenericSendFromISR  queue.o
    0x08003ce6   0x08003ce6   0x0000009c   Code   RO         3414    i.xQueueGiveFromISR  queue.o
    0x08003d82   0x08003d82   0x00000002   PAD
    0x08003d84   0x08003d84   0x00000138   Code   RO         3420    i.xQueueReceive     queue.o
    0x08003ebc   0x08003ebc   0x0000009a   Code   RO         3421    i.xQueueReceiveFromISR  queue.o
    0x08003f56   0x08003f56   0x00000002   PAD
    0x08003f58   0x08003f58   0x00000178   Code   RO         3422    i.xQueueSemaphoreTake  queue.o
    0x080040d0   0x080040d0   0x00000074   Code   RO         3831    i.xTaskCheckForTimeOut  tasks.o
    0x08004144   0x08004144   0x0000005a   Code   RO         3832    i.xTaskCreate       tasks.o
    0x0800419e   0x0800419e   0x00000056   Code   RO         3833    i.xTaskCreateStatic  tasks.o
    0x080041f4   0x080041f4   0x0000001c   Code   RO         3837    i.xTaskGetSchedulerState  tasks.o
    0x08004210   0x08004210   0x0000000c   Code   RO         3838    i.xTaskGetTickCount  tasks.o
    0x0800421c   0x0800421c   0x000000c8   Code   RO         3840    i.xTaskIncrementTick  tasks.o
    0x080042e4   0x080042e4   0x00000080   Code   RO         3843    i.xTaskPriorityDisinherit  tasks.o
    0x08004364   0x08004364   0x00000078   Code   RO         3844    i.xTaskPriorityInherit  tasks.o
    0x080043dc   0x080043dc   0x00000070   Code   RO         3845    i.xTaskRemoveFromEventList  tasks.o
    0x0800444c   0x0800444c   0x000000c4   Code   RO         3846    i.xTaskResumeAll    tasks.o
    0x08004510   0x08004510   0x00000060   Code   RO         4171    i.xTimerCreateTimerTask  timers.o
    0x08004570   0x08004570   0x00000068   Code   RO         4172    i.xTimerGenericCommand  timers.o
    0x080045d8   0x080045d8   0x0000000a   Code   RO         5152    x$fpl$fpinit        fz_wm.l(fpinit.o)
    0x080045e2   0x080045e2   0x00000002   PAD
    0x080045e4   0x080045e4   0x0000006c   Data   RO          168    .constdata          main.o
    0x08004650   0x08004650   0x00000068   Data   RO          338    .constdata          freertos.o
    0x080046b8   0x080046b8   0x00000010   Data   RO         3183    .constdata          system_stm32f4xx.o
    0x080046c8   0x080046c8   0x00000008   Data   RO         3184    .constdata          system_stm32f4xx.o
    0x080046d0   0x080046d0   0x00000027   Data   RO          169    .conststring        main.o
    0x080046f7   0x080046f7   0x00000001   PAD
    0x080046f8   0x080046f8   0x0000002a   Data   RO          339    .conststring        freertos.o
    0x08004722   0x08004722   0x00000002   PAD
    0x08004724   0x08004724   0x00000020   Data   RO         5208    Region$$Table       anon$$obj.o


    Execution Region RW_IRAM1 (Exec base: 0x20000000, Load base: 0x08004744, Size: 0x00005a50, Max: 0x00020000, ABSOLUTE)

    Exec Addr    Load Addr    Size         Type   Attr      Idx    E Section Name        Object

    0x20000000   0x08004744   0x00000020   Data   RW          170    .data               main.o
    0x20000020   0x08004764   0x00000010   Data   RW          340    .data               freertos.o
    0x20000030   0x08004774   0x00000004   Data   RW          436    .data               usart.o
    0x20000034   0x08004778   0x0000000c   Data   RW         1614    .data               stm32f4xx_hal.o
    0x20000040   0x08004784   0x00000004   Data   RW         3185    .data               system_stm32f4xx.o
    0x20000044   0x08004788   0x0000003c   Data   RW         3849    .data               tasks.o
    0x20000080   0x080047c4   0x00000014   Data   RW         4180    .data               timers.o
    0x20000094   0x080047d8   0x00000004   Data   RW         4405    .data               cmsis_os2.o
    0x20000098   0x080047dc   0x00000020   Data   RW         4851    .data               heap_4.o
    0x200000b8   0x080047fc   0x0000000c   Data   RW         4907    .data               port.o
    0x200000c4        -       0x00000080   Zero   RW           17    .bss                key.o
    0x20000144        -       0x000008fa   Zero   RW          167    .bss                main.o
    0x20000a3e   0x08004808   0x00000002   PAD
    0x20000a40        -       0x00000048   Zero   RW          391    .bss                tim.o
    0x20000a88        -       0x00000048   Zero   RW          435    .bss                usart.o
    0x20000ad0        -       0x00000048   Zero   RW          593    .bss                stm32f4xx_hal_timebase_tim.o
    0x20000b18        -       0x00000040   Zero   RW         3424    .bss                queue.o
    0x20000b58        -       0x000004c4   Zero   RW         3848    .bss                tasks.o
    0x2000101c        -       0x00000118   Zero   RW         4179    .bss                timers.o
    0x20001134        -       0x000006b8   Zero   RW         4404    .bss                cmsis_os2.o
    0x200017ec        -       0x00003c00   Zero   RW         4850    .bss                heap_4.o
    0x200053ec        -       0x00000060   Zero   RW         5084    .bss                c_w.l(libspace.o)
    0x2000544c   0x08004808   0x00000004   PAD
    0x20005450        -       0x00000200   Zero   RW            2    HEAP                startup_stm32f411xe.o
    0x20005650        -       0x00000400   Zero   RW            1    STACK               startup_stm32f411xe.o


==============================================================================

Image component sizes


      Code (inc. data)   RO Data    RW Data    ZI Data      Debug   Object Name

       658         32          0          4       1720      68190   cmsis_os2.o
         0          0          0          0          0      19464   event_groups.o
       212         52        146         16          0       2733   freertos.o
       148         12          0          0          0        947   gpio.o
       472         24          0         32      15360       4887   heap_4.o
       168         10          0          0        128     421979   key.o
       138          0          0          0          0       3566   list.o
      2044        424        147         32       2298      20006   main.o
       786         82          0         12          0      11557   port.o
      2474         28          0          0         64      26532   queue.o
        64         26        408          0       1536        848   startup_stm32f411xe.o
        80         14          0         12          0       7966   stm32f4xx_hal.o
       158         14          0          0          0      33050   stm32f4xx_hal_cortex.o
       182          0          0          0          0       2111   stm32f4xx_hal_dma.o
       500         34          0          0          0       2843   stm32f4xx_hal_gpio.o
        56          4          0          0          0        874   stm32f4xx_hal_msp.o
      1408         82          0          0          0       5925   stm32f4xx_hal_rcc.o
      1048         48          0          0          0      10956   stm32f4xx_hal_tim.o
         4          0          0          0          0       1641   stm32f4xx_hal_tim_ex.o
       140         22          0          0         72       1440   stm32f4xx_hal_timebase_tim.o
      1368         16          0          0          0       9308   stm32f4xx_hal_uart.o
        48         18          0          0          0       4268   stm32f4xx_it.o
         0          0          0          0          0        384   stream_buffer.o
        16          4         24          4          0       1139   system_stm32f4xx.o
      2372        192          0         60       1220      29581   tasks.o
       136         18          0          0         72       1630   tim.o
       972         80          0         20        280      32179   timers.o
       202         26          0          4         72       4018   usart.o

    ----------------------------------------------------------------------
     15896       1262        760        196      22824     730022   Object Totals
         0          0         32          0          0          0   (incl. Generated)
        42          0          3          0          2          0   (incl. Padding)

    ----------------------------------------------------------------------

      Code (inc. data)   RO Data    RW Data    ZI Data      Debug   Library Member Name

         8          0          0          0          0         68   __main.o
       104          0          0          0          0         84   __printf.o
         0          0          0          0          0          0   __rtentry.o
        12          0          0          0          0          0   __rtentry2.o
         6          0          0          0          0          0   __rtentry4.o
        52          8          0          0          0          0   __scatter.o
        26          0          0          0          0          0   __scatter_copy.o
        28          0          0          0          0          0   __scatter_zi.o
         6          0          0          0          0          0   _printf_c.o
        44          0          0          0          0        108   _printf_char.o
        48          6          0          0          0         96   _printf_char_common.o
        36          4          0          0          0         80   _printf_char_file.o
         6          0          0          0          0          0   _printf_d.o
       120         16          0          0          0         92   _printf_dec.o
       178          0          0          0          0         88   _printf_intcommon.o
         0          0          0          0          0          0   _printf_percent.o
         4          0          0          0          0          0   _printf_percent_end.o
         6          0          0          0          0          0   _printf_s.o
        82          0          0          0          0         80   _printf_str.o
        16          0          0          0          0         68   aeabi_memset.o
        18          0          0          0          0         80   exit.o
         8          0          0          0          0         68   ferror.o
         6          0          0          0          0        152   heapauxi.o
         2          0          0          0          0          0   libinit.o
         6          0          0          0          0          0   libinit2.o
         2          0          0          0          0          0   libshutdown.o
         2          0          0          0          0          0   libshutdown2.o
         8          4          0          0         96         68   libspace.o
       238          0          0          0          0        100   lludivv7m.o
        24          4          0          0          0         84   noretval__2printf.o
        68          0          0          0          0         68   rt_memclr.o
        78          0          0          0          0         80   rt_memclr_w.o
       138          0          0          0          0         68   rt_memcpy_v6.o
       100          0          0          0          0         80   rt_memcpy_w.o
         2          0          0          0          0          0   rtexit.o
        10          0          0          0          0          0   rtexit2.o
        74          0          0          0          0         80   sys_stackheap_outer.o
         2          0          0          0          0         68   use_no_semi.o
         2          0          0          0          0         68   use_no_semi_2.o
        10          0          0          0          0        116   fpinit.o

    ----------------------------------------------------------------------
      1588         42          0          0        100       1944   Library Totals
         8          0          0          0          4          0   (incl. Padding)

    ----------------------------------------------------------------------

      Code (inc. data)   RO Data    RW Data    ZI Data      Debug   Library Name

      1570         42          0          0         96       1828   c_w.l
        10          0          0          0          0        116   fz_wm.l

    ----------------------------------------------------------------------
      1588         42          0          0        100       1944   Library Totals

    ----------------------------------------------------------------------

==============================================================================


      Code (inc. data)   RO Data    RW Data    ZI Data      Debug   

     17484       1304        760        196      22924     715430   Grand Totals
     17484       1304        760        196      22924     715430   ELF Image Totals
     17484       1304        760        196          0          0   ROM Totals

==============================================================================

    Total RO  Size (Code + RO Data)                18244 (  17.82kB)
    Total RW  Size (RW Data + ZI Data)             23120 (  22.58kB)
    Total ROM Size (Code + RO Data + RW Data)      18440 (  18.01kB)

==============================================================================

