Component: ARM Compiler 5.06 update 7 (build 960) Tool: armlink [4d3601]

==============================================================================

Section Cross References

    startup_stm32f411xe.o(STACK) refers (Special) to heapauxi.o(.text) for __use_two_region_memory
    startup_stm32f411xe.o(HEAP) refers (Special) to heapauxi.o(.text) for __use_two_region_memory
    startup_stm32f411xe.o(RESET) refers (Special) to heapauxi.o(.text) for __use_two_region_memory
    startup_stm32f411xe.o(RESET) refers to startup_stm32f411xe.o(STACK) for __initial_sp
    startup_stm32f411xe.o(RESET) refers to startup_stm32f411xe.o(.text) for Reset_Handler
    startup_stm32f411xe.o(RESET) refers to stm32f4xx_it.o(i.NMI_Handler) for NMI_Handler
    startup_stm32f411xe.o(RESET) refers to stm32f4xx_it.o(i.HardFault_Handler) for HardFault_Handler
    startup_stm32f411xe.o(RESET) refers to stm32f4xx_it.o(i.MemManage_Handler) for MemManage_Handler
    startup_stm32f411xe.o(RESET) refers to stm32f4xx_it.o(i.BusFault_Handler) for BusFault_Handler
    startup_stm32f411xe.o(RESET) refers to stm32f4xx_it.o(i.UsageFault_Handler) for UsageFault_Handler
    startup_stm32f411xe.o(RESET) refers to port.o(.emb_text) for SVC_Handler
    startup_stm32f411xe.o(RESET) refers to stm32f4xx_it.o(i.DebugMon_Handler) for DebugMon_Handler
    startup_stm32f411xe.o(RESET) refers to cmsis_os2.o(i.SysTick_Handler) for SysTick_Handler
    startup_stm32f411xe.o(RESET) refers to stm32f4xx_it.o(i.TIM1_BRK_TIM9_IRQHandler) for TIM1_BRK_TIM9_IRQHandler
    startup_stm32f411xe.o(RESET) refers to stm32f4xx_it.o(i.TIM1_TRG_COM_TIM11_IRQHandler) for TIM1_TRG_COM_TIM11_IRQHandler
    startup_stm32f411xe.o(RESET) refers to stm32f4xx_it.o(i.USART2_IRQHandler) for USART2_IRQHandler
    startup_stm32f411xe.o(.text) refers (Special) to heapauxi.o(.text) for __use_two_region_memory
    startup_stm32f411xe.o(.text) refers to system_stm32f4xx.o(i.SystemInit) for SystemInit
    startup_stm32f411xe.o(.text) refers to __main.o(!!!main) for __main
    startup_stm32f411xe.o(.text) refers to startup_stm32f411xe.o(HEAP) for Heap_Mem
    startup_stm32f411xe.o(.text) refers to startup_stm32f411xe.o(STACK) for Stack_Mem
    key.o(i.Key_Init) refers to key.o(.bss) for .bss
    key.o(i.Key_normalscan) refers to stm32f4xx_hal_gpio.o(i.HAL_GPIO_ReadPin) for HAL_GPIO_ReadPin
    key.o(i.Key_normalscan) refers to key.o(.bss) for .bss
    key.o(i.Key_pressscan) refers to stm32f4xx_hal_gpio.o(i.HAL_GPIO_ReadPin) for HAL_GPIO_ReadPin
    key.o(i.Key_pressscan) refers to key.o(.bss) for .bss
    key.o(i.Key_specialscan) refers to stm32f4xx_hal_gpio.o(i.HAL_GPIO_ReadPin) for HAL_GPIO_ReadPin
    key.o(i.Key_specialscan) refers to key.o(.bss) for .bss
    main.o(i.HAL_TIM_PeriodElapsedCallback) refers to stm32f4xx_hal.o(i.HAL_IncTick) for HAL_IncTick
    main.o(i.HAL_TIM_PeriodElapsedCallback) refers to stm32f4xx_hal_tim.o(i.HAL_TIM_Base_Stop_IT) for HAL_TIM_Base_Stop_IT
    main.o(i.HAL_TIM_PeriodElapsedCallback) refers to cmsis_os2.o(i.osSemaphoreRelease) for osSemaphoreRelease
    main.o(i.HAL_TIM_PeriodElapsedCallback) refers to main.o(.data) for .data
    main.o(i.HAL_TIM_PeriodElapsedCallback) refers to tim.o(.bss) for htim9
    main.o(i.HAL_TIM_PeriodElapsedCallback) refers to freertos.o(.data) for UsartHandle
    main.o(i.HAL_UART_RxCpltCallback) refers to stm32f4xx_hal_tim.o(i.HAL_TIM_Base_Start_IT) for HAL_TIM_Base_Start_IT
    main.o(i.HAL_UART_RxCpltCallback) refers to stm32f4xx_hal_uart.o(i.HAL_UART_Receive_IT) for HAL_UART_Receive_IT
    main.o(i.HAL_UART_RxCpltCallback) refers to tim.o(.bss) for htim9
    main.o(i.HAL_UART_RxCpltCallback) refers to main.o(.data) for .data
    main.o(i.HAL_UART_RxCpltCallback) refers to main.o(.bss) for .bss
    main.o(i.HAL_UART_RxCpltCallback) refers to usart.o(.bss) for huart2
    main.o(i.SystemClock_Config) refers to rt_memclr_w.o(.text) for __aeabi_memclr4
    main.o(i.SystemClock_Config) refers to stm32f4xx_hal_rcc.o(i.HAL_RCC_OscConfig) for HAL_RCC_OscConfig
    main.o(i.SystemClock_Config) refers to stm32f4xx_hal_rcc.o(i.HAL_RCC_ClockConfig) for HAL_RCC_ClockConfig
    main.o(i.main) refers to stm32f4xx_hal.o(i.HAL_Init) for HAL_Init
    main.o(i.main) refers to main.o(i.SystemClock_Config) for SystemClock_Config
    main.o(i.main) refers to gpio.o(i.MX_GPIO_Init) for MX_GPIO_Init
    main.o(i.main) refers to usart.o(i.MX_USART2_UART_Init) for MX_USART2_UART_Init
    main.o(i.main) refers to tim.o(i.MX_TIM9_Init) for MX_TIM9_Init
    main.o(i.main) refers to cmsis_os2.o(i.osKernelInitialize) for osKernelInitialize
    main.o(i.main) refers to freertos.o(i.MX_FREERTOS_Init) for MX_FREERTOS_Init
    main.o(i.main) refers to cmsis_os2.o(i.osKernelStart) for osKernelStart
    gpio.o(i.MX_GPIO_Init) refers to rt_memclr_w.o(.text) for __aeabi_memclr4
    gpio.o(i.MX_GPIO_Init) refers to stm32f4xx_hal_gpio.o(i.HAL_GPIO_WritePin) for HAL_GPIO_WritePin
[...]
    i.prvInitialiseNewQueue                  0x0800304c   Section        0  queue.o(i.prvInitialiseNewQueue)
    prvInitialiseNewQueue                    0x0800304d   Thumb Code    34  queue.o(i.prvInitialiseNewQueue)
    i.prvInitialiseNewTask                   0x08003070   Section        0  tasks.o(i.prvInitialiseNewTask)
    prvInitialiseNewTask                     0x08003071   Thumb Code   176  tasks.o(i.prvInitialiseNewTask)
    i.prvInsertBlockIntoFreeList             0x08003120   Section        0  heap_4.o(i.prvInsertBlockIntoFreeList)
    prvInsertBlockIntoFreeList               0x08003121   Thumb Code    72  heap_4.o(i.prvInsertBlockIntoFreeList)
    i.prvInsertTimerInActiveList             0x0800316c   Section        0  timers.o(i.prvInsertTimerInActiveList)
    prvInsertTimerInActiveList               0x0800316d   Thumb Code    52  timers.o(i.prvInsertTimerInActiveList)
    i.prvIsQueueEmpty                        0x080031a4   Section        0  queue.o(i.prvIsQueueEmpty)
    prvIsQueueEmpty                          0x080031a5   Thumb Code    28  queue.o(i.prvIsQueueEmpty)
    i.prvProcessReceivedCommands             0x080031c0   Section        0  timers.o(i.prvProcessReceivedCommands)
    prvProcessReceivedCommands               0x080031c1   Thumb Code   248  timers.o(i.prvProcessReceivedCommands)
    i.prvProcessTimerOrBlockTask             0x080032bc   Section        0  timers.o(i.prvProcessTimerOrBlockTask)
    prvProcessTimerOrBlockTask               0x080032bd   Thumb Code   182  timers.o(i.prvProcessTimerOrBlockTask)
    i.prvResetNextTaskUnblockTime            0x0800337c   Section        0  tasks.o(i.prvResetNextTaskUnblockTime)
    prvResetNextTaskUnblockTime              0x0800337d   Thumb Code    26  tasks.o(i.prvResetNextTaskUnblockTime)
    i.prvSampleTimeNow                       0x0800339c   Section        0  timers.o(i.prvSampleTimeNow)
    prvSampleTimeNow                         0x0800339d   Thumb Code    36  timers.o(i.prvSampleTimeNow)
    i.prvSwitchTimerLists                    0x080033c4   Section        0  timers.o(i.prvSwitchTimerLists)
    prvSwitchTimerLists                      0x080033c5   Thumb Code   104  timers.o(i.prvSwitchTimerLists)
    i.prvTaskExitError                       0x08003430   Section        0  port.o(i.prvTaskExitError)
    prvTaskExitError                         0x08003431   Thumb Code    36  port.o(i.prvTaskExitError)
    i.prvTimerTask                           0x08003458   Section        0  timers.o(i.prvTimerTask)
    prvTimerTask                             0x08003459   Thumb Code    32  timers.o(i.prvTimerTask)
    i.prvUnlockQueue                         0x0800347c   Section        0  queue.o(i.prvUnlockQueue)
    prvUnlockQueue                           0x0800347d   Thumb Code   106  queue.o(i.prvUnlockQueue)
    i.pvPortMalloc                           0x080034e8   Section        0  heap_4.o(i.pvPortMalloc)
    i.pvTaskIncrementMutexHeldCount          0x080035c4   Section        0  tasks.o(i.pvTaskIncrementMutexHeldCount)
    i.pxPortInitialiseStack                  0x080035dc   Section        0  port.o(i.pxPortInitialiseStack)
    i.uxListRemove                           0x08003608   Section        0  list.o(i.uxListRemove)
    i.vApplicationGetIdleTaskMemory          0x08003630   Section        0  cmsis_os2.o(i.vApplicationGetIdleTaskMemory)
    i.vApplicationGetTimerTaskMemory         0x08003644   Section        0  cmsis_os2.o(i.vApplicationGetTimerTaskMemory)
    i.vListInitialise                        0x0800365c   Section        0  list.o(i.vListInitialise)
    i.vListInitialiseItem                    0x08003672   Section        0  list.o(i.vListInitialiseItem)
    i.vListInsert                            0x08003678   Section        0  list.o(i.vListInsert)
    i.vListInsertEnd                         0x080036a8   Section        0  list.o(i.vListInsertEnd)
    i.vPortEnterCritical                     0x080036c0   Section        0  port.o(i.vPortEnterCritical)
    i.vPortExitCritical                      0x08003700   Section        0  port.o(i.vPortExitCritical)
    i.vPortFree                              0x08003728   Section        0  heap_4.o(i.vPortFree)
    i.vPortSetupTimerInterrupt               0x0800378c   Section        0  port.o(i.vPortSetupTimerInterrupt)
    i.vPortValidateInterruptPriority         0x080037b0   Section        0  port.o(i.vPortValidateInterruptPriority)
    i.vQueueAddToRegistry                    0x08003804   Section        0  queue.o(i.vQueueAddToRegistry)
    i.vQueueDelete                           0x0800382c   Section        0  queue.o(i.vQueueDelete)
    i.vQueueUnregisterQueue                  0x0800385c   Section        0  queue.o(i.vQueueUnregisterQueue)
    i.vQueueWaitForMessageRestricted         0x08003884   Section        0  queue.o(i.vQueueWaitForMessageRestricted)
    i.vTaskDelay                             0x080038c8   Section        0  tasks.o(i.vTaskDelay)
    i.vTaskInternalSetTimeOutState           0x08003914   Section        0  tasks.o(i.vTaskInternalSetTimeOutState)
    i.vTaskMissedYield                       0x08003924   Section        0  tasks.o(i.vTaskMissedYield)
    i.vTaskPlaceOnEventList                  0x08003930   Section        0  tasks.o(i.vTaskPlaceOnEventList)
    i.vTaskPlaceOnEventListRestricted        0x08003960   Section        0  tasks.o(i.vTaskPlaceOnEventListRestricted)
    i.vTaskPriorityDisinheritAfterTimeout    0x08003998   Section        0  tasks.o(i.vTaskPriorityDisinheritAfterTimeout)
    i.vTaskStartScheduler                    0x08003a28   Section        0  tasks.o(i.vTaskStartScheduler)
    i.vTaskSuspendAll                        0x08003ab0   Section        0  tasks.o(i.vTaskSuspendAll)
    i.vTaskSwitchContext                     0x08003ac0   Section        0  tasks.o(i.vTaskSwitchContext)
    i.xPortStartScheduler                    0x08003b24   Section        0  port.o(i.xPortStartScheduler)
    i.xPortSysTickHandler                    0x08003c18   Section        0  port.o(i.xPortSysTickHandler)
    i.xQueueCreateCountingSemaphore          0x08003c44   Section        0  queue.o(i.xQueueCreateCountingSemaphore)
    i.xQueueCreateCountingSemaphoreStatic    0x08003c7e   Section        0  queue.o(i.xQueueCreateCountingSemaphoreStatic)
    i.xQueueGenericCreate                    0x08003cbe   Section        0  queue.o(i.xQueueGenericCreate)
    i.xQueueGenericCreateStatic              0x08003d00   Section        0  queue.o(i.xQueueGenericCreateStatic)
    i.xQueueGenericReset                     0x08003d68   Section        0  queue.o(i.xQueueGenericReset)
    i.xQueueGenericSend                      0x08003df0   Section        0  queue.o(i.xQueueGenericSend)
    i.xQueueGenericSendFromISR               0x08003f50   Section        0  queue.o(i.xQueueGenericSendFromISR)
    i.xQueueGiveFromISR                      0x0800400e   Section        0  queue.o(i.xQueueGiveFromISR)
    i.xQueueReceive                          0x080040ac   Section        0  queue.o(i.xQueueReceive)
    i.xQueueReceiveFromISR                   0x080041e4   Section        0  queue.o(i.xQueueReceiveFromISR)
    i.xQueueSemaphoreTake                    0x08004280   Section        0  queue.o(i.xQueueSemaphoreTake)
    i.xTaskCheckForTimeOut                   0x080043f8   Section        0  tasks.o(i.xTaskCheckForTimeOut)
    i.xTaskCreate                            0x0800446c   Section        0  tasks.o(i.xTaskCreate)
    i.xTaskCreateStatic                      0x080044c6   Section        0  tasks.o(i.xTaskCreateStatic)
    i.xTaskGetSchedulerState                 0x0800451c   Section        0  tasks.o(i.xTaskGetSchedulerState)
    i.xTaskGetTickCount                      0x08004538   Section        0  tasks.o(i.xTaskGetTickCount)
    i.xTaskIncrementTick                     0x08004544   Section        0  tasks.o(i.xTaskIncrementTick)
    i.xTaskPriorityDisinherit                0x0800460c   Section        0  tasks.o(i.xTaskPriorityDisinherit)
    i.xTaskPriorityInherit                   0x0800468c   Section        0  tasks.o(i.xTaskPriorityInherit)
    i.xTaskRemoveFromEventList               0x08004704   Section        0  tasks.o(i.xTaskRemoveFromEventList)
    i.xTaskResumeAll                         0x08004774   Section        0  tasks.o(i.xTaskResumeAll)
    i.xTimerCreateTimerTask                  0x08004838   Section        0  timers.o(i.xTimerCreateTimerTask)
    i.xTimerGenericCommand                   0x08004898   Section        0  timers.o(i.xTimerGenericCommand)
    x$fpl$fpinit                             0x08004900   Section       10  fpinit.o(x$fpl$fpinit)
    $v0                                      0x08004900   Number         0  fpinit.o(x$fpl$fpinit)
    .constdata                               0x0800490c   Section      228  freertos.o(.constdata)
    .constdata                               0x080049f0   Section       16  system_stm32f4xx.o(.constdata)
    .constdata                               0x08004a00   Section        8  system_stm32f4xx.o(.constdata)
    .conststring                             0x08004a08   Section       90  freertos.o(.conststring)
    .data                                    0x20000000   Section        4  main.o(.data)
    .data                                    0x20000004   Section       52  freertos.o(.data)
    .data                                    0x20000038   Section        4  usart.o(.data)
    .data                                    0x2000003c   Section       12  stm32f4xx_hal.o(.data)
    .data                                    0x20000048   Section        4  system_stm32f4xx.o(.data)
    .data                                    0x2000004c   Section       60  tasks.o(.data)
    uxDeletedTasksWaitingCleanUp             0x20000050   Data           4  tasks.o(.data)
    uxCurrentNumberOfTasks                   0x20000054   Data           4  tasks.o(.data)
    xTickCount                               0x20000058   Data           4  tasks.o(.data)
    uxTopReadyPriority                       0x2000005c   Data           4  tasks.o(.data)
    xSchedulerRunning                        0x20000060   Data           4  tasks.o(.data)
    xPendedTicks                             0x20000064   Data           4  tasks.o(.data)
    xYieldPending                            0x20000068   Data           4  tasks.o(.data)
    xNumOfOverflows                          0x2000006c   Data           4  tasks.o(.data)
    uxTaskNumber                             0x20000070   Data           4  tasks.o(.data)
    xNextTaskUnblockTime                     0x20000074   Data           4  tasks.o(.data)
    xIdleTaskHandle                          0x20000078   Data           4  tasks.o(.data)
    uxSchedulerSuspended                     0x2000007c   Data           4  tasks.o(.data)
    pxDelayedTaskList                        0x20000080   Data           4  tasks.o(.data)
    pxOverflowDelayedTaskList                0x20000084   Data           4  tasks.o(.data)
    .data                                    0x20000088   Section       20  timers.o(.data)
    xTimerQueue                              0x20000088   Data           4  timers.o(.data)
    xTimerTaskHandle                         0x2000008c   Data           4  timers.o(.data)
    xLastTime                                0x20000090   Data           4  timers.o(.data)
    pxCurrentTimerList                       0x20000094   Data           4  timers.o(.data)
    pxOverflowTimerList                      0x20000098   Data           4  timers.o(.data)
    .data                                    0x2000009c   Section        4  cmsis_os2.o(.data)
    KernelState                              0x2000009c   Data           4  cmsis_os2.o(.data)
    .data                                    0x200000a0   Section       32  heap_4.o(.data)
    pxEnd                                    0x200000a0   Data           4  heap_4.o(.data)
    xFreeBytesRemaining                      0x200000a4   Data           4  heap_4.o(.data)
    xMinimumEverFreeBytesRemaining           0x200000a8   Data           4  heap_4.o(.data)
    xNumberOfSuccessfulAllocations           0x200000ac   Data           4  heap_4.o(.data)
    xNumberOfSuccessfulFrees                 0x200000b0   Data           4  heap_4.o(.data)
    xBlockAllocatedBit                       0x200000b4   Data           4  heap_4.o(.data)
    xStart                                   0x200000b8   Data           8  heap_4.o(.data)
    .data                                    0x200000c0   Section       12  port.o(.data)
    ucMaxSysCallPriority                     0x200000c0   Data           1  port.o(.data)
    uxCriticalNesting                        0x200000c4   Data           4  port.o(.data)
    ulMaxPRIGROUPValue                       0x200000c8   Data           4  port.o(.data)
    .bss                                     0x200000cc   Section      128  key.o(.bss)
    Keys                                     0x200000cc   Data         128  key.o(.bss)
    .bss                                     0x2000014c   Section     2048  main.o(.bss)
    .bss                                     0x2000094c   Section      350  freertos.o(.bss)
    .bss                                     0x20000aac   Section       72  tim.o(.bss)
    .bss                                     0x20000af4   Section       72  usart.o(.bss)
    .bss                                     0x20000b3c   Section       72  stm32f4xx_hal_timebase_tim.o(.bss)
    .bss                                     0x20000b84   Section       64  queue.o(.bss)
    .bss                                     0x20000bc4   Section     1220  tasks.o(.bss)
    pxReadyTasksLists                        0x20000bc4   Data        1120  tasks.o(.bss)
    xDelayedTaskList1                        0x20001024   Data          20  tasks.o(.bss)
    xDelayedTaskList2                        0x20001038   Data          20  tasks.o(.bss)
    xPendingReadyList                        0x2000104c   Data          20  tasks.o(.bss)
    xTasksWaitingTermination                 0x20001060   Data          20  tasks.o(.bss)
    xSuspendedTaskList                       0x20001074   Data          20  tasks.o(.bss)
    .bss                                     0x20001088   Section      280  timers.o(.bss)
    xStaticTimerQueue                        0x20001088   Data          80  timers.o(.bss)
    ucStaticTimerQueueStorage                0x200010d8   Data         160  timers.o(.bss)
    xActiveTimerList1                        0x20001178   Data          20  timers.o(.bss)
    xActiveTimerList2                        0x2000118c   Data          20  timers.o(.bss)
    .bss                                     0x200011a0   Section     1720  cmsis_os2.o(.bss)
    Idle_TCB                                 0x200011a0   Data          92  cmsis_os2.o(.bss)
    Idle_Stack                               0x200011fc   Data         512  cmsis_os2.o(.bss)
    Timer_TCB                                0x200013fc   Data          92  cmsis_os2.o(.bss)
    Timer_Stack                              0x20001458   Data        1024  cmsis_os2.o(.bss)
    .bss                                     0x20001858   Section    15360  heap_4.o(.bss)
    ucHeap                                   0x20001858   Data       15360  heap_4.o(.bss)
    .bss                                     0x20005458   Section       96  libspace.o(.bss)
    HEAP                                     0x200054b8   Section      512  startup_stm32f411xe.o(HEAP)
    Heap_Mem                                 0x200054b8   Data         512  startup_stm32f411xe.o(HEAP)
    STACK                                    0x200056b8   Section     1024  startup_stm32f411xe.o(STACK)
    Stack_Mem                                0x200056b8   Data        1024  startup_stm32f411xe.o(STACK)
    __initial_sp                             0x20005ab8   Data           0  startup_stm32f411xe.o(STACK)

    Global Symbols

    Symbol Name                              Value     Ov Type        Size  Object(Section)

    BuildAttributes$$THM_ISAv4$E$P$D$K$B$S$7EM$VFPi3$EXTD16$VFPS$VFMA$PE$A:L22UL41UL21$X:L11$S22US41US21$IEEE1$IW$USESV6$~STKCKD$USESV7$~SHL$OSPACE$ROPI$EBA8$UX$STANDARDLIB$REQ8$PRES8$EABIv2 0x00000000   Number         0  anon$$obj.o ABSOLUTE
    __ARM_use_no_argv                        0x00000000   Number         0  main.o ABSOLUTE
    __ARM_exceptions_init                     - Undefined Weak Reference
    __alloca_initialize                       - Undefined Weak Reference
    __arm_fini_                               - Undefined Weak Reference
    __arm_preinit_                            - Undefined Weak Reference
    __cpp_initialize__aeabi_                  - Undefined Weak Reference
    __cxa_finalize                            - Undefined Weak Reference
    __rt_locale                               - Undefined Weak Reference
    __sigvec_lookup                           - Undefined Weak Reference
    _atexit_init                              - Undefined Weak Reference
    _call_atexit_fns                          - Undefined Weak Reference
    _clock_init                               - Undefined Weak Reference
    _fp_trap_init                             - Undefined Weak Reference
    _fp_trap_shutdown                         - Undefined Weak Reference
    _get_lc_collate                           - Undefined Weak Reference
    _get_lc_ctype                             - Undefined Weak Reference
    _get_lc_monetary                          - Undefined Weak Reference
    _get_lc_numeric                           - Undefined Weak Reference
    _get_lc_time                              - Undefined Weak Reference
    _getenv_init                              - Undefined Weak Reference
    _handle_redirection                       - Undefined Weak Reference
    _init_alloc                               - Undefined Weak Reference
    _init_user_alloc                          - Undefined Weak Reference
    _initio                                   - Undefined Weak Reference
    _mutex_acquire                            - Undefined Weak Reference
    _mutex_release                            - Undefined Weak Reference
    _printf_mbtowc                            - Undefined Weak Reference
    _printf_post_padding                      - Undefined Weak Reference
    _printf_pre_padding                       - Undefined Weak Reference
    _printf_truncate_signed                   - Undefined Weak Reference
    _printf_truncate_unsigned                 - Undefined Weak Reference
    _rand_init                                - Undefined Weak Reference
    _signal_finish                            - Undefined Weak Reference
    _signal_init                              - Undefined Weak Reference
    _terminate_alloc                          - Undefined Weak Reference
    _terminate_user_alloc                     - Undefined Weak Reference
    _terminateio                              - Undefined Weak Reference
    __Vectors_Size                           0x00000198   Number         0  startup_stm32f411xe.o ABSOLUTE
    __Vectors                                0x08000000   Data           4  startup_stm32f411xe.o(RESET)
    __Vectors_End                            0x08000198   Data           0  startup_stm32f411xe.o(RESET)
    __main                                   0x08000199   Thumb Code     8  __main.o(!!!main)
    __scatterload                            0x080001a1   Thumb Code     0  __scatter.o(!!!scatter)
    __scatterload_rt2                        0x080001a1   Thumb Code    44  __scatter.o(!!!scatter)
    __scatterload_rt2_thumb_only             0x080001a1   Thumb Code     0  __scatter.o(!!!scatter)
    __scatterload_null                       0x080001af   Thumb Code     0  __scatter.o(!!!scatter)
    __scatterload_copy                       0x080001d5   Thumb Code    26  __scatter_copy.o(!!handler_copy)
    __scatterload_zeroinit                   0x080001f1   Thumb Code    28  __scatter_zi.o(!!handler_zi)
    _printf_d                                0x0800020d   Thumb Code     0  _printf_d.o(.ARM.Collect$$_printf_percent$$00000009)
    _printf_percent                          0x0800020d   Thumb Code     0  _printf_percent.o(.ARM.Collect$$_printf_percent$$00000000)
    _printf_c                                0x08000213   Thumb Code     0  _printf_c.o(.ARM.Collect$$_printf_percent$$00000013)
    _printf_percent_end                      0x08000219   Thumb Code     0  _printf_percent_end.o(.ARM.Collect$$_printf_percent$$00000017)
    __rt_lib_init                            0x0800021d   Thumb Code     0  libinit.o(.ARM.Collect$$libinit$$00000000)
    __rt_lib_init_fp_1                       0x0800021f   Thumb Code     0  libinit2.o(.ARM.Collect$$libinit$$00000001)
    __rt_lib_init_alloca_1                   0x08000223   Thumb Code     0  libinit2.o(.ARM.Collect$$libinit$$0000002E)
    __rt_lib_init_argv_1                     0x08000223   Thumb Code     0  libinit2.o(.ARM.Collect$$libinit$$0000002C)
    __rt_lib_init_atexit_1                   0x08000223   Thumb Code     0  libinit2.o(.ARM.Collect$$libinit$$0000001B)
    __rt_lib_init_clock_1                    0x08000223   Thumb Code     0  libinit2.o(.ARM.Collect$$libinit$$00000021)
    __rt_lib_init_cpp_1                      0x08000223   Thumb Code     0  libinit2.o(.ARM.Collect$$libinit$$00000032)
    __rt_lib_init_exceptions_1               0x08000223   Thumb Code     0  libinit2.o(.ARM.Collect$$libinit$$00000030)
    __rt_lib_init_fp_trap_1                  0x08000223   Thumb Code     0  libinit2.o(.ARM.Collect$$libinit$$0000001F)
    __rt_lib_init_getenv_1                   0x08000223   Thumb Code     0  libinit2.o(.ARM.Collect$$libinit$$00000023)
    __rt_lib_init_heap_1                     0x08000223   Thumb Code     0  libinit2.o(.ARM.Collect$$libinit$$0000000A)
    __rt_lib_init_lc_collate_1               0x08000223   Thumb Code     0  libinit2.o(.ARM.Collect$$libinit$$00000011)
    __rt_lib_init_lc_ctype_1                 0x08000223   Thumb Code     0  libinit2.o(.ARM.Collect$$libinit$$00000013)
    __rt_lib_init_lc_monetary_1              0x08000223   Thumb Code     0  libinit2.o(.ARM.Collect$$libinit$$00000015)
    __rt_lib_init_lc_numeric_1               0x08000223   Thumb Code     0  libinit2.o(.ARM.Collect$$libinit$$00000017)
    __rt_lib_init_lc_time_1                  0x08000223   Thumb Code     0  libinit2.o(.ARM.Collect$$libinit$$00000019)
    __rt_lib_init_preinit_1                  0x08000223   Thumb Code     0  libinit2.o(.ARM.Collect$$libinit$$00000004)
    __rt_lib_init_rand_1                     0x08000223   Thumb Code     0  libinit2.o(.ARM.Collect$$libinit$$0000000E)
    __rt_lib_init_return                     0x08000223   Thumb Code     0  libinit2.o(.ARM.Collect$$libinit$$00000033)
    __rt_lib_init_signal_1                   0x08000223   Thumb Code     0  libinit2.o(.ARM.Collect$$libinit$$0000001D)
    __rt_lib_init_stdio_1                    0x08000223   Thumb Code     0  libinit2.o(.ARM.Collect$$libinit$$00000025)
    __rt_lib_init_user_alloc_1               0x08000223   Thumb Code     0  libinit2.o(.ARM.Collect$$libinit$$0000000C)
    __rt_lib_shutdown                        0x08000225   Thumb Code     0  libshutdown.o(.ARM.Collect$$libshutdown$$00000000)
    __rt_lib_shutdown_cpp_1                  0x08000227   Thumb Code     0  libshutdown2.o(.ARM.Collect$$libshutdown$$00000004)
    __rt_lib_shutdown_fini_1                 0x08000227   Thumb Code     0  libshutdown2.o(.ARM.Collect$$libshutdown$$00000002)
    __rt_lib_shutdown_fp_trap_1              0x08000227   Thumb Code     0  libshutdown2.o(.ARM.Collect$$libshutdown$$00000009)
    __rt_lib_shutdown_heap_1                 0x08000227   Thumb Code     0  libshutdown2.o(.ARM.Collect$$libshutdown$$00000011)
    __rt_lib_shutdown_return                 0x08000227   Thumb Code     0  libshutdown2.o(.ARM.Collect$$libshutdown$$00000012)
    __rt_lib_shutdown_signal_1               0x08000227   Thumb Code     0  libshutdown2.o(.ARM.Collect$$libshutdown$$0000000C)
    __rt_lib_shutdown_stdio_1                0x08000227   Thumb Code     0  libshutdown2.o(.ARM.Collect$$libshutdown$$00000006)
    __rt_lib_shutdown_user_alloc_1           0x08000227   Thumb Code     0  libshutdown2.o(.ARM.Collect$$libshutdown$$0000000E)
    __rt_entry                               0x08000229   Thumb Code     0  __rtentry.o(.ARM.Collect$$rtentry$$00000000)
    __rt_entry_presh_1                       0x08000229   Thumb Code     0  __rtentry2.o(.ARM.Collect$$rtentry$$00000002)
    __rt_entry_sh                            0x08000229   Thumb Code     0  __rtentry4.o(.ARM.Collect$$rtentry$$00000004)
    __rt_entry_li                            0x0800022f   Thumb Code     0  __rtentry2.o(.ARM.Collect$$rtentry$$0000000A)
    __rt_entry_postsh_1                      0x0800022f   Thumb Code     0  __rtentry2.o(.ARM.Collect$$rtentry$$00000009)
    __rt_entry_main                          0x08000233   Thumb Code     0  __rtentry2.o(.ARM.Collect$$rtentry$$0000000D)
    __rt_entry_postli_1                      0x08000233   Thumb Code     0  __rtentry2.o(.ARM.Collect$$rtentry$$0000000C)
    __rt_exit                                0x0800023b   Thumb Code     0  rtexit.o(.ARM.Collect$$rtexit$$00000000)
    __rt_exit_ls                             0x0800023d   Thumb Code     0  rtexit2.o(.ARM.Collect$$rtexit$$00000003)
    __rt_exit_prels_1                        0x0800023d   Thumb Code     0  rtexit2.o(.ARM.Collect$$rtexit$$00000002)
    __rt_exit_exit                           0x08000241   Thumb Code     0  rtexit2.o(.ARM.Collect$$rtexit$$00000004)
    SVC_Handler                              0x08000249   Thumb Code    28  port.o(.emb_text)
    __asm___6_port_c_39a90d8d__prvStartFirstTask 0x08000269   Thumb Code    36  port.o(.emb_text)
    __asm___6_port_c_39a90d8d__prvEnableVFP  0x08000291   Thumb Code    16  port.o(.emb_text)
    PendSV_Handler                           0x080002a5   Thumb Code    88  port.o(.emb_text)
    vPortGetIPSR                             0x08000301   Thumb Code     6  port.o(.emb_text)
    Reset_Handler                            0x08000309   Thumb Code     8  startup_stm32f411xe.o(.text)
    ADC_IRQHandler                           0x08000323   Thumb Code     0  startup_stm32f411xe.o(.text)
    DMA1_Stream0_IRQHandler                  0x08000323   Thumb Code     0  startup_stm32f411xe.o(.text)
    DMA1_Stream1_IRQHandler                  0x08000323   Thumb Code     0  startup_stm32f411xe.o(.text)
    DMA1_Stream2_IRQHandler                  0x08000323   Thumb Code     0  startup_stm32f411xe.o(.text)
    DMA1_Stream3_IRQHandler                  0x08000323   Thumb Code     0  startup_stm32f411xe.o(.text)
    DMA1_Stream4_IRQHandler                  0x08000323   Thumb Code     0  startup_stm32f411xe.o(.text)
    DMA1_Stream5_IRQHandler                  0x08000323   Thumb Code     0  startup_stm32f411xe.o(.text)
    DMA1_Stream6_IRQHandler                  0x08000323   Thumb Code     0  startup_stm32f411xe.o(.text)
    DMA1_Stream7_IRQHandler                  0x08000323   Thumb Code     0  startup_stm32f411xe.o(.text)
    DMA2_Stream0_IRQHandler                  0x08000323   Thumb Code     0  startup_stm32f411xe.o(.text)
    DMA2_Stream1_IRQHandler                  0x08000323   Thumb Code     0  startup_stm32f411xe.o(.text)
    DMA2_Stream2_IRQHandler                  0x08000323   Thumb Code     0  startup_stm32f411xe.o(.text)
    DMA2_Stream3_IRQHandler                  0x08000323   Thumb Code     0  startup_stm32f411xe.o(.text)
    DMA2_Stream4_IRQHandler                  0x08000323   Thumb Code     0  startup_stm32f411xe.o(.text)
    DMA2_Stream5_IRQHandler                  0x08000323   Thumb Code     0  startup_stm32f411xe.o(.text)
    DMA2_Stream6_IRQHandler                  0x08000323   Thumb Code     0  startup_stm32f411xe.o(.text)
    DMA2_Stream7_IRQHandler                  0x08000323   Thumb Code     0  startup_stm32f411xe.o(.text)
    EXTI0_IRQHandler                         0x08000323   Thumb Code     0  startup_stm32f411xe.o(.text)
    EXTI15_10_IRQHandler                     0x08000323   Thumb Code     0  startup_stm32f411xe.o(.text)
    EXTI1_IRQHandler                         0x08000323   Thumb Code     0  startup_stm32f411xe.o(.text)
    EXTI2_IRQHandler                         0x08000323   Thumb Code     0  startup_stm32f411xe.o(.text)
    EXTI3_IRQHandler                         0x08000323   Thumb Code     0  startup_stm32f411xe.o(.text)
    EXTI4_IRQHandler                         0x08000323   Thumb Code     0  startup_stm32f411xe.o(.text)
    EXTI9_5_IRQHandler                       0x08000323   Thumb Code     0  startup_stm32f411xe.o(.text)
    FLASH_IRQHandler                         0x08000323   Thumb Code     0  startup_stm32f411xe.o(.text)
    FPU_IRQHandler                           0x08000323   Thumb Code     0  startup_stm32f411xe.o(.text)
    I2C1_ER_IRQHandler                       0x08000323   Thumb Code     0  startup_stm32f411xe.o(.text)
    I2C1_EV_IRQHandler                       0x08000323   Thumb Code     0  startup_stm32f411xe.o(.text)
    I2C2_ER_IRQHandler                       0x08000323   Thumb Code     0  startup_stm32f411xe.o(.text)
    I2C2_EV_IRQHandler                       0x08000323   Thumb Code     0  startup_stm32f411xe.o(.text)
    I2C3_ER_IRQHandler                       0x08000323   Thumb Code     0  startup_stm32f411xe.o(.text)
    I2C3_EV_IRQHandler                       0x08000323   Thumb Code     0  startup_stm32f411xe.o(.text)
    OTG_FS_IRQHandler                        0x08000323   Thumb Code     0  startup_stm32f411xe.o(.text)
    OTG_FS_WKUP_IRQHandler                   0x08000323   Thumb Code     0  startup_stm32f411xe.o(.text)
    PVD_IRQHandler                           0x08000323   Thumb Code     0  startup_stm32f411xe.o(.text)
    RCC_IRQHandler                           0x08000323   Thumb Code     0  startup_stm32f411xe.o(.text)
    RTC_Alarm_IRQHandler                     0x08000323   Thumb Code     0  startup_stm32f411xe.o(.text)
    RTC_WKUP_IRQHandler                      0x08000323   Thumb Code     0  startup_stm32f411xe.o(.text)
    SDIO_IRQHandler                          0x08000323   Thumb Code     0  startup_stm32f411xe.o(.text)
    SPI1_IRQHandler                          0x08000323   Thumb Code     0  startup_stm32f411xe.o(.text)
    SPI2_IRQHandler                          0x08000323   Thumb Code     0  startup_stm32f411xe.o(.text)
    SPI3_IRQHandler                          0x08000323   Thumb Code     0  startup_stm32f411xe.o(.text)
    SPI4_IRQHandler                          0x08000323   Thumb Code     0  startup_stm32f411xe.o(.text)
    SPI5_IRQHandler                          0x08000323   Thumb Code     0  startup_stm32f411xe.o(.text)
    TAMP_STAMP_IRQHandler                    0x08000323   Thumb Code     0  startup_stm32f411xe.o(.text)
    TIM1_CC_IRQHandler                       0x08000323   Thumb Code     0  startup_stm32f411xe.o(.text)
    TIM1_UP_TIM10_IRQHandler                 0x08000323   Thumb Code     0  startup_stm32f411xe.o(.text)
    TIM2_IRQHandler                          0x08000323   Thumb Code     0  startup_stm32f411xe.o(.text)
    TIM3_IRQHandler                          0x08000323   Thumb Code     0  startup_stm32f411xe.o(.text)
    TIM4_IRQHandler                          0x08000323   Thumb Code     0  startup_stm32f411xe.o(.text)
    TIM5_IRQHandler                          0x08000323   Thumb Code     0  startup_stm32f411xe.o(.text)
    USART1_IRQHandler                        0x08000323   Thumb Code     0  startup_stm32f411xe.o(.text)
    USART6_IRQHandler                        0x08000323   Thumb Code     0  startup_stm32f411xe.o(.text)
    WWDG_IRQHandler                          0x08000323   Thumb Code     0  startup_stm32f411xe.o(.text)
    __user_initial_stackheap                 0x08000325   Thumb Code     0  startup_stm32f411xe.o(.text)
    __use_no_semihosting                     0x08000349   Thumb Code     2  use_no_semi_2.o(.text)
    __aeabi_uldivmod                         0x0800034b   Thumb Code     0  lludivv7m.o(.text)
    _ll_udiv                                 0x0800034b   Thumb Code   238  lludivv7m.o(.text)
    __2printf                                0x08000439   Thumb Code    20  noretval__2printf.o(.text)
    __printf                                 0x08000451   Thumb Code   104  __printf.o(.text)
    _printf_str                              0x080004b9   Thumb Code    82  _printf_str.o(.text)
    _printf_int_dec                          0x0800050d   Thumb Code   104  _printf_dec.o(.text)
    __aeabi_memcpy                           0x08000585   Thumb Code     0  rt_memcpy_v6.o(.text)
    __rt_memcpy                              0x08000585   Thumb Code   138  rt_memcpy_v6.o(.text)
    _memcpy_lastbytes                        0x080005eb   Thumb Code     0  rt_memcpy_v6.o(.text)
    __aeabi_memset                           0x0800060f   Thumb Code    16  aeabi_memset.o(.text)
    __aeabi_memclr                           0x0800061f   Thumb Code     0  rt_memclr.o(.text)
    __rt_memclr                              0x0800061f   Thumb Code    68  rt_memclr.o(.text)
    _memset                                  0x08000623   Thumb Code     0  rt_memclr.o(.text)
    __aeabi_memclr4                          0x08000663   Thumb Code     0  rt_memclr_w.o(.text)
    __aeabi_memclr8                          0x08000663   Thumb Code     0  rt_memclr_w.o(.text)
    __rt_memclr_w                            0x08000663   Thumb Code    78  rt_memclr_w.o(.text)
    _memset_w                                0x08000667   Thumb Code     0  rt_memclr_w.o(.text)
    __use_two_region_memory                  0x080006b1   Thumb Code     2  heapauxi.o(.text)
    __rt_heap_escrow$2region                 0x080006b3   Thumb Code     2  heapauxi.o(.text)
    __rt_heap_expand$2region                 0x080006b5   Thumb Code     2  heapauxi.o(.text)
    __I$use$semihosting                      0x080006b7   Thumb Code     0  use_no_semi.o(.text)
    __use_no_semihosting_swi                 0x080006b7   Thumb Code     2  use_no_semi.o(.text)
    _printf_int_common                       0x080006b9   Thumb Code   178  _printf_intcommon.o(.text)
    _printf_cs_common                        0x0800076b   Thumb Code    20  _printf_char.o(.text)
    _printf_char                             0x0800077f   Thumb Code    16  _printf_char.o(.text)
    _printf_string                           0x0800078f   Thumb Code     8  _printf_char.o(.text)
    _printf_char_file                        0x08000799   Thumb Code    32  _printf_char_file.o(.text)
    __aeabi_memcpy4                          0x080007bd   Thumb Code     0  rt_memcpy_w.o(.text)
    __aeabi_memcpy8                          0x080007bd   Thumb Code     0  rt_memcpy_w.o(.text)
    __rt_memcpy_w                            0x080007bd   Thumb Code   100  rt_memcpy_w.o(.text)
    _memcpy_lastbytes_aligned                0x08000805   Thumb Code     0  rt_memcpy_w.o(.text)
    _printf_char_common                      0x0800082b   Thumb Code    32  _printf_char_common.o(.text)
    ferror                                   0x08000851   Thumb Code     8  ferror.o(.text)
    __user_setup_stackheap                   0x08000859   Thumb Code    74  sys_stackheap_outer.o(.text)
    exit                                     0x080008a3   Thumb Code    18  exit.o(.text)
    __user_libspace                          0x080008b5   Thumb Code     8  libspace.o(.text)
    __user_perproc_libspace                  0x080008b5   Thumb Code     0  libspace.o(.text)
    __user_perthread_libspace                0x080008b5   Thumb Code     0  libspace.o(.text)
    Assign                                   0x080008bd   Thumb Code    40  freertos.o(i.Assign)
    BusFault_Handler                         0x080008e9   Thumb Code     2  stm32f4xx_it.o(i.BusFault_Handler)
    DebugMon_Handler                         0x080008eb   Thumb Code     2  stm32f4xx_it.o(i.DebugMon_Handler)
    Delay_break                              0x080008ed   Thumb Code    42  freertos.o(i.Delay_break)
    Error_Handler                            0x0800091d   Thumb Code     4  main.o(i.Error_Handler)
    HAL_DMA_Abort                            0x08000921   Thumb Code   146  stm32f4xx_hal_dma.o(i.HAL_DMA_Abort)
    HAL_DMA_Abort_IT                         0x080009b3   Thumb Code    36  stm32f4xx_hal_dma.o(i.HAL_DMA_Abort_IT)
    HAL_GPIO_Init                            0x080009d9   Thumb Code   446  stm32f4xx_hal_gpio.o(i.HAL_GPIO_Init)
    HAL_GPIO_ReadPin                         0x08000bb9   Thumb Code    10  stm32f4xx_hal_gpio.o(i.HAL_GPIO_ReadPin)
    HAL_GPIO_WritePin                        0x08000bc3   Thumb Code    10  stm32f4xx_hal_gpio.o(i.HAL_GPIO_WritePin)
    HAL_GetTick                              0x08000bcd   Thumb Code     6  stm32f4xx_hal.o(i.HAL_GetTick)
    HAL_IncTick                              0x08000bd9   Thumb Code    12  stm32f4xx_hal.o(i.HAL_IncTick)
    HAL_Init                                 0x08000be9   Thumb Code    48  stm32f4xx_hal.o(i.HAL_Init)
    HAL_InitTick                             0x08000c1d   Thumb Code   118  stm32f4xx_hal_timebase_tim.o(i.HAL_InitTick)
    HAL_MspInit                              0x08000ca9   Thumb Code    52  stm32f4xx_hal_msp.o(i.HAL_MspInit)
    HAL_NVIC_EnableIRQ                       0x08000ce1   Thumb Code    26  stm32f4xx_hal_cortex.o(i.HAL_NVIC_EnableIRQ)
    HAL_NVIC_SetPriority                     0x08000cfd   Thumb Code    60  stm32f4xx_hal_cortex.o(i.HAL_NVIC_SetPriority)
    HAL_NVIC_SetPriorityGrouping             0x08000d3d   Thumb Code    26  stm32f4xx_hal_cortex.o(i.HAL_NVIC_SetPriorityGrouping)
    HAL_RCC_ClockConfig                      0x08000d61   Thumb Code   288  stm32f4xx_hal_rcc.o(i.HAL_RCC_ClockConfig)
    HAL_RCC_GetClockConfig                   0x08000e95   Thumb Code    54  stm32f4xx_hal_rcc.o(i.HAL_RCC_GetClockConfig)
    HAL_RCC_GetPCLK1Freq                     0x08000ed5   Thumb Code    20  stm32f4xx_hal_rcc.o(i.HAL_RCC_GetPCLK1Freq)
    HAL_RCC_GetPCLK2Freq                     0x08000ef5   Thumb Code    20  stm32f4xx_hal_rcc.o(i.HAL_RCC_GetPCLK2Freq)
    HAL_RCC_GetSysClockFreq                  0x08000f15   Thumb Code    88  stm32f4xx_hal_rcc.o(i.HAL_RCC_GetSysClockFreq)
    HAL_RCC_OscConfig                        0x08000f75   Thumb Code   856  stm32f4xx_hal_rcc.o(i.HAL_RCC_OscConfig)
    HAL_TIMEx_BreakCallback                  0x080012e1   Thumb Code     2  stm32f4xx_hal_tim_ex.o(i.HAL_TIMEx_BreakCallback)
    HAL_TIMEx_CommutCallback                 0x080012e3   Thumb Code     2  stm32f4xx_hal_tim_ex.o(i.HAL_TIMEx_CommutCallback)
    HAL_TIM_Base_Init                        0x080012e5   Thumb Code    90  stm32f4xx_hal_tim.o(i.HAL_TIM_Base_Init)
    HAL_TIM_Base_MspInit                     0x08001341   Thumb Code    50  tim.o(i.HAL_TIM_Base_MspInit)
    HAL_TIM_Base_Start_IT                    0x0800137d   Thumb Code    88  stm32f4xx_hal_tim.o(i.HAL_TIM_Base_Start_IT)
    HAL_TIM_Base_Stop_IT                     0x080013e9   Thumb Code    48  stm32f4xx_hal_tim.o(i.HAL_TIM_Base_Stop_IT)
    HAL_TIM_ConfigClockSource                0x08001419   Thumb Code   220  stm32f4xx_hal_tim.o(i.HAL_TIM_ConfigClockSource)
    HAL_TIM_IC_CaptureCallback               0x080014f5   Thumb Code     2  stm32f4xx_hal_tim.o(i.HAL_TIM_IC_CaptureCallback)
    HAL_TIM_IRQHandler                       0x080014f7   Thumb Code   304  stm32f4xx_hal_tim.o(i.HAL_TIM_IRQHandler)
    HAL_TIM_OC_DelayElapsedCallback          0x08001627   Thumb Code     2  stm32f4xx_hal_tim.o(i.HAL_TIM_OC_DelayElapsedCallback)
    HAL_TIM_PWM_PulseFinishedCallback        0x08001629   Thumb Code     2  stm32f4xx_hal_tim.o(i.HAL_TIM_PWM_PulseFinishedCallback)
    HAL_TIM_PeriodElapsedCallback            0x0800162d   Thumb Code    50  main.o(i.HAL_TIM_PeriodElapsedCallback)
    HAL_TIM_TriggerCallback                  0x08001675   Thumb Code     2  stm32f4xx_hal_tim.o(i.HAL_TIM_TriggerCallback)
    HAL_UARTEx_RxEventCallback               0x08001677   Thumb Code     2  stm32f4xx_hal_uart.o(i.HAL_UARTEx_RxEventCallback)
    HAL_UART_ErrorCallback                   0x08001679   Thumb Code     2  stm32f4xx_hal_uart.o(i.HAL_UART_ErrorCallback)
    HAL_UART_IRQHandler                      0x0800167d   Thumb Code   618  stm32f4xx_hal_uart.o(i.HAL_UART_IRQHandler)
    HAL_UART_Init                            0x080018ed   Thumb Code   100  stm32f4xx_hal_uart.o(i.HAL_UART_Init)
    HAL_UART_MspInit                         0x08001951   Thumb Code   108  usart.o(i.HAL_UART_MspInit)
    HAL_UART_Receive_IT                      0x080019c9   Thumb Code    28  stm32f4xx_hal_uart.o(i.HAL_UART_Receive_IT)
    HAL_UART_RxCpltCallback                  0x080019e5   Thumb Code    72  main.o(i.HAL_UART_RxCpltCallback)
    HAL_UART_TxCpltCallback                  0x08001a41   Thumb Code     2  stm32f4xx_hal_uart.o(i.HAL_UART_TxCpltCallback)
    HardFault_Handler                        0x08001a43   Thumb Code     2  stm32f4xx_it.o(i.HardFault_Handler)
    Judge                                    0x08001a45   Thumb Code    28  freertos.o(i.Judge)
    Key_Init                                 0x08001a61   Thumb Code    30  key.o(i.Key_Init)
    Key_pressscan                            0x08001a85   Thumb Code   128  key.o(i.Key_pressscan)
    MX_FREERTOS_Init                         0x08001b09   Thumb Code   116  freertos.o(i.MX_FREERTOS_Init)
    MX_GPIO_Init                             0x08001b99   Thumb Code   136  gpio.o(i.MX_GPIO_Init)
    MX_TIM9_Init                             0x08001c2d   Thumb Code    68  tim.o(i.MX_TIM9_Init)
    MX_USART2_UART_Init                      0x08001c79   Thumb Code    48  usart.o(i.MX_USART2_UART_Init)
    MemManage_Handler                        0x08001cb1   Thumb Code     2  stm32f4xx_it.o(i.MemManage_Handler)
    Morse_to_signal                          0x08001cb5   Thumb Code   204  freertos.o(i.Morse_to_signal)
    Morse_to_str                             0x08001d85   Thumb Code   442  freertos.o(i.Morse_to_str)
    NMI_Handler                              0x08001fd9   Thumb Code     2  stm32f4xx_it.o(i.NMI_Handler)
    StartDefaultTask                         0x08001fdd   Thumb Code    32  freertos.o(i.StartDefaultTask)
    StartKeyScanTask                         0x08002009   Thumb Code   170  freertos.o(i.StartKeyScanTask)
    StartReceiveDataTask                     0x080020f9   Thumb Code   128  freertos.o(i.StartReceiveDataTask)
    StartSignalTask                          0x0800219d   Thumb Code   182  freertos.o(i.StartSignalTask)
    StartTimeDetectTask                      0x0800226d   Thumb Code   480  freertos.o(i.StartTimeDetectTask)
    Str_to_morse                             0x080024bd   Thumb Code   252  freertos.o(i.Str_to_morse)
    SysTick_Handler                          0x08002655   Thumb Code    26  cmsis_os2.o(i.SysTick_Handler)
    SystemClock_Config                       0x08002671   Thumb Code   136  main.o(i.SystemClock_Config)
    SystemInit                               0x08002701   Thumb Code    12  system_stm32f4xx.o(i.SystemInit)
    TIM1_BRK_TIM9_IRQHandler                 0x08002711   Thumb Code     6  stm32f4xx_it.o(i.TIM1_BRK_TIM9_IRQHandler)
    TIM1_TRG_COM_TIM11_IRQHandler            0x0800271d   Thumb Code     6  stm32f4xx_it.o(i.TIM1_TRG_COM_TIM11_IRQHandler)
    TIM_Base_SetConfig                       0x08002729   Thumb Code   136  stm32f4xx_hal_tim.o(i.TIM_Base_SetConfig)
    TIM_ETR_SetConfig                        0x080027cd   Thumb Code    20  stm32f4xx_hal_tim.o(i.TIM_ETR_SetConfig)
    UART_Start_Receive_IT                    0x08002a65   Thumb Code    54  stm32f4xx_hal_uart.o(i.UART_Start_Receive_IT)
    USART2_IRQHandler                        0x08002a9d   Thumb Code     6  stm32f4xx_it.o(i.USART2_IRQHandler)
    UsageFault_Handler                       0x08002aa9   Thumb Code     2  stm32f4xx_it.o(i.UsageFault_Handler)
    _sys_exit                                0x08002acb   Thumb Code     2  usart.o(i._sys_exit)
    fputc                                    0x08002acd   Thumb Code    18  usart.o(i.fputc)
    main                                     0x08002ae5   Thumb Code    34  main.o(i.main)
    osDelay                                  0x08002b07   Thumb Code    26  cmsis_os2.o(i.osDelay)
    osKernelInitialize                       0x08002b21   Thumb Code    32  cmsis_os2.o(i.osKernelInitialize)
    osKernelStart                            0x08002b45   Thumb Code    48  cmsis_os2.o(i.osKernelStart)
    osSemaphoreAcquire                       0x08002b7d   Thumb Code    88  cmsis_os2.o(i.osSemaphoreAcquire)
    osSemaphoreNew                           0x08002bd9   Thumb Code   152  cmsis_os2.o(i.osSemaphoreNew)
    osSemaphoreRelease                       0x08002c71   Thumb Code    82  cmsis_os2.o(i.osSemaphoreRelease)
    osThreadNew                              0x08002cc9   Thumb Code   138  cmsis_os2.o(i.osThreadNew)
    pvPortMalloc                             0x080034e9   Thumb Code   216  heap_4.o(i.pvPortMalloc)
    pvTaskIncrementMutexHeldCount            0x080035c5   Thumb Code    18  tasks.o(i.pvTaskIncrementMutexHeldCount)
    pxPortInitialiseStack                    0x080035dd   Thumb Code    40  port.o(i.pxPortInitialiseStack)
    uxListRemove                             0x08003609   Thumb Code    38  list.o(i.uxListRemove)
    vApplicationGetIdleTaskMemory            0x08003631   Thumb Code    16  cmsis_os2.o(i.vApplicationGetIdleTaskMemory)
    vApplicationGetTimerTaskMemory           0x08003645   Thumb Code    18  cmsis_os2.o(i.vApplicationGetTimerTaskMemory)
    vListInitialise                          0x0800365d   Thumb Code    22  list.o(i.vListInitialise)
    vListInitialiseItem                      0x08003673   Thumb Code     6  list.o(i.vListInitialiseItem)
    vListInsert                              0x08003679   Thumb Code    48  list.o(i.vListInsert)
    vListInsertEnd                           0x080036a9   Thumb Code    24  list.o(i.vListInsertEnd)
    vPortEnterCritical                       0x080036c1   Thumb Code    54  port.o(i.vPortEnterCritical)
    vPortExitCritical                        0x08003701   Thumb Code    34  port.o(i.vPortExitCritical)
    vPortFree                                0x08003729   Thumb Code    94  heap_4.o(i.vPortFree)
    vPortSetupTimerInterrupt                 0x0800378d   Thumb Code    32  port.o(i.vPortSetupTimerInterrupt)
    vPortValidateInterruptPriority           0x080037b1   Thumb Code    74  port.o(i.vPortValidateInterruptPriority)
    vQueueAddToRegistry                      0x08003805   Thumb Code    34  queue.o(i.vQueueAddToRegistry)
    vQueueDelete                             0x0800382d   Thumb Code    46  queue.o(i.vQueueDelete)
    vQueueUnregisterQueue                    0x0800385d   Thumb Code    36  queue.o(i.vQueueUnregisterQueue)
    vQueueWaitForMessageRestricted           0x08003885   Thumb Code    68  queue.o(i.vQueueWaitForMessageRestricted)
    vTaskDelay                               0x080038c9   Thumb Code    66  tasks.o(i.vTaskDelay)
    vTaskInternalSetTimeOutState             0x08003915   Thumb Code    12  tasks.o(i.vTaskInternalSetTimeOutState)
    vTaskMissedYield                         0x08003925   Thumb Code     8  tasks.o(i.vTaskMissedYield)
    vTaskPlaceOnEventList                    0x08003931   Thumb Code    44  tasks.o(i.vTaskPlaceOnEventList)
    vTaskPlaceOnEventListRestricted          0x08003961   Thumb Code    52  tasks.o(i.vTaskPlaceOnEventListRestricted)
    vTaskPriorityDisinheritAfterTimeout      0x08003999   Thumb Code   134  tasks.o(i.vTaskPriorityDisinheritAfterTimeout)
    vTaskStartScheduler                      0x08003a29   Thumb Code   118  tasks.o(i.vTaskStartScheduler)
    vTaskSuspendAll                          0x08003ab1   Thumb Code    10  tasks.o(i.vTaskSuspendAll)
    vTaskSwitchContext                       0x08003ac1   Thumb Code    90  tasks.o(i.vTaskSwitchContext)
    xPortStartScheduler                      0x08003b25   Thumb Code   222  port.o(i.xPortStartScheduler)
    xPortSysTickHandler                      0x08003c19   Thumb Code    38  port.o(i.xPortSysTickHandler)
    xQueueCreateCountingSemaphore            0x08003c45   Thumb Code    58  queue.o(i.xQueueCreateCountingSemaphore)
    xQueueCreateCountingSemaphoreStatic      0x08003c7f   Thumb Code    64  queue.o(i.xQueueCreateCountingSemaphoreStatic)
    xQueueGenericCreate                      0x08003cbf   Thumb Code    66  queue.o(i.xQueueGenericCreate)
    xQueueGenericCreateStatic                0x08003d01   Thumb Code   102  queue.o(i.xQueueGenericCreateStatic)
    xQueueGenericReset                       0x08003d69   Thumb Code   132  queue.o(i.xQueueGenericReset)
    xQueueGenericSend                        0x08003df1   Thumb Code   346  queue.o(i.xQueueGenericSend)
    xQueueGenericSendFromISR                 0x08003f51   Thumb Code   190  queue.o(i.xQueueGenericSendFromISR)
    xQueueGiveFromISR                        0x0800400f   Thumb Code   156  queue.o(i.xQueueGiveFromISR)
    xQueueReceive                            0x080040ad   Thumb Code   308  queue.o(i.xQueueReceive)
    xQueueReceiveFromISR                     0x080041e5   Thumb Code   154  queue.o(i.xQueueReceiveFromISR)
    xQueueSemaphoreTake                      0x08004281   Thumb Code   372  queue.o(i.xQueueSemaphoreTake)
    xTaskCheckForTimeOut                     0x080043f9   Thumb Code   112  tasks.o(i.xTaskCheckForTimeOut)
    xTaskCreate                              0x0800446d   Thumb Code    90  tasks.o(i.xTaskCreate)
    xTaskCreateStatic                        0x080044c7   Thumb Code    86  tasks.o(i.xTaskCreateStatic)
    xTaskGetSchedulerState                   0x0800451d   Thumb Code    22  tasks.o(i.xTaskGetSchedulerState)
    xTaskGetTickCount                        0x08004539   Thumb Code     6  tasks.o(i.xTaskGetTickCount)
    xTaskIncrementTick                       0x08004545   Thumb Code   192  tasks.o(i.xTaskIncrementTick)
    xTaskPriorityDisinherit                  0x0800460d   Thumb Code   118  tasks.o(i.xTaskPriorityDisinherit)
    xTaskPriorityInherit                     0x0800468d   Thumb Code   112  tasks.o(i.xTaskPriorityInherit)
    xTaskRemoveFromEventList                 0x08004705   Thumb Code    98  tasks.o(i.xTaskRemoveFromEventList)
    xTaskResumeAll                           0x08004775   Thumb Code   182  tasks.o(i.xTaskResumeAll)
    xTimerCreateTimerTask                    0x08004839   Thumb Code    78  timers.o(i.xTimerCreateTimerTask)
    xTimerGenericCommand                     0x08004899   Thumb Code    98  timers.o(i.xTimerGenericCommand)
    _fp_init                                 0x08004901   Thumb Code    10  fpinit.o(x$fpl$fpinit)
    __fplib_config_fpu_vfp                   0x08004909   Thumb Code     0  fpinit.o(x$fpl$fpinit)
    __fplib_config_pureend_doubles           0x08004909   Thumb Code     0  fpinit.o(x$fpl$fpinit)
    DefaultTask_attributes                   0x0800490c   Data          36  freertos.o(.constdata)
    ReceiveDataTask_attributes               0x08004930   Data          36  freertos.o(.constdata)
    TimeDetectTask_attributes                0x08004954   Data          36  freertos.o(.constdata)
    SignalTask_attributes                    0x08004978   Data          36  freertos.o(.constdata)
    KeyScanTask_attributes                   0x0800499c   Data          36  freertos.o(.constdata)
    Usart_attributes                         0x080049c0   Data          16  freertos.o(.constdata)
    Signal_attributes                        0x080049d0   Data          16  freertos.o(.constdata)
    Detect_attributes                        0x080049e0   Data          16  freertos.o(.constdata)
    AHBPrescTable                            0x080049f0   Data          16  system_stm32f4xx.o(.constdata)
    APBPrescTable                            0x08004a00   Data           8  system_stm32f4xx.o(.constdata)
    Region$$Table$$Base                      0x08004a64   Number         0  anon$$obj.o(Region$$Table)
    Region$$Table$$Limit                     0x08004a84   Number         0  anon$$obj.o(Region$$Table)
    RxFlag                                   0x20000000   Data           1  main.o(.data)
    RxTemp                                   0x20000001   Data           1  main.o(.data)
    RxCounter                                0x20000002   Data           2  main.o(.data)
    PutState                                 0x20000004   Data           1  freertos.o(.data)
    LedState                                 0x20000005   Data           1  freertos.o(.data)
    Key_flag                                 0x20000006   Data           1  freertos.o(.data)
    Start_ezinput                            0x20000007   Data           1  freertos.o(.data)
    Start_input                              0x20000008   Data           1  freertos.o(.data)
    Morse_len                                0x20000009   Data           1  freertos.o(.data)
    Str_len                                  0x2000000a   Data           1  freertos.o(.data)
    Space_num                                0x2000000b   Data           1  freertos.o(.data)
    Signal_morse_len                         0x2000000c   Data           1  freertos.o(.data)
    Start_detect                             0x2000000d   Data           1  freertos.o(.data)
    Start_signal                             0x2000000e   Data           1  freertos.o(.data)
    Bright_time                              0x20000010   Data           4  freertos.o(.data)
    Dark_time                                0x20000014   Data           4  freertos.o(.data)
    DefaultTaskHandle                        0x20000018   Data           4  freertos.o(.data)
    ReceiveDataTaskHandle                    0x2000001c   Data           4  freertos.o(.data)
    TimeDetectTaskHandle                     0x20000020   Data           4  freertos.o(.data)
    SignalTaskHandle                         0x20000024   Data           4  freertos.o(.data)
    KeyScanTaskHandle                        0x20000028   Data           4  freertos.o(.data)
    UsartHandle                              0x2000002c   Data           4  freertos.o(.data)
    SignalHandle                             0x20000030   Data           4  freertos.o(.data)
    DetectHandle                             0x20000034   Data           4  freertos.o(.data)
    __stdout                                 0x20000038   Data           4  usart.o(.data)
    uwTickFreq                               0x2000003c   Data           1  stm32f4xx_hal.o(.data)
    uwTickPrio                               0x20000040   Data           4  stm32f4xx_hal.o(.data)
    uwTick                                   0x20000044   Data           4  stm32f4xx_hal.o(.data)
    SystemCoreClock                          0x20000048   Data           4  system_stm32f4xx.o(.data)
    pxCurrentTCB                             0x2000004c   Data           4  tasks.o(.data)
    RxBuffer                                 0x2000014c   Data        2048  main.o(.bss)
    Morse                                    0x2000094c   Data          50  freertos.o(.bss)
    Str                                      0x2000097e   Data         200  freertos.o(.bss)
    Signal_morse                             0x20000a46   Data         100  freertos.o(.bss)
    htim9                                    0x20000aac   Data          72  tim.o(.bss)
    huart2                                   0x20000af4   Data          72  usart.o(.bss)
    htim11                                   0x20000b3c   Data          72  stm32f4xx_hal_timebase_tim.o(.bss)
    xQueueRegistry                           0x20000b84   Data          64  queue.o(.bss)
    __libspace_start                         0x20005458   Data          96  libspace.o(.bss)
    __temporary_stack_top$libspace           0x200054b8   Data           0  libspace.o(.bss)



==============================================================================

Memory Map of the image

  Image Entry point : 0x08000199

  Load Region LR_IROM1 (Base: 0x08000000, Size: 0x00004b50, Max: 0x00080000, ABSOLUTE)

    Execution Region ER_IROM1 (Exec base: 0x08000000, Load base: 0x08000000, Size: 0x00004a84, Max: 0x00080000, ABSOLUTE)

    Exec Addr    Load Addr    Size         Type   Attr      Idx    E Section Name        Object

    0x08000000   0x08000000   0x00000198   Data   RO            3    RESET               startup_stm32f411xe.o
    0x08000198   0x08000198   0x00000008   Code   RO         5037  * !!!main             c_w.l(__main.o)
    0x080001a0   0x080001a0   0x00000034   Code   RO         5221    !!!scatter          c_w.l(__scatter.o)
    0x080001d4   0x080001d4   0x0000001a   Code   RO         5223    !!handler_copy      c_w.l(__scatter_copy.o)
    0x080001ee   0x080001ee   0x00000002   PAD
    0x080001f0   0x080001f0   0x0000001c   Code   RO         5225    !!handler_zi        c_w.l(__scatter_zi.o)
    0x0800020c   0x0800020c   0x00000000   Code   RO         5024    .ARM.Collect$$_printf_percent$$00000000  c_w.l(_printf_percent.o)
    0x0800020c   0x0800020c   0x00000006   Code   RO         5023    .ARM.Collect$$_printf_percent$$00000009  c_w.l(_printf_d.o)
    0x08000212   0x08000212   0x00000006   Code   RO         5022    .ARM.Collect$$_printf_percent$$00000013  c_w.l(_printf_c.o)
    0x08000218   0x08000218   0x00000004   Code   RO         5052    .ARM.Collect$$_printf_percent$$00000017  c_w.l(_printf_percent_end.o)
    0x0800021c   0x0800021c   0x00000002   Code   RO         5093    .ARM.Collect$$libinit$$00000000  c_w.l(libinit.o)
    0x0800021e   0x0800021e   0x00000004   Code   RO         5105    .ARM.Collect$$libinit$$00000001  c_w.l(libinit2.o)
    0x08000222   0x08000222   0x00000000   Code   RO         5108    .ARM.Collect$$libinit$$00000004  c_w.l(libinit2.o)
    0x08000222   0x08000222   0x00000000   Code   RO         5111    .ARM.Collect$$libinit$$0000000A  c_w.l(libinit2.o)
    0x08000222   0x08000222   0x00000000   Code   RO         5113    .ARM.Collect$$libinit$$0000000C  c_w.l(libinit2.o)
    0x08000222   0x08000222   0x00000000   Code   RO         5115    .ARM.Collect$$libinit$$0000000E  c_w.l(libinit2.o)
    0x08000222   0x08000222   0x00000000   Code   RO         5118    .ARM.Collect$$libinit$$00000011  c_w.l(libinit2.o)
    0x08000222   0x08000222   0x00000000   Code   RO         5120    .ARM.Collect$$libinit$$00000013  c_w.l(libinit2.o)
    0x08000222   0x08000222   0x00000000   Code   RO         5122    .ARM.Collect$$libinit$$00000015  c_w.l(libinit2.o)
    0x08000222   0x08000222   0x00000000   Code   RO         5124    .ARM.Collect$$libinit$$00000017  c_w.l(libinit2.o)
    0x08000222   0x08000222   0x00000000   Code   RO         5126    .ARM.Collect$$libinit$$00000019  c_w.l(libinit2.o)
    0x08000222   0x08000222   0x00000000   Code   RO         5128    .ARM.Collect$$libinit$$0000001B  c_w.l(libinit2.o)
    0x08000222   0x08000222   0x00000000   Code   RO         5130    .ARM.Collect$$libinit$$0000001D  c_w.l(libinit2.o)
    0x08000222   0x08000222   0x00000000   Code   RO         5132    .ARM.Collect$$libinit$$0000001F  c_w.l(libinit2.o)
    0x08000222   0x08000222   0x00000000   Code   RO         5134    .ARM.Collect$$libinit$$00000021  c_w.l(libinit2.o)
    0x08000222   0x08000222   0x00000000   Code   RO         5136    .ARM.Collect$$libinit$$00000023  c_w.l(libinit2.o)
    0x08000222   0x08000222   0x00000000   Code   RO         5138    .ARM.Collect$$libinit$$00000025  c_w.l(libinit2.o)
    0x08000222   0x08000222   0x00000000   Code   RO         5142    .ARM.Collect$$libinit$$0000002C  c_w.l(libinit2.o)
    0x08000222   0x08000222   0x00000000   Code   RO         5144    .ARM.Collect$$libinit$$0000002E  c_w.l(libinit2.o)
    0x08000222   0x08000222   0x00000000   Code   RO         5146    .ARM.Collect$$libinit$$00000030  c_w.l(libinit2.o)
    0x08000222   0x08000222   0x00000000   Code   RO         5148    .ARM.Collect$$libinit$$00000032  c_w.l(libinit2.o)
    0x08000222   0x08000222   0x00000002   Code   RO         5149    .ARM.Collect$$libinit$$00000033  c_w.l(libinit2.o)
    0x08000224   0x08000224   0x00000002   Code   RO         5175    .ARM.Collect$$libshutdown$$00000000  c_w.l(libshutdown.o)
    0x08000226   0x08000226   0x00000000   Code   RO         5202    .ARM.Collect$$libshutdown$$00000002  c_w.l(libshutdown2.o)
    0x08000226   0x08000226   0x00000000   Code   RO         5204    .ARM.Collect$$libshutdown$$00000004  c_w.l(libshutdown2.o)
    0x08000226   0x08000226   0x00000000   Code   RO         5206    .ARM.Collect$$libshutdown$$00000006  c_w.l(libshutdown2.o)
    0x08000226   0x08000226   0x00000000   Code   RO         5209    .ARM.Collect$$libshutdown$$00000009  c_w.l(libshutdown2.o)
    0x08000226   0x08000226   0x00000000   Code   RO         5212    .ARM.Collect$$libshutdown$$0000000C  c_w.l(libshutdown2.o)
    0x08000226   0x08000226   0x00000000   Code   RO         5214    .ARM.Collect$$libshutdown$$0000000E  c_w.l(libshutdown2.o)
    0x08000226   0x08000226   0x00000000   Code   RO         5217    .ARM.Collect$$libshutdown$$00000011  c_w.l(libshutdown2.o)
    0x08000226   0x08000226   0x00000002   Code   RO         5218    .ARM.Collect$$libshutdown$$00000012  c_w.l(libshutdown2.o)
    0x08000228   0x08000228   0x00000000   Code   RO         5041    .ARM.Collect$$rtentry$$00000000  c_w.l(__rtentry.o)
    0x08000228   0x08000228   0x00000000   Code   RO         5056    .ARM.Collect$$rtentry$$00000002  c_w.l(__rtentry2.o)
    0x08000228   0x08000228   0x00000006   Code   RO         5068    .ARM.Collect$$rtentry$$00000004  c_w.l(__rtentry4.o)
    0x0800022e   0x0800022e   0x00000000   Code   RO         5058    .ARM.Collect$$rtentry$$00000009  c_w.l(__rtentry2.o)
    0x0800022e   0x0800022e   0x00000004   Code   RO         5059    .ARM.Collect$$rtentry$$0000000A  c_w.l(__rtentry2.o)
    0x08000232   0x08000232   0x00000000   Code   RO         5061    .ARM.Collect$$rtentry$$0000000C  c_w.l(__rtentry2.o)
    0x08000232   0x08000232   0x00000008   Code   RO         5062    .ARM.Collect$$rtentry$$0000000D  c_w.l(__rtentry2.o)
    0x0800023a   0x0800023a   0x00000002   Code   RO         5097    .ARM.Collect$$rtexit$$00000000  c_w.l(rtexit.o)
    0x0800023c   0x0800023c   0x00000000   Code   RO         5151    .ARM.Collect$$rtexit$$00000002  c_w.l(rtexit2.o)
    0x0800023c   0x0800023c   0x00000004   Code   RO         5152    .ARM.Collect$$rtexit$$00000003  c_w.l(rtexit2.o)
    0x08000240   0x08000240   0x00000006   Code   RO         5153    .ARM.Collect$$rtexit$$00000004  c_w.l(rtexit2.o)
    0x08000246   0x08000246   0x00000002   PAD
    0x08000248   0x08000248   0x000000be   Code   RO         4909    .emb_text           port.o
    0x08000306   0x08000306   0x00000002   PAD
    0x08000308   0x08000308   0x00000040   Code   RO            4    .text               startup_stm32f411xe.o
    0x08000348   0x08000348   0x00000002   Code   RO         4988    .text               c_w.l(use_no_semi_2.o)
    0x0800034a   0x0800034a   0x000000ee   Code   RO         4990    .text               c_w.l(lludivv7m.o)
    0x08000438   0x08000438   0x00000018   Code   RO         4994    .text               c_w.l(noretval__2printf.o)
    0x08000450   0x08000450   0x00000068   Code   RO         4996    .text               c_w.l(__printf.o)
    0x080004b8   0x080004b8   0x00000052   Code   RO         4998    .text               c_w.l(_printf_str.o)
    0x0800050a   0x0800050a   0x00000002   PAD
    0x0800050c   0x0800050c   0x00000078   Code   RO         5000    .text               c_w.l(_printf_dec.o)
    0x08000584   0x08000584   0x0000008a   Code   RO         5025    .text               c_w.l(rt_memcpy_v6.o)
    0x0800060e   0x0800060e   0x00000010   Code   RO         5029    .text               c_w.l(aeabi_memset.o)
    0x0800061e   0x0800061e   0x00000044   Code   RO         5031    .text               c_w.l(rt_memclr.o)
    0x08000662   0x08000662   0x0000004e   Code   RO         5033    .text               c_w.l(rt_memclr_w.o)
    0x080006b0   0x080006b0   0x00000006   Code   RO         5035    .text               c_w.l(heapauxi.o)
    0x080006b6   0x080006b6   0x00000002   Code   RO         5039    .text               c_w.l(use_no_semi.o)
    0x080006b8   0x080006b8   0x000000b2   Code   RO         5046    .text               c_w.l(_printf_intcommon.o)
    0x0800076a   0x0800076a   0x0000002c   Code   RO         5048    .text               c_w.l(_printf_char.o)
    0x08000796   0x08000796   0x00000002   PAD
    0x08000798   0x08000798   0x00000024   Code   RO         5050    .text               c_w.l(_printf_char_file.o)
    0x080007bc   0x080007bc   0x00000064   Code   RO         5053    .text               c_w.l(rt_memcpy_w.o)
    0x08000820   0x08000820   0x00000030   Code   RO         5072    .text               c_w.l(_printf_char_common.o)
    0x08000850   0x08000850   0x00000008   Code   RO         5074    .text               c_w.l(ferror.o)
    0x08000858   0x08000858   0x0000004a   Code   RO         5078    .text               c_w.l(sys_stackheap_outer.o)
    0x080008a2   0x080008a2   0x00000012   Code   RO         5082    .text               c_w.l(exit.o)
    0x080008b4   0x080008b4   0x00000008   Code   RO         5094    .text               c_w.l(libspace.o)
    0x080008bc   0x080008bc   0x0000002c   Code   RO          281    i.Assign            freertos.o
    0x080008e8   0x080008e8   0x00000002   Code   RO          502    i.BusFault_Handler  stm32f4xx_it.o
    0x080008ea   0x080008ea   0x00000002   Code   RO          503    i.DebugMon_Handler  stm32f4xx_it.o
    0x080008ec   0x080008ec   0x00000030   Code   RO          282    i.Delay_break       freertos.o
    0x0800091c   0x0800091c   0x00000004   Code   RO          154    i.Error_Handler     main.o
    0x08000920   0x08000920   0x00000092   Code   RO         1157    i.HAL_DMA_Abort     stm32f4xx_hal_dma.o
    0x080009b2   0x080009b2   0x00000024   Code   RO         1158    i.HAL_DMA_Abort_IT  stm32f4xx_hal_dma.o
    0x080009d6   0x080009d6   0x00000002   PAD
    0x080009d8   0x080009d8   0x000001e0   Code   RO         1050    i.HAL_GPIO_Init     stm32f4xx_hal_gpio.o
    0x08000bb8   0x08000bb8   0x0000000a   Code   RO         1052    i.HAL_GPIO_ReadPin  stm32f4xx_hal_gpio.o
    0x08000bc2   0x08000bc2   0x0000000a   Code   RO         1054    i.HAL_GPIO_WritePin  stm32f4xx_hal_gpio.o
    0x08000bcc   0x08000bcc   0x0000000c   Code   RO         1612    i.HAL_GetTick       stm32f4xx_hal.o
    0x08000bd8   0x08000bd8   0x00000010   Code   RO         1618    i.HAL_IncTick       stm32f4xx_hal.o
    0x08000be8   0x08000be8   0x00000034   Code   RO         1619    i.HAL_Init          stm32f4xx_hal.o
    0x08000c1c   0x08000c1c   0x0000008c   Code   RO          602    i.HAL_InitTick      stm32f4xx_hal_timebase_tim.o
    0x08000ca8   0x08000ca8   0x00000038   Code   RO          578    i.HAL_MspInit       stm32f4xx_hal_msp.o
    0x08000ce0   0x08000ce0   0x0000001a   Code   RO         1464    i.HAL_NVIC_EnableIRQ  stm32f4xx_hal_cortex.o
    0x08000cfa   0x08000cfa   0x00000002   PAD
    0x08000cfc   0x08000cfc   0x00000040   Code   RO         1470    i.HAL_NVIC_SetPriority  stm32f4xx_hal_cortex.o
    0x08000d3c   0x08000d3c   0x00000024   Code   RO         1471    i.HAL_NVIC_SetPriorityGrouping  stm32f4xx_hal_cortex.o
    0x08000d60   0x08000d60   0x00000134   Code   RO          642    i.HAL_RCC_ClockConfig  stm32f4xx_hal_rcc.o
    0x08000e94   0x08000e94   0x00000040   Code   RO          646    i.HAL_RCC_GetClockConfig  stm32f4xx_hal_rcc.o
    0x08000ed4   0x08000ed4   0x00000020   Code   RO          649    i.HAL_RCC_GetPCLK1Freq  stm32f4xx_hal_rcc.o
    0x08000ef4   0x08000ef4   0x00000020   Code   RO          650    i.HAL_RCC_GetPCLK2Freq  stm32f4xx_hal_rcc.o
    0x08000f14   0x08000f14   0x00000060   Code   RO          651    i.HAL_RCC_GetSysClockFreq  stm32f4xx_hal_rcc.o
    0x08000f74   0x08000f74   0x0000036c   Code   RO          654    i.HAL_RCC_OscConfig  stm32f4xx_hal_rcc.o
    0x080012e0   0x080012e0   0x00000002   Code   RO         2563    i.HAL_TIMEx_BreakCallback  stm32f4xx_hal_tim_ex.o
    0x080012e2   0x080012e2   0x00000002   Code   RO         2564    i.HAL_TIMEx_CommutCallback  stm32f4xx_hal_tim_ex.o
    0x080012e4   0x080012e4   0x0000005a   Code   RO         1859    i.HAL_TIM_Base_Init  stm32f4xx_hal_tim.o
    0x0800133e   0x0800133e   0x00000002   PAD
    0x08001340   0x08001340   0x0000003c   Code   RO          401    i.HAL_TIM_Base_MspInit  tim.o
    0x0800137c   0x0800137c   0x0000006c   Code   RO         1864    i.HAL_TIM_Base_Start_IT  stm32f4xx_hal_tim.o
    0x080013e8   0x080013e8   0x00000030   Code   RO         1867    i.HAL_TIM_Base_Stop_IT  stm32f4xx_hal_tim.o
    0x08001418   0x08001418   0x000000dc   Code   RO         1868    i.HAL_TIM_ConfigClockSource  stm32f4xx_hal_tim.o
    0x080014f4   0x080014f4   0x00000002   Code   RO         1893    i.HAL_TIM_IC_CaptureCallback  stm32f4xx_hal_tim.o
    0x080014f6   0x080014f6   0x00000130   Code   RO         1907    i.HAL_TIM_IRQHandler  stm32f4xx_hal_tim.o
    0x08001626   0x08001626   0x00000002   Code   RO         1910    i.HAL_TIM_OC_DelayElapsedCallback  stm32f4xx_hal_tim.o
    0x08001628   0x08001628   0x00000002   Code   RO         1937    i.HAL_TIM_PWM_PulseFinishedCallback  stm32f4xx_hal_tim.o
    0x0800162a   0x0800162a   0x00000002   PAD
    0x0800162c   0x0800162c   0x00000048   Code   RO          155    i.HAL_TIM_PeriodElapsedCallback  main.o
    0x08001674   0x08001674   0x00000002   Code   RO         1950    i.HAL_TIM_TriggerCallback  stm32f4xx_hal_tim.o
    0x08001676   0x08001676   0x00000002   Code   RO         2842    i.HAL_UARTEx_RxEventCallback  stm32f4xx_hal_uart.o
    0x08001678   0x08001678   0x00000002   Code   RO         2856    i.HAL_UART_ErrorCallback  stm32f4xx_hal_uart.o
    0x0800167a   0x0800167a   0x00000002   PAD
    0x0800167c   0x0800167c   0x00000270   Code   RO         2859    i.HAL_UART_IRQHandler  stm32f4xx_hal_uart.o
    0x080018ec   0x080018ec   0x00000064   Code   RO         2860    i.HAL_UART_Init     stm32f4xx_hal_uart.o
    0x08001950   0x08001950   0x00000078   Code   RO          443    i.HAL_UART_MspInit  usart.o
    0x080019c8   0x080019c8   0x0000001c   Code   RO         2865    i.HAL_UART_Receive_IT  stm32f4xx_hal_uart.o
    0x080019e4   0x080019e4   0x0000005c   Code   RO          156    i.HAL_UART_RxCpltCallback  main.o
    0x08001a40   0x08001a40   0x00000002   Code   RO         2871    i.HAL_UART_TxCpltCallback  stm32f4xx_hal_uart.o
    0x08001a42   0x08001a42   0x00000002   Code   RO          504    i.HardFault_Handler  stm32f4xx_it.o
    0x08001a44   0x08001a44   0x0000001c   Code   RO          283    i.Judge             freertos.o
    0x08001a60   0x08001a60   0x00000024   Code   RO           13    i.Key_Init          key.o
    0x08001a84   0x08001a84   0x00000084   Code   RO           15    i.Key_pressscan     key.o
    0x08001b08   0x08001b08   0x00000090   Code   RO          284    i.MX_FREERTOS_Init  freertos.o
    0x08001b98   0x08001b98   0x00000094   Code   RO          257    i.MX_GPIO_Init      gpio.o
    0x08001c2c   0x08001c2c   0x0000004c   Code   RO          402    i.MX_TIM9_Init      tim.o
    0x08001c78   0x08001c78   0x00000038   Code   RO          444    i.MX_USART2_UART_Init  usart.o
    0x08001cb0   0x08001cb0   0x00000002   Code   RO          505    i.MemManage_Handler  stm32f4xx_it.o
    0x08001cb2   0x08001cb2   0x00000002   PAD
    0x08001cb4   0x08001cb4   0x000000d0   Code   RO          285    i.Morse_to_signal   freertos.o
    0x08001d84   0x08001d84   0x00000254   Code   RO          286    i.Morse_to_str      freertos.o
    0x08001fd8   0x08001fd8   0x00000002   Code   RO          506    i.NMI_Handler       stm32f4xx_it.o
    0x08001fda   0x08001fda   0x00000002   PAD
    0x08001fdc   0x08001fdc   0x0000002c   Code   RO          287    i.StartDefaultTask  freertos.o
    0x08002008   0x08002008   0x000000f0   Code   RO          288    i.StartKeyScanTask  freertos.o
    0x080020f8   0x080020f8   0x000000a4   Code   RO          289    i.StartReceiveDataTask  freertos.o
    0x0800219c   0x0800219c   0x000000d0   Code   RO          290    i.StartSignalTask   freertos.o
    0x0800226c   0x0800226c   0x00000250   Code   RO          291    i.StartTimeDetectTask  freertos.o
    0x080024bc   0x080024bc   0x00000198   Code   RO          292    i.Str_to_morse      freertos.o
    0x08002654   0x08002654   0x0000001a   Code   RO         4341    i.SysTick_Handler   cmsis_os2.o
    0x0800266e   0x0800266e   0x00000002   PAD
    0x08002670   0x08002670   0x00000090   Code   RO          157    i.SystemClock_Config  main.o
    0x08002700   0x08002700   0x00000010   Code   RO         3194    i.SystemInit        system_stm32f4xx.o
    0x08002710   0x08002710   0x0000000c   Code   RO          507    i.TIM1_BRK_TIM9_IRQHandler  stm32f4xx_it.o
    0x0800271c   0x0800271c   0x0000000c   Code   RO          508    i.TIM1_TRG_COM_TIM11_IRQHandler  stm32f4xx_it.o
    0x08002728   0x08002728   0x000000a4   Code   RO         1952    i.TIM_Base_SetConfig  stm32f4xx_hal_tim.o
    0x080027cc   0x080027cc   0x00000014   Code   RO         1963    i.TIM_ETR_SetConfig  stm32f4xx_hal_tim.o
    0x080027e0   0x080027e0   0x00000010   Code   RO         1964    i.TIM_ITRx_SetConfig  stm32f4xx_hal_tim.o
    0x080027f0   0x080027f0   0x00000022   Code   RO         1970    i.TIM_TI1_ConfigInputStage  stm32f4xx_hal_tim.o
    0x08002812   0x08002812   0x00000024   Code   RO         1972    i.TIM_TI2_ConfigInputStage  stm32f4xx_hal_tim.o
    0x08002836   0x08002836   0x00000010   Code   RO         2873    i.UART_DMAAbortOnError  stm32f4xx_hal_uart.o
    0x08002846   0x08002846   0x0000004e   Code   RO         2883    i.UART_EndRxTransfer  stm32f4xx_hal_uart.o
    0x08002894   0x08002894   0x000000c2   Code   RO         2885    i.UART_Receive_IT   stm32f4xx_hal_uart.o
    0x08002956   0x08002956   0x00000002   PAD
    0x08002958   0x08002958   0x0000010c   Code   RO         2886    i.UART_SetConfig    stm32f4xx_hal_uart.o
    0x08002a64   0x08002a64   0x00000036   Code   RO         2888    i.UART_Start_Receive_IT  stm32f4xx_hal_uart.o
    0x08002a9a   0x08002a9a   0x00000002   PAD
    0x08002a9c   0x08002a9c   0x0000000c   Code   RO          509    i.USART2_IRQHandler  stm32f4xx_it.o
    0x08002aa8   0x08002aa8   0x00000002   Code   RO          510    i.UsageFault_Handler  stm32f4xx_it.o
    0x08002aaa   0x08002aaa   0x00000020   Code   RO         1477    i.__NVIC_SetPriority  stm32f4xx_hal_cortex.o
    0x08002aca   0x08002aca   0x00000002   Code   RO          445    i._sys_exit         usart.o
    0x08002acc   0x08002acc   0x00000018   Code   RO          446    i.fputc             usart.o
    0x08002ae4   0x08002ae4   0x00000022   Code   RO          158    i.main              main.o
    0x08002b06   0x08002b06   0x0000001a   Code   RO         4343    i.osDelay           cmsis_os2.o
    0x08002b20   0x08002b20   0x00000024   Code   RO         4357    i.osKernelInitialize  cmsis_os2.o
    0x08002b44   0x08002b44   0x00000038   Code   RO         4360    i.osKernelStart     cmsis_os2.o
    0x08002b7c   0x08002b7c   0x0000005c   Code   RO         4385    i.osSemaphoreAcquire  cmsis_os2.o
    0x08002bd8   0x08002bd8   0x00000098   Code   RO         4388    i.osSemaphoreNew    cmsis_os2.o
    0x08002c70   0x08002c70   0x00000058   Code   RO         4389    i.osSemaphoreRelease  cmsis_os2.o
    0x08002cc8   0x08002cc8   0x0000008a   Code   RO         4402    i.osThreadNew       cmsis_os2.o
    0x08002d52   0x08002d52   0x00000002   PAD
    0x08002d54   0x08002d54   0x0000005c   Code   RO         3802    i.prvAddCurrentTaskToDelayedList  tasks.o
    0x08002db0   0x08002db0   0x000000d0   Code   RO         3803    i.prvAddNewTaskToReadyList  tasks.o
    0x08002e80   0x08002e80   0x00000058   Code   RO         4167    i.prvCheckForValidListAndQueue  timers.o
    0x08002ed8   0x08002ed8   0x00000026   Code   RO         3399    i.prvCopyDataFromQueue  queue.o
    0x08002efe   0x08002efe   0x0000006c   Code   RO         3400    i.prvCopyDataToQueue  queue.o
    0x08002f6a   0x08002f6a   0x00000034   Code   RO         3804    i.prvDeleteTCB      tasks.o
    0x08002f9e   0x08002f9e   0x00000002   PAD
    0x08002fa0   0x08002fa0   0x0000004c   Code   RO         4854    i.prvHeapInit       heap_4.o
    0x08002fec   0x08002fec   0x00000060   Code   RO         3805    i.prvIdleTask       tasks.o
    0x0800304c   0x0800304c   0x00000022   Code   RO         3402    i.prvInitialiseNewQueue  queue.o
    0x0800306e   0x0800306e   0x00000002   PAD
    0x08003070   0x08003070   0x000000b0   Code   RO         3806    i.prvInitialiseNewTask  tasks.o
    0x08003120   0x08003120   0x0000004c   Code   RO         4855    i.prvInsertBlockIntoFreeList  heap_4.o
    0x0800316c   0x0800316c   0x00000038   Code   RO         4169    i.prvInsertTimerInActiveList  timers.o
    0x080031a4   0x080031a4   0x0000001c   Code   RO         3403    i.prvIsQueueEmpty   queue.o
    0x080031c0   0x080031c0   0x000000fc   Code   RO         4170    i.prvProcessReceivedCommands  timers.o
    0x080032bc   0x080032bc   0x000000c0   Code   RO         4171    i.prvProcessTimerOrBlockTask  timers.o
    0x0800337c   0x0800337c   0x00000020   Code   RO         3808    i.prvResetNextTaskUnblockTime  tasks.o
    0x0800339c   0x0800339c   0x00000028   Code   RO         4172    i.prvSampleTimeNow  timers.o
    0x080033c4   0x080033c4   0x0000006c   Code   RO         4173    i.prvSwitchTimerLists  timers.o
    0x08003430   0x08003430   0x00000028   Code   RO         4910    i.prvTaskExitError  port.o
    0x08003458   0x08003458   0x00000024   Code   RO         4174    i.prvTimerTask      timers.o
    0x0800347c   0x0800347c   0x0000006a   Code   RO         3404    i.prvUnlockQueue    queue.o
    0x080034e6   0x080034e6   0x00000002   PAD
    0x080034e8   0x080034e8   0x000000dc   Code   RO         4856    i.pvPortMalloc      heap_4.o
    0x080035c4   0x080035c4   0x00000018   Code   RO         3811    i.pvTaskIncrementMutexHeldCount  tasks.o
    0x080035dc   0x080035dc   0x0000002c   Code   RO         4911    i.pxPortInitialiseStack  port.o
    0x08003608   0x08003608   0x00000026   Code   RO         3359    i.uxListRemove      list.o
    0x0800362e   0x0800362e   0x00000002   PAD
    0x08003630   0x08003630   0x00000014   Code   RO         4414    i.vApplicationGetIdleTaskMemory  cmsis_os2.o
    0x08003644   0x08003644   0x00000018   Code   RO         4415    i.vApplicationGetTimerTaskMemory  cmsis_os2.o
    0x0800365c   0x0800365c   0x00000016   Code   RO         3360    i.vListInitialise   list.o
    0x08003672   0x08003672   0x00000006   Code   RO         3361    i.vListInitialiseItem  list.o
    0x08003678   0x08003678   0x00000030   Code   RO         3362    i.vListInsert       list.o
    0x080036a8   0x080036a8   0x00000018   Code   RO         3363    i.vListInsertEnd    list.o
    0x080036c0   0x080036c0   0x00000040   Code   RO         4913    i.vPortEnterCritical  port.o
    0x08003700   0x08003700   0x00000028   Code   RO         4914    i.vPortExitCritical  port.o
    0x08003728   0x08003728   0x00000064   Code   RO         4857    i.vPortFree         heap_4.o
    0x0800378c   0x0800378c   0x00000024   Code   RO         4915    i.vPortSetupTimerInterrupt  port.o
    0x080037b0   0x080037b0   0x00000054   Code   RO         4916    i.vPortValidateInterruptPriority  port.o
    0x08003804   0x08003804   0x00000028   Code   RO         3410    i.vQueueAddToRegistry  queue.o
    0x0800382c   0x0800382c   0x0000002e   Code   RO         3411    i.vQueueDelete      queue.o
    0x0800385a   0x0800385a   0x00000002   PAD
    0x0800385c   0x0800385c   0x00000028   Code   RO         3413    i.vQueueUnregisterQueue  queue.o
    0x08003884   0x08003884   0x00000044   Code   RO         3414    i.vQueueWaitForMessageRestricted  queue.o
    0x080038c8   0x080038c8   0x0000004c   Code   RO         3821    i.vTaskDelay        tasks.o
    0x08003914   0x08003914   0x00000010   Code   RO         3826    i.vTaskInternalSetTimeOutState  tasks.o
    0x08003924   0x08003924   0x0000000c   Code   RO         3827    i.vTaskMissedYield  tasks.o
    0x08003930   0x08003930   0x00000030   Code   RO         3829    i.vTaskPlaceOnEventList  tasks.o
    0x08003960   0x08003960   0x00000038   Code   RO         3830    i.vTaskPlaceOnEventListRestricted  tasks.o
    0x08003998   0x08003998   0x00000090   Code   RO         3832    i.vTaskPriorityDisinheritAfterTimeout  tasks.o
    0x08003a28   0x08003a28   0x00000088   Code   RO         3838    i.vTaskStartScheduler  tasks.o
    0x08003ab0   0x08003ab0   0x00000010   Code   RO         3840    i.vTaskSuspendAll   tasks.o
    0x08003ac0   0x08003ac0   0x00000064   Code   RO         3841    i.vTaskSwitchContext  tasks.o
    0x08003b24   0x08003b24   0x000000f4   Code   RO         4917    i.xPortStartScheduler  port.o
    0x08003c18   0x08003c18   0x0000002c   Code   RO         4918    i.xPortSysTickHandler  port.o
    0x08003c44   0x08003c44   0x0000003a   Code   RO         3415    i.xQueueCreateCountingSemaphore  queue.o
    0x08003c7e   0x08003c7e   0x00000040   Code   RO         3416    i.xQueueCreateCountingSemaphoreStatic  queue.o
    0x08003cbe   0x08003cbe   0x00000042   Code   RO         3419    i.xQueueGenericCreate  queue.o
    0x08003d00   0x08003d00   0x00000066   Code   RO         3420    i.xQueueGenericCreateStatic  queue.o
    0x08003d66   0x08003d66   0x00000002   PAD
    0x08003d68   0x08003d68   0x00000088   Code   RO         3421    i.xQueueGenericReset  queue.o
    0x08003df0   0x08003df0   0x00000160   Code   RO         3422    i.xQueueGenericSend  queue.o
    0x08003f50   0x08003f50   0x000000be   Code   RO         3423    i.xQueueGenericSendFromISR  queue.o
    0x0800400e   0x0800400e   0x0000009c   Code   RO         3426    i.xQueueGiveFromISR  queue.o
    0x080040aa   0x080040aa   0x00000002   PAD
    0x080040ac   0x080040ac   0x00000138   Code   RO         3432    i.xQueueReceive     queue.o
    0x080041e4   0x080041e4   0x0000009a   Code   RO         3433    i.xQueueReceiveFromISR  queue.o
    0x0800427e   0x0800427e   0x00000002   PAD
    0x08004280   0x08004280   0x00000178   Code   RO         3434    i.xQueueSemaphoreTake  queue.o
    0x080043f8   0x080043f8   0x00000074   Code   RO         3843    i.xTaskCheckForTimeOut  tasks.o
    0x0800446c   0x0800446c   0x0000005a   Code   RO         3844    i.xTaskCreate       tasks.o
    0x080044c6   0x080044c6   0x00000056   Code   RO         3845    i.xTaskCreateStatic  tasks.o
    0x0800451c   0x0800451c   0x0000001c   Code   RO         3849    i.xTaskGetSchedulerState  tasks.o
    0x08004538   0x08004538   0x0000000c   Code   RO         3850    i.xTaskGetTickCount  tasks.o
    0x08004544   0x08004544   0x000000c8   Code   RO         3852    i.xTaskIncrementTick  tasks.o
    0x0800460c   0x0800460c   0x00000080   Code   RO         3855    i.xTaskPriorityDisinherit  tasks.o
    0x0800468c   0x0800468c   0x00000078   Code   RO         3856    i.xTaskPriorityInherit  tasks.o
    0x08004704   0x08004704   0x00000070   Code   RO         3857    i.xTaskRemoveFromEventList  tasks.o
    0x08004774   0x08004774   0x000000c4   Code   RO         3858    i.xTaskResumeAll    tasks.o
    0x08004838   0x08004838   0x00000060   Code   RO         4183    i.xTimerCreateTimerTask  timers.o
    0x08004898   0x08004898   0x00000068   Code   RO         4184    i.xTimerGenericCommand  timers.o
    0x08004900   0x08004900   0x0000000a   Code   RO         5163    x$fpl$fpinit        fz_wm.l(fpinit.o)
    0x0800490a   0x0800490a   0x00000002   PAD
    0x0800490c   0x0800490c   0x000000e4   Data   RO          295    .constdata          freertos.o
    0x080049f0   0x080049f0   0x00000010   Data   RO         3195    .constdata          system_stm32f4xx.o
    0x08004a00   0x08004a00   0x00000008   Data   RO         3196    .constdata          system_stm32f4xx.o
    0x08004a08   0x08004a08   0x0000005a   Data   RO          296    .conststring        freertos.o
    0x08004a62   0x08004a62   0x00000002   PAD
    0x08004a64   0x08004a64   0x00000020   Data   RO         5219    Region$$Table       anon$$obj.o


    Execution Region RW_IRAM1 (Exec base: 0x20000000, Load base: 0x08004a84, Size: 0x00005ab8, Max: 0x00020000, ABSOLUTE)

    Exec Addr    Load Addr    Size         Type   Attr      Idx    E Section Name        Object

    0x20000000   0x08004a84   0x00000004   Data   RW          160    .data               main.o
    0x20000004   0x08004a88   0x00000034   Data   RW          297    .data               freertos.o
    0x20000038   0x08004abc   0x00000004   Data   RW          448    .data               usart.o
    0x2000003c   0x08004ac0   0x0000000c   Data   RW         1626    .data               stm32f4xx_hal.o
    0x20000048   0x08004acc   0x00000004   Data   RW         3197    .data               system_stm32f4xx.o
    0x2000004c   0x08004ad0   0x0000003c   Data   RW         3861    .data               tasks.o
    0x20000088   0x08004b0c   0x00000014   Data   RW         4192    .data               timers.o
    0x2000009c   0x08004b20   0x00000004   Data   RW         4417    .data               cmsis_os2.o
    0x200000a0   0x08004b24   0x00000020   Data   RW         4863    .data               heap_4.o
    0x200000c0   0x08004b44   0x0000000c   Data   RW         4919    .data               port.o
    0x200000cc        -       0x00000080   Zero   RW           17    .bss                key.o
    0x2000014c        -       0x00000800   Zero   RW          159    .bss                main.o
    0x2000094c        -       0x0000015e   Zero   RW          294    .bss                freertos.o
    0x20000aaa   0x08004b50   0x00000002   PAD
    0x20000aac        -       0x00000048   Zero   RW          403    .bss                tim.o
    0x20000af4        -       0x00000048   Zero   RW          447    .bss                usart.o
    0x20000b3c        -       0x00000048   Zero   RW          605    .bss                stm32f4xx_hal_timebase_tim.o
    0x20000b84        -       0x00000040   Zero   RW         3436    .bss                queue.o
    0x20000bc4        -       0x000004c4   Zero   RW         3860    .bss                tasks.o
    0x20001088        -       0x00000118   Zero   RW         4191    .bss                timers.o
    0x200011a0        -       0x000006b8   Zero   RW         4416    .bss                cmsis_os2.o
    0x20001858        -       0x00003c00   Zero   RW         4862    .bss                heap_4.o
    0x20005458        -       0x00000060   Zero   RW         5095    .bss                c_w.l(libspace.o)
    0x200054b8        -       0x00000200   Zero   RW            2    HEAP                startup_stm32f411xe.o
    0x200056b8        -       0x00000400   Zero   RW            1    STACK               startup_stm32f411xe.o


==============================================================================

Image component sizes


      Code (inc. data)   RO Data    RW Data    ZI Data      Debug   Object Name

       658         32          0          4       1720      68190   cmsis_os2.o
         0          0          0          0          0      19464   event_groups.o
      2724        634        318         52        350      11115   freertos.o
       148         12          0          0          0        947   gpio.o
       472         24          0         32      15360       4887   heap_4.o
       168         10          0          0        128     421979   key.o
       138          0          0          0          0       3566   list.o
       346         50          0          4       2048      14473   main.o
       786         82          0         12          0      11557   port.o
      2474         28          0          0         64      26532   queue.o
        64         26        408          0       1536        848   startup_stm32f411xe.o
        80         14          0         12          0       7966   stm32f4xx_hal.o
       158         14          0          0          0      33050   stm32f4xx_hal_cortex.o
       182          0          0          0          0       2111   stm32f4xx_hal_dma.o
       500         34          0          0          0       2843   stm32f4xx_hal_gpio.o
        56          4          0          0          0        874   stm32f4xx_hal_msp.o
      1408         82          0          0          0       5925   stm32f4xx_hal_rcc.o
      1048         48          0          0          0      10956   stm32f4xx_hal_tim.o
         4          0          0          0          0       1641   stm32f4xx_hal_tim_ex.o
       140         22          0          0         72       1440   stm32f4xx_hal_timebase_tim.o
      1368         16          0          0          0       9308   stm32f4xx_hal_uart.o
        48         18          0          0          0       4268   stm32f4xx_it.o
         0          0          0          0          0        384   stream_buffer.o
        16          4         24          4          0       1139   system_stm32f4xx.o
      2372        192          0         60       1220      29581   tasks.o
       136         18          0          0         72       1630   tim.o
       972         80          0         20        280      32179   timers.o
       202         26          0          4         72       4018   usart.o

    ----------------------------------------------------------------------
     16708       1470        784        204      22924     732871   Object Totals
         0          0         32          0          0          0   (incl. Generated)
        40          0          2          0          2          0   (incl. Padding)

    ----------------------------------------------------------------------

      Code (inc. data)   RO Data    RW Data    ZI Data      Debug   Library Member Name

         8          0          0          0          0         68   __main.o
       104          0          0          0          0         84   __printf.o
         0          0          0          0          0          0   __rtentry.o
        12          0          0          0          0          0   __rtentry2.o
         6          0          0          0          0          0   __rtentry4.o
        52          8          0          0          0          0   __scatter.o
        26          0          0          0          0          0   __scatter_copy.o
        28          0          0          0          0          0   __scatter_zi.o
         6          0          0          0          0          0   _printf_c.o
        44          0          0          0          0        108   _printf_char.o
        48          6          0          0          0         96   _printf_char_common.o
        36          4          0          0          0         80   _printf_char_file.o
         6          0          0          0          0          0   _printf_d.o
       120         16          0          0          0         92   _printf_dec.o
       178          0          0          0          0         88   _printf_intcommon.o
         0          0          0          0          0          0   _printf_percent.o
         4          0          0          0          0          0   _printf_percent_end.o
        82          0          0          0          0         80   _printf_str.o
        16          0          0          0          0         68   aeabi_memset.o
        18          0          0          0          0         80   exit.o
         8          0          0          0          0         68   ferror.o
         6          0          0          0          0        152   heapauxi.o
         2          0          0          0          0          0   libinit.o
         6          0          0          0          0          0   libinit2.o
         2          0          0          0          0          0   libshutdown.o
         2          0          0          0          0          0   libshutdown2.o
         8          4          0          0         96         68   libspace.o
       238          0          0          0          0        100   lludivv7m.o
        24          4          0          0          0         84   noretval__2printf.o
        68          0          0          0          0         68   rt_memclr.o
        78          0          0          0          0         80   rt_memclr_w.o
       138          0          0          0          0         68   rt_memcpy_v6.o
       100          0          0          0          0         80   rt_memcpy_w.o
         2          0          0          0          0          0   rtexit.o
        10          0          0          0          0          0   rtexit2.o
        74          0          0          0          0         80   sys_stackheap_outer.o
         2          0          0          0          0         68   use_no_semi.o
         2          0          0          0          0         68   use_no_semi_2.o
        10          0          0          0          0        116   fpinit.o

    ----------------------------------------------------------------------
      1584         42          0          0         96       1944   Library Totals
        10          0          0          0          0          0   (incl. Padding)

    ----------------------------------------------------------------------

      Code (inc. data)   RO Data    RW Data    ZI Data      Debug   Library Name

      1564         42          0          0         96       1828   c_w.l
        10          0          0          0          0        116   fz_wm.l

    ----------------------------------------------------------------------
      1584         42          0          0         96       1944   Library Totals

    ----------------------------------------------------------------------

==============================================================================


      Code (inc. data)   RO Data    RW Data    ZI Data      Debug   

     18292       1512        784        204      23020     717979   Grand Totals
     18292       1512        784        204      23020     717979   ELF Image Totals
     18292       1512        784        204          0          0   ROM Totals

==============================================================================

    Total RO  Size (Code + RO Data)                19076 (  18.63kB)
    Total RW  Size (RW Data + ZI Data)             23224 (  22.68kB)
    Total ROM Size (Code + RO Data + RW Data)      19280 (  18.83kB)

==============================================================================

