<html>
<body>
<pre>
<h1>�Vision Build Log</h1>
<h2>Tool Versions:</h2>
IDE-Version: ��Vision V5.35.0.0
Copyright (C) 2021 ARM Ltd and ARM Germany GmbH. All rights reserved.
License Information: Y HL, UESTC, LIC=TIVNB-2EXVS-VE6HA-1CMTE-P41UW-YNS2M
 
Tool Versions:
Toolchain:       MDK-ARM Plus  Version: 5.35.0.2
Toolchain Path:  D:\keil\ARM\ARMCC\Bin
C Compiler:      Armcc.exe V5.06 update 7 (build 960)
Assembler:       Armasm.exe V5.06 update 7 (build 960)
Linker/Locator:  ArmLink.exe V5.06 update 7 (build 960)
Library Manager: ArmAr.exe V5.06 update 7 (build 960)
Hex Converter:   FromElf.exe V5.06 update 7 (build 960)
CPU DLL:         SARMCM3.DLL V5.35.0.2
Dialog DLL:      DCM.DLL V1.17.3.0
Target DLL:      STLink\ST-LINKIII-KEIL_SWO.dll V3.0.9.0
Dialog DLL:      TCM.DLL V1.53.0.0
 
<h2>Project:</h2>
D:\WorkSpace\MX\Freertos_caesar_password\MDK-ARM\Freertos_caesar_password.uvprojx
Project File Date:  04/18/2024

<h2>Output:</h2>
*** Using Compiler 'V5.06 update 7 (build 960)', folder: 'D:\keil\ARM\ARMCC\Bin'
Rebuild target 'Freertos_caesar_password'
assembling startup_stm32f411xe.s...
compiling gpio.c...
compiling tim.c...
compiling usart.c...
compiling KEY.c...
Users\KEY.h(45): warning:  #1-D: last line of file ends without a newline
  #endif /* __KEY_H_ */
Users\KEY.c(54): warning:  #188-D: enumerated type mixed with another type
  	Keys[num].Flag = 0;
Users\KEY.c(197): warning:  #1-D: last line of file ends without a newline
  }
Users\KEY.c: 3 warnings, 0 errors
compiling stm32f4xx_hal_timebase_tim.c...
compiling stm32f4xx_hal_flash_ex.c...
compiling stm32f4xx_it.c...
compiling stm32f4xx_hal_msp.c...
compiling main.c...
compiling stm32f4xx_hal_flash.c...
compiling stm32f4xx_hal_flash_ramfunc.c...
compiling stm32f4xx_hal_rcc_ex.c...
compiling stm32f4xx_hal_rcc.c...
compiling freertos.c...
./Users/KEY.h(45): warning:  #1-D: last line of file ends without a newline
  #endif /* __KEY_H_ */
../Core/Src/freertos.c(519): warning:  #223-D: function "memset" declared implicitly
        memset(Receive_morse, 0, 50);
../Core/Src/freertos.c(578): warning:  #223-D: function "memset" declared implicitly
        memset(RxBuffer, 0, 2048);                         // 清空接收数组
../Core/Src/freertos.c(713): warning:  #223-D: function "memset" declared implicitly
          memset(Transmit_morse, 0, Transmit_morse_len);
../Core/Src/freertos.c(722): warning:  #111-D: statement is unreachable
    vTaskDelete(NULL);
../Core/Src/freertos.c(792): warning:  #111-D: statement is unreachable
    vTaskDelete(NULL);
../Core/Src/freertos.c: 6 warnings, 0 errors
compiling croutine.c...
compiling event_groups.c...
compiling list.c...
compiling queue.c...
compiling stream_buffer.c...
compiling timers.c...
compiling tasks.c...
compiling stm32f4xx_hal_gpio.c...
compiling stm32f4xx_hal_pwr.c...
compiling stm32f4xx_hal.c...
compiling system_stm32f4xx.c...
compiling stm32f4xx_hal_pwr_ex.c...
compiling stm32f4xx_hal_cortex.c...
compiling stm32f4xx_hal_dma.c...
compiling stm32f4xx_hal_exti.c...
compiling heap_4.c...
compiling stm32f4xx_hal_dma_ex.c...
compiling port.c...
compiling stm32f4xx_hal_tim_ex.c...
compiling stm32f4xx_hal_uart.c...
compiling stm32f4xx_hal_tim.c...
compiling cmsis_os2.c...
linking...
Program Size: Code=18936 RO-data=764 RW-data=204 ZI-data=24252  
FromELF: creating hex file...
"Freertos_caesar_password\Freertos_caesar_password.axf" - 0 Error(s), 9 Warning(s).

<h2>Software Packages used:</h2>

Package Vendor: ARM
                http://www.keil.com/pack/ARM.CMSIS.5.8.0.pack
                ARM.CMSIS.5.8.0
                CMSIS (Common Microcontroller Software Interface Standard)
   * Component: CORE Version: 5.5.0

Package Vendor: Keil
                http://www.keil.com/pack/Keil.STM32F4xx_DFP.2.15.0.pack
                Keil.STM32F4xx_DFP.2.15.0
                STMicroelectronics STM32F4 Series Device Support, Drivers and Examples

<h2>Collection of Component include folders:</h2>
  .\RTE\_Freertos_caesar_password
  C:\Users\27974\AppData\Local\Arm\Packs\ARM\CMSIS\5.8.0\CMSIS\Core\Include
  C:\Users\27974\AppData\Local\Arm\Packs\Keil\STM32F4xx_DFP\2.15.0\Drivers\CMSIS\Device\ST\STM32F4xx\Include

<h2>Collection of Component Files used:</h2>

   * Component: ARM::CMSIS:CORE:5.5.0
      Include file:  CMSIS\Core\Include\tz_context.h
Build Time Elapsed:  00:00:06
</pre>
</body>
</html>
